Archive member included to satisfy reference by file (symbol)

/usr/lib/gcc/arm-none-eabi/12.2.1/thumb/v7e-m+fp/hard/libgcc.a(_aeabi_uldivmod.o)
                              cmake/stm32cubemx/CMakeFiles/STM32_Drivers.dir/home/buddy/STM32Cube/Repository/STM32Cube_FW_F4_V1.28.3/Drivers/STM32F4xx_HAL_Driver/Src/stm32f4xx_hal_rcc.c.obj (__aeabi_uldivmod)
/usr/lib/gcc/arm-none-eabi/12.2.1/thumb/v7e-m+fp/hard/libgcc.a(_udivmoddi4.o)
                              /usr/lib/gcc/arm-none-eabi/12.2.1/thumb/v7e-m+fp/hard/libgcc.a(_aeabi_uldivmod.o) (__udivmoddi4)
/usr/lib/gcc/arm-none-eabi/12.2.1/thumb/v7e-m+fp/hard/libgcc.a(_dvmd_tls.o)
                              /usr/lib/gcc/arm-none-eabi/12.2.1/thumb/v7e-m+fp/hard/libgcc.a(_aeabi_uldivmod.o) (__aeabi_ldiv0)
/usr/lib/gcc/arm-none-eabi/12.2.1/../../../arm-none-eabi/lib/thumb/v7e-m+fp/hard/libg_nano.a(lib_a-atexit.o)
                              /usr/lib/gcc/arm-none-eabi/12.2.1/../../../arm-none-eabi/lib/thumb/v7e-m+fp/hard/crt0.o (atexit)
/usr/lib/gcc/arm-none-eabi/12.2.1/../../../arm-none-eabi/lib/thumb/v7e-m+fp/hard/libg_nano.a(lib_a-errno.o)
                              CMakeFiles/sodiumBMS.dir/Core/Src/sysmem.c.obj (__errno)
/usr/lib/gcc/arm-none-eabi/12.2.1/../../../arm-none-eabi/lib/thumb/v7e-m+fp/hard/libg_nano.a(lib_a-exit.o)
                              /usr/lib/gcc/arm-none-eabi/12.2.1/../../../arm-none-eabi/lib/thumb/v7e-m+fp/hard/crt0.o (exit)
/usr/lib/gcc/arm-none-eabi/12.2.1/../../../arm-none-eabi/lib/thumb/v7e-m+fp/hard/libg_nano.a(lib_a-fini.o)
                              /usr/lib/gcc/arm-none-eabi/12.2.1/../../../arm-none-eabi/lib/thumb/v7e-m+fp/hard/crt0.o (__libc_fini_array)
/usr/lib/gcc/arm-none-eabi/12.2.1/../../../arm-none-eabi/lib/thumb/v7e-m+fp/hard/libg_nano.a(lib_a-impure.o)
                              /usr/lib/gcc/arm-none-eabi/12.2.1/../../../arm-none-eabi/lib/thumb/v7e-m+fp/hard/libg_nano.a(lib_a-exit.o) (_global_impure_ptr)
/usr/lib/gcc/arm-none-eabi/12.2.1/../../../arm-none-eabi/lib/thumb/v7e-m+fp/hard/libg_nano.a(lib_a-init.o)
                              /usr/lib/gcc/arm-none-eabi/12.2.1/../../../arm-none-eabi/lib/thumb/v7e-m+fp/hard/crt0.o (__libc_init_array)
/usr/lib/gcc/arm-none-eabi/12.2.1/../../../arm-none-eabi/lib/thumb/v7e-m+fp/hard/libg_nano.a(lib_a-memset.o)
                              /usr/lib/gcc/arm-none-eabi/12.2.1/../../../arm-none-eabi/lib/thumb/v7e-m+fp/hard/crt0.o (memset)
/usr/lib/gcc/arm-none-eabi/12.2.1/../../../arm-none-eabi/lib/thumb/v7e-m+fp/hard/libg_nano.a(lib_a-sprintf.o)
                              CMakeFiles/sodiumBMS.dir/Core/Src/main.c.obj (sprintf)
/usr/lib/gcc/arm-none-eabi/12.2.1/../../../arm-none-eabi/lib/thumb/v7e-m+fp/hard/libg_nano.a(lib_a-strlen.o)
                              CMakeFiles/sodiumBMS.dir/Core/Src/main.c.obj (strlen)
/usr/lib/gcc/arm-none-eabi/12.2.1/../../../arm-none-eabi/lib/thumb/v7e-m+fp/hard/libg_nano.a(lib_a-__atexit.o)
                              /usr/lib/gcc/arm-none-eabi/12.2.1/../../../arm-none-eabi/lib/thumb/v7e-m+fp/hard/libg_nano.a(lib_a-atexit.o) (__register_exitproc)
/usr/lib/gcc/arm-none-eabi/12.2.1/../../../arm-none-eabi/lib/thumb/v7e-m+fp/hard/libg_nano.a(lib_a-__call_atexit.o)
                              /usr/lib/gcc/arm-none-eabi/12.2.1/../../../arm-none-eabi/lib/thumb/v7e-m+fp/hard/libg_nano.a(lib_a-__atexit.o) (__call_exitprocs)
/usr/lib/gcc/arm-none-eabi/12.2.1/../../../arm-none-eabi/lib/thumb/v7e-m+fp/hard/libg_nano.a(lib_a-nano-svfprintf.o)
                              /usr/lib/gcc/arm-none-eabi/12.2.1/../../../arm-none-eabi/lib/thumb/v7e-m+fp/hard/libg_nano.a(lib_a-sprintf.o) (_svfprintf_r)
/usr/lib/gcc/arm-none-eabi/12.2.1/../../../arm-none-eabi/lib/thumb/v7e-m+fp/hard/libg_nano.a(lib_a-nano-vfprintf_i.o)
                              /usr/lib/gcc/arm-none-eabi/12.2.1/../../../arm-none-eabi/lib/thumb/v7e-m+fp/hard/libg_nano.a(lib_a-nano-svfprintf.o) (_printf_i)
/usr/lib/gcc/arm-none-eabi/12.2.1/../../../arm-none-eabi/lib/thumb/v7e-m+fp/hard/libg_nano.a(lib_a-memchr.o)
                              /usr/lib/gcc/arm-none-eabi/12.2.1/../../../arm-none-eabi/lib/thumb/v7e-m+fp/hard/libg_nano.a(lib_a-nano-svfprintf.o) (memchr)
/usr/lib/gcc/arm-none-eabi/12.2.1/../../../arm-none-eabi/lib/thumb/v7e-m+fp/hard/libg_nano.a(lib_a-memcpy.o)
                              /usr/lib/gcc/arm-none-eabi/12.2.1/../../../arm-none-eabi/lib/thumb/v7e-m+fp/hard/libg_nano.a(lib_a-nano-svfprintf.o) (memcpy)
/usr/lib/gcc/arm-none-eabi/12.2.1/../../../arm-none-eabi/lib/thumb/v7e-m+fp/hard/libg_nano.a(lib_a-memmove.o)
                              /usr/lib/gcc/arm-none-eabi/12.2.1/../../../arm-none-eabi/lib/thumb/v7e-m+fp/hard/libg_nano.a(lib_a-nano-svfprintf.o) (memmove)
/usr/lib/gcc/arm-none-eabi/12.2.1/../../../arm-none-eabi/lib/thumb/v7e-m+fp/hard/libg_nano.a(lib_a-nano-freer.o)
                              /usr/lib/gcc/arm-none-eabi/12.2.1/../../../arm-none-eabi/lib/thumb/v7e-m+fp/hard/libg_nano.a(lib_a-nano-svfprintf.o) (_free_r)
[...]
Memory Configuration

Name             Origin             Length             Attributes
RAM              0x20000000         0x00020000         xrw
FLASH            0x08000000         0x00080000         xr
*default*        0x00000000         0xffffffff

Linker script and memory map

LOAD /usr/lib/gcc/arm-none-eabi/12.2.1/thumb/v7e-m+fp/hard/crti.o
LOAD /usr/lib/gcc/arm-none-eabi/12.2.1/thumb/v7e-m+fp/hard/crtbegin.o
LOAD /usr/lib/gcc/arm-none-eabi/12.2.1/../../../arm-none-eabi/lib/thumb/v7e-m+fp/hard/crt0.o
LOAD CMakeFiles/sodiumBMS.dir/Core/Src/main.c.obj
LOAD CMakeFiles/sodiumBMS.dir/Core/Src/stm32f4xx_it.c.obj
LOAD CMakeFiles/sodiumBMS.dir/Core/Src/stm32f4xx_hal_msp.c.obj
LOAD CMakeFiles/sodiumBMS.dir/Core/Src/sysmem.c.obj
LOAD CMakeFiles/sodiumBMS.dir/Core/Src/syscalls.c.obj
LOAD CMakeFiles/sodiumBMS.dir/startup_stm32f446xx.s.obj
LOAD cmake/stm32cubemx/CMakeFiles/STM32_Drivers.dir/__/__/Core/Src/system_stm32f4xx.c.obj
LOAD cmake/stm32cubemx/CMakeFiles/STM32_Drivers.dir/home/buddy/STM32Cube/Repository/STM32Cube_FW_F4_V1.28.3/Drivers/STM32F4xx_HAL_Driver/Src/stm32f4xx_hal_adc.c.obj
LOAD cmake/stm32cubemx/CMakeFiles/STM32_Drivers.dir/home/buddy/STM32Cube/Repository/STM32Cube_FW_F4_V1.28.3/Drivers/STM32F4xx_HAL_Driver/Src/stm32f4xx_hal_adc_ex.c.obj
LOAD cmake/stm32cubemx/CMakeFiles/STM32_Drivers.dir/home/buddy/STM32Cube/Repository/STM32Cube_FW_F4_V1.28.3/Drivers/STM32F4xx_HAL_Driver/Src/stm32f4xx_hal_rcc.c.obj
LOAD cmake/stm32cubemx/CMakeFiles/STM32_Drivers.dir/home/buddy/STM32Cube/Repository/STM32Cube_FW_F4_V1.28.3/Drivers/STM32F4xx_HAL_Driver/Src/stm32f4xx_hal_rcc_ex.c.obj
LOAD cmake/stm32cubemx/CMakeFiles/STM32_Drivers.dir/home/buddy/STM32Cube/Repository/STM32Cube_FW_F4_V1.28.3/Drivers/STM32F4xx_HAL_Driver/Src/stm32f4xx_hal_flash.c.obj
LOAD cmake/stm32cubemx/CMakeFiles/STM32_Drivers.dir/home/buddy/STM32Cube/Repository/STM32Cube_FW_F4_V1.28.3/Drivers/STM32F4xx_HAL_Driver/Src/stm32f4xx_hal_flash_ex.c.obj
LOAD cmake/stm32cubemx/CMakeFiles/STM32_Drivers.dir/home/buddy/STM32Cube/Repository/STM32Cube_FW_F4_V1.28.3/Drivers/STM32F4xx_HAL_Driver/Src/stm32f4xx_hal_flash_ramfunc.c.obj
LOAD cmake/stm32cubemx/CMakeFiles/STM32_Drivers.dir/home/buddy/STM32Cube/Repository/STM32Cube_FW_F4_V1.28.3/Drivers/STM32F4xx_HAL_Driver/Src/stm32f4xx_hal_gpio.c.obj
LOAD cmake/stm32cubemx/CMakeFiles/STM32_Drivers.dir/home/buddy/STM32Cube/Repository/STM32Cube_FW_F4_V1.28.3/Drivers/STM32F4xx_HAL_Driver/Src/stm32f4xx_hal_dma_ex.c.obj
LOAD cmake/stm32cubemx/CMakeFiles/STM32_Drivers.dir/home/buddy/STM32Cube/Repository/STM32Cube_FW_F4_V1.28.3/Drivers/STM32F4xx_HAL_Driver/Src/stm32f4xx_hal_dma.c.obj
LOAD cmake/stm32cubemx/CMakeFiles/STM32_Drivers.dir/home/buddy/STM32Cube/Repository/STM32Cube_FW_F4_V1.28.3/Drivers/STM32F4xx_HAL_Driver/Src/stm32f4xx_hal_pwr.c.obj
LOAD cmake/stm32cubemx/CMakeFiles/STM32_Drivers.dir/home/buddy/STM32Cube/Repository/STM32Cube_FW_F4_V1.28.3/Drivers/STM32F4xx_HAL_Driver/Src/stm32f4xx_hal_pwr_ex.c.obj
LOAD cmake/stm32cubemx/CMakeFiles/STM32_Drivers.dir/home/buddy/STM32Cube/Repository/STM32Cube_FW_F4_V1.28.3/Drivers/STM32F4xx_HAL_Driver/Src/stm32f4xx_hal_cortex.c.obj
LOAD cmake/stm32cubemx/CMakeFiles/STM32_Drivers.dir/home/buddy/STM32Cube/Repository/STM32Cube_FW_F4_V1.28.3/Drivers/STM32F4xx_HAL_Driver/Src/stm32f4xx_hal.c.obj
LOAD cmake/stm32cubemx/CMakeFiles/STM32_Drivers.dir/home/buddy/STM32Cube/Repository/STM32Cube_FW_F4_V1.28.3/Drivers/STM32F4xx_HAL_Driver/Src/stm32f4xx_hal_exti.c.obj
LOAD cmake/stm32cubemx/CMakeFiles/STM32_Drivers.dir/home/buddy/STM32Cube/Repository/STM32Cube_FW_F4_V1.28.3/Drivers/STM32F4xx_HAL_Driver/Src/stm32f4xx_hal_uart.c.obj
LOAD /usr/lib/gcc/arm-none-eabi/12.2.1/../../../arm-none-eabi/lib/thumb/v7e-m+fp/hard/libm.a
START GROUP
LOAD /usr/lib/gcc/arm-none-eabi/12.2.1/thumb/v7e-m+fp/hard/libgcc.a
LOAD /usr/lib/gcc/arm-none-eabi/12.2.1/../../../arm-none-eabi/lib/thumb/v7e-m+fp/hard/libg_nano.a
LOAD /usr/lib/gcc/arm-none-eabi/12.2.1/../../../arm-none-eabi/lib/thumb/v7e-m+fp/hard/libc_nano.a
END GROUP
START GROUP
LOAD /usr/lib/gcc/arm-none-eabi/12.2.1/thumb/v7e-m+fp/hard/libgcc.a
LOAD /usr/lib/gcc/arm-none-eabi/12.2.1/../../../arm-none-eabi/lib/thumb/v7e-m+fp/hard/libc_nano.a
END GROUP
LOAD /usr/lib/gcc/arm-none-eabi/12.2.1/thumb/v7e-m+fp/hard/crtend.o
LOAD /usr/lib/gcc/arm-none-eabi/12.2.1/thumb/v7e-m+fp/hard/crtn.o
                0x20020000                        _estack = (ORIGIN (RAM) + LENGTH (RAM))
                0x2001fc00                        _sstack = (_estack - _Min_Stack_Size)
                0x00000200                        _Min_Heap_Size = 0x200
                0x00000400                        _Min_Stack_Size = 0x400

.isr_vector     0x08000000      0x1c4
                0x08000000                        . = ALIGN (0x4)
 *(.isr_vector)
 .isr_vector    0x08000000      0x1c4 CMakeFiles/sodiumBMS.dir/startup_stm32f446xx.s.obj
                0x08000000                g_pfnVectors
                0x080001c4                        . = ALIGN (0x4)

.text           0x08000200     0x3eac
                0x08000200                        . = ALIGN (0x4)
 *(.text)
 .text          0x08000200       0x88 /usr/lib/gcc/arm-none-eabi/12.2.1/thumb/v7e-m+fp/hard/crtbegin.o
 .text          0x08000288       0x30 /usr/lib/gcc/arm-none-eabi/12.2.1/thumb/v7e-m+fp/hard/libgcc.a(_aeabi_uldivmod.o)
                0x08000288                __aeabi_uldivmod
 .text          0x080002b8      0x2bc /usr/lib/gcc/arm-none-eabi/12.2.1/thumb/v7e-m+fp/hard/libgcc.a(_udivmoddi4.o)
                0x080002b8                __udivmoddi4
 .text          0x08000574        0x4 /usr/lib/gcc/arm-none-eabi/12.2.1/thumb/v7e-m+fp/hard/libgcc.a(_dvmd_tls.o)
                0x08000574                __aeabi_ldiv0
                0x08000574                __aeabi_idiv0
 .text          0x08000578        0xc /usr/lib/gcc/arm-none-eabi/12.2.1/../../../arm-none-eabi/lib/thumb/v7e-m+fp/hard/libg_nano.a(lib_a-errno.o)
                0x08000578                __errno
 .text          0x08000584       0x50 /usr/lib/gcc/arm-none-eabi/12.2.1/../../../arm-none-eabi/lib/thumb/v7e-m+fp/hard/libg_nano.a(lib_a-init.o)
                0x08000584                __libc_init_array
 .text          0x080005d4       0xa4 /usr/lib/gcc/arm-none-eabi/12.2.1/../../../arm-none-eabi/lib/thumb/v7e-m+fp/hard/libg_nano.a(lib_a-memset.o)
                0x080005d4                memset
 .text          0x08000678       0x78 /usr/lib/gcc/arm-none-eabi/12.2.1/../../../arm-none-eabi/lib/thumb/v7e-m+fp/hard/libg_nano.a(lib_a-sprintf.o)
                0x08000678                _siprintf_r
                0x08000678                _sprintf_r
                0x080006b0                sprintf
                0x080006b0                siprintf
 *fill*         0x080006f0       0x10 
 .text          0x08000700       0xdc /usr/lib/gcc/arm-none-eabi/12.2.1/../../../arm-none-eabi/lib/thumb/v7e-m+fp/hard/libg_nano.a(lib_a-strlen.o)
                0x08000700                strlen
 .text          0x080007dc      0x3e8 /usr/lib/gcc/arm-none-eabi/12.2.1/../../../arm-none-eabi/lib/thumb/v7e-m+fp/hard/libg_nano.a(lib_a-nano-svfprintf.o)
                0x080007dc                __ssputs_r
                0x080008a0                __ssprint_r
                0x0800099c                _svfprintf_r
                0x0800099c                _svfiprintf_r
 .text          0x08000bc4      0x3d0 /usr/lib/gcc/arm-none-eabi/12.2.1/../../../arm-none-eabi/lib/thumb/v7e-m+fp/hard/libg_nano.a(lib_a-nano-vfprintf_i.o)
                0x08000bc4                _printf_common
                0x08000cec                _printf_i
 *fill*         0x08000f94        0xc 
 .text          0x08000fa0       0xa0 /usr/lib/gcc/arm-none-eabi/12.2.1/../../../arm-none-eabi/lib/thumb/v7e-m+fp/hard/libg_nano.a(lib_a-memchr.o)
                0x08000fa0                memchr
 .text          0x08001040      0x134 /usr/lib/gcc/arm-none-eabi/12.2.1/../../../arm-none-eabi/lib/thumb/v7e-m+fp/hard/libg_nano.a(lib_a-memcpy.o)
                0x08001040                memcpy
 .text          0x08001174      0x100 /usr/lib/gcc/arm-none-eabi/12.2.1/../../../arm-none-eabi/lib/thumb/v7e-m+fp/hard/libg_nano.a(lib_a-memmove.o)
                0x08001174                memmove
 .text          0x08001274       0xbc /usr/lib/gcc/arm-none-eabi/12.2.1/../../../arm-none-eabi/lib/thumb/v7e-m+fp/hard/libg_nano.a(lib_a-nano-freer.o)
                0x08001274                _free_r
 .text          0x08001330       0xb4 /usr/lib/gcc/arm-none-eabi/12.2.1/../../../arm-none-eabi/lib/thumb/v7e-m+fp/hard/libg_nano.a(lib_a-nano-mallocr.o)
                0x08001330                _malloc_r
 .text          0x080013e4       0x50 /usr/lib/gcc/arm-none-eabi/12.2.1/../../../arm-none-eabi/lib/thumb/v7e-m+fp/hard/libg_nano.a(lib_a-nano-reallocr.o)
                0x080013e4                _realloc_r
 .text          0x08001434       0x24 /usr/lib/gcc/arm-none-eabi/12.2.1/../../../arm-none-eabi/lib/thumb/v7e-m+fp/hard/libg_nano.a(lib_a-sbrkr.o)
                0x08001434                _sbrk_r
 .text          0x08001458        0x8 /usr/lib/gcc/arm-none-eabi/12.2.1/../../../arm-none-eabi/lib/thumb/v7e-m+fp/hard/libg_nano.a(lib_a-mlock.o)
                0x08001458                __malloc_lock
                0x0800145c                __malloc_unlock
 .text          0x08001460       0x14 /usr/lib/gcc/arm-none-eabi/12.2.1/../../../arm-none-eabi/lib/thumb/v7e-m+fp/hard/libg_nano.a(lib_a-nano-msizer.o)
                0x08001460                _malloc_usable_size_r
 *(.text*)
 .text.main     0x08001474      0x10c CMakeFiles/sodiumBMS.dir/Core/Src/main.c.obj
                0x08001474                main
 .text.SystemClock_Config
                0x08001580       0xc0 CMakeFiles/sodiumBMS.dir/Core/Src/main.c.obj
                0x08001580                SystemClock_Config
 .text.MX_ADC1_Init
                0x08001640       0xa4 CMakeFiles/sodiumBMS.dir/Core/Src/main.c.obj
 .text.MX_ADC2_Init
                0x080016e4       0xa4 CMakeFiles/sodiumBMS.dir/Core/Src/main.c.obj
 .text.MX_USART2_UART_Init
                0x08001788       0x54 CMakeFiles/sodiumBMS.dir/Core/Src/main.c.obj
 .text.MX_DMA_Init
                0x080017dc       0x40 CMakeFiles/sodiumBMS.dir/Core/Src/main.c.obj
 .text.MX_GPIO_Init
                0x0800181c       0xa4 CMakeFiles/sodiumBMS.dir/Core/Src/main.c.obj
 .text.Error_Handler
                0x080018c0        0xc CMakeFiles/sodiumBMS.dir/Core/Src/main.c.obj
                0x080018c0                Error_Handler
 .text.NMI_Handler
                0x080018cc        0x8 CMakeFiles/sodiumBMS.dir/Core/Src/stm32f4xx_it.c.obj
                0x080018cc                NMI_Handler
 .text.HardFault_Handler
                0x080018d4        0x8 CMakeFiles/sodiumBMS.dir/Core/Src/stm32f4xx_it.c.obj
                0x080018d4                HardFault_Handler
 .text.MemManage_Handler
                0x080018dc        0x8 CMakeFiles/sodiumBMS.dir/Core/Src/stm32f4xx_it.c.obj
                0x080018dc                MemManage_Handler
 .text.BusFault_Handler
                0x080018e4        0x8 CMakeFiles/sodiumBMS.dir/Core/Src/stm32f4xx_it.c.obj
                0x080018e4                BusFault_Handler
 .text.UsageFault_Handler
                0x080018ec        0x8 CMakeFiles/sodiumBMS.dir/Core/Src/stm32f4xx_it.c.obj
                0x080018ec                UsageFault_Handler
 .text.SVC_Handler
                0x080018f4        0xe CMakeFiles/sodiumBMS.dir/Core/Src/stm32f4xx_it.c.obj
                0x080018f4                SVC_Handler
 .text.DebugMon_Handler
                0x08001902        0xe CMakeFiles/sodiumBMS.dir/Core/Src/stm32f4xx_it.c.obj
                0x08001902                DebugMon_Handler
 .text.PendSV_Handler
                0x08001910        0xe CMakeFiles/sodiumBMS.dir/Core/Src/stm32f4xx_it.c.obj
                0x08001910                PendSV_Handler
 .text.SysTick_Handler
                0x0800191e        0xc CMakeFiles/sodiumBMS.dir/Core/Src/stm32f4xx_it.c.obj
                0x0800191e                SysTick_Handler
 *fill*         0x0800192a        0x2 
 .text.DMA2_Stream0_IRQHandler
                0x0800192c       0x14 CMakeFiles/sodiumBMS.dir/Core/Src/stm32f4xx_it.c.obj
                0x0800192c                DMA2_Stream0_IRQHandler
 .text.HAL_MspInit
                0x08001940       0x50 CMakeFiles/sodiumBMS.dir/Core/Src/stm32f4xx_hal_msp.c.obj
                0x08001940                HAL_MspInit
 .text.HAL_ADC_MspInit
                0x08001990      0x150 CMakeFiles/sodiumBMS.dir/Core/Src/stm32f4xx_hal_msp.c.obj
                0x08001990                HAL_ADC_MspInit
 .text.HAL_UART_MspInit
                0x08001ae0       0x90 CMakeFiles/sodiumBMS.dir/Core/Src/stm32f4xx_hal_msp.c.obj
                0x08001ae0                HAL_UART_MspInit
 .text._sbrk    0x08001b70       0x6c CMakeFiles/sodiumBMS.dir/Core/Src/sysmem.c.obj
                0x08001b70                _sbrk
 .text.Reset_Handler
                0x08001bdc       0x50 CMakeFiles/sodiumBMS.dir/startup_stm32f446xx.s.obj
                0x08001bdc                Reset_Handler
 .text.Default_Handler
                0x08001c2c        0x2 CMakeFiles/sodiumBMS.dir/startup_stm32f446xx.s.obj
                0x08001c2c                RTC_Alarm_IRQHandler
                0x08001c2c                EXTI2_IRQHandler
                0x08001c2c                TIM8_CC_IRQHandler
                0x08001c2c                FMPI2C1_EV_IRQHandler
                0x08001c2c                SPI4_IRQHandler
                0x08001c2c                TIM1_CC_IRQHandler
                0x08001c2c                DMA2_Stream5_IRQHandler
                0x08001c2c                DMA1_Stream5_IRQHandler
                0x08001c2c                PVD_IRQHandler
                0x08001c2c                SDIO_IRQHandler
                0x08001c2c                TAMP_STAMP_IRQHandler
                0x08001c2c                CAN2_RX1_IRQHandler
                0x08001c2c                EXTI3_IRQHandler
                0x08001c2c                TIM8_TRG_COM_TIM14_IRQHandler
                0x08001c2c                TIM1_UP_TIM10_IRQHandler
                0x08001c2c                TIM8_UP_TIM13_IRQHandler
                0x08001c2c                I2C3_ER_IRQHandler
                0x08001c2c                EXTI0_IRQHandler
                0x08001c2c                I2C2_EV_IRQHandler
                0x08001c2c                DMA1_Stream2_IRQHandler
                0x08001c2c                CAN1_RX0_IRQHandler
                0x08001c2c                FPU_IRQHandler
                0x08001c2c                OTG_HS_WKUP_IRQHandler
                0x08001c2c                CAN2_SCE_IRQHandler
                0x08001c2c                DMA2_Stream2_IRQHandler
                0x08001c2c                SPI1_IRQHandler
                0x08001c2c                TIM6_DAC_IRQHandler
                0x08001c2c                TIM1_BRK_TIM9_IRQHandler
                0x08001c2c                DCMI_IRQHandler
                0x08001c2c                CAN2_RX0_IRQHandler
                0x08001c2c                DMA2_Stream3_IRQHandler
                0x08001c2c                SAI2_IRQHandler
                0x08001c2c                USART6_IRQHandler
                0x08001c2c                USART3_IRQHandler
                0x08001c2c                CAN1_RX1_IRQHandler
                0x08001c2c                UART5_IRQHandler
                0x08001c2c                TIM4_IRQHandler
                0x08001c2c                QUADSPI_IRQHandler
                0x08001c2c                I2C1_EV_IRQHandler
                0x08001c2c                DMA1_Stream6_IRQHandler
                0x08001c2c                DMA1_Stream1_IRQHandler
                0x08001c2c                UART4_IRQHandler
                0x08001c2c                TIM3_IRQHandler
                0x08001c2c                RCC_IRQHandler
                0x08001c2c                TIM8_BRK_TIM12_IRQHandler
                0x08001c2c                Default_Handler
                0x08001c2c                CEC_IRQHandler
                0x08001c2c                EXTI15_10_IRQHandler
                0x08001c2c                ADC_IRQHandler
                0x08001c2c                DMA1_Stream7_IRQHandler
                0x08001c2c                TIM7_IRQHandler
                0x08001c2c                CAN2_TX_IRQHandler
                0x08001c2c                TIM5_IRQHandler
                0x08001c2c                DMA2_Stream7_IRQHandler
                0x08001c2c                I2C3_EV_IRQHandler
                0x08001c2c                EXTI9_5_IRQHandler
                0x08001c2c                RTC_WKUP_IRQHandler
                0x08001c2c                SPDIF_RX_IRQHandler
                0x08001c2c                SPI2_IRQHandler
                0x08001c2c                OTG_HS_EP1_IN_IRQHandler
                0x08001c2c                DMA1_Stream0_IRQHandler
                0x08001c2c                CAN1_TX_IRQHandler
                0x08001c2c                FMPI2C1_ER_IRQHandler
                0x08001c2c                EXTI4_IRQHandler
                0x08001c2c                OTG_HS_EP1_OUT_IRQHandler
                0x08001c2c                WWDG_IRQHandler
                0x08001c2c                TIM2_IRQHandler
                0x08001c2c                OTG_FS_WKUP_IRQHandler
                0x08001c2c                TIM1_TRG_COM_TIM11_IRQHandler
                0x08001c2c                OTG_HS_IRQHandler
                0x08001c2c                EXTI1_IRQHandler
                0x08001c2c                USART2_IRQHandler
                0x08001c2c                I2C2_ER_IRQHandler
                0x08001c2c                DMA2_Stream1_IRQHandler
                0x08001c2c                CAN1_SCE_IRQHandler
                0x08001c2c                FLASH_IRQHandler
                0x08001c2c                DMA2_Stream4_IRQHandler
                0x08001c2c                USART1_IRQHandler
                0x08001c2c                OTG_FS_IRQHandler
                0x08001c2c                SPI3_IRQHandler
                0x08001c2c                DMA1_Stream4_IRQHandler
                0x08001c2c                I2C1_ER_IRQHandler
                0x08001c2c                FMC_IRQHandler
                0x08001c2c                DMA2_Stream6_IRQHandler
                0x08001c2c                SAI1_IRQHandler
                0x08001c2c                DMA1_Stream3_IRQHandler
 *fill*         0x08001c2e        0x2 
 .text.SystemInit
                0x08001c30       0x24 cmake/stm32cubemx/CMakeFiles/STM32_Drivers.dir/__/__/Core/Src/system_stm32f4xx.c.obj
                0x08001c30                SystemInit
 .text.HAL_ADC_Init
                0x08001c54       0x86 cmake/stm32cubemx/CMakeFiles/STM32_Drivers.dir/home/buddy/STM32Cube/Repository/STM32Cube_FW_F4_V1.28.3/Drivers/STM32F4xx_HAL_Driver/Src/stm32f4xx_hal_adc.c.obj
                0x08001c54                HAL_ADC_Init
 *fill*         0x08001cda        0x2 
 .text.HAL_ADC_ConfigChannel
                0x08001cdc      0x264 cmake/stm32cubemx/CMakeFiles/STM32_Drivers.dir/home/buddy/STM32Cube/Repository/STM32Cube_FW_F4_V1.28.3/Drivers/STM32F4xx_HAL_Driver/Src/stm32f4xx_hal_adc.c.obj
                0x08001cdc                HAL_ADC_ConfigChannel
 .text.ADC_Init
                0x08001f40      0x1f8 cmake/stm32cubemx/CMakeFiles/STM32_Drivers.dir/home/buddy/STM32Cube/Repository/STM32Cube_FW_F4_V1.28.3/Drivers/STM32F4xx_HAL_Driver/Src/stm32f4xx_hal_adc.c.obj
 .text.HAL_RCC_ClockConfig
                0x08002138      0x1cc cmake/stm32cubemx/CMakeFiles/STM32_Drivers.dir/home/buddy/STM32Cube/Repository/STM32Cube_FW_F4_V1.28.3/Drivers/STM32F4xx_HAL_Driver/Src/stm32f4xx_hal_rcc.c.obj
                0x08002138                HAL_RCC_ClockConfig
 .text.HAL_RCC_GetHCLKFreq
                0x08002304       0x18 cmake/stm32cubemx/CMakeFiles/STM32_Drivers.dir/home/buddy/STM32Cube/Repository/STM32Cube_FW_F4_V1.28.3/Drivers/STM32F4xx_HAL_Driver/Src/stm32f4xx_hal_rcc.c.obj
                0x08002304                HAL_RCC_GetHCLKFreq
 .text.HAL_RCC_GetPCLK1Freq
                0x0800231c       0x28 cmake/stm32cubemx/CMakeFiles/STM32_Drivers.dir/home/buddy/STM32Cube/Repository/STM32Cube_FW_F4_V1.28.3/Drivers/STM32F4xx_HAL_Driver/Src/stm32f4xx_hal_rcc.c.obj
                0x0800231c                HAL_RCC_GetPCLK1Freq
 .text.HAL_RCC_GetPCLK2Freq
                0x08002344       0x28 cmake/stm32cubemx/CMakeFiles/STM32_Drivers.dir/home/buddy/STM32Cube/Repository/STM32Cube_FW_F4_V1.28.3/Drivers/STM32F4xx_HAL_Driver/Src/stm32f4xx_hal_rcc.c.obj
                0x08002344                HAL_RCC_GetPCLK2Freq
 .text.HAL_RCC_GetSysClockFreq
                0x0800236c      0x354 cmake/stm32cubemx/CMakeFiles/STM32_Drivers.dir/home/buddy/STM32Cube/Repository/STM32Cube_FW_F4_V1.28.3/Drivers/STM32F4xx_HAL_Driver/Src/stm32f4xx_hal_rcc_ex.c.obj
                0x0800236c                HAL_RCC_GetSysClockFreq
 .text.HAL_RCC_OscConfig
                0x080026c0      0x53c cmake/stm32cubemx/CMakeFiles/STM32_Drivers.dir/home/buddy/STM32Cube/Repository/STM32Cube_FW_F4_V1.28.3/Drivers/STM32F4xx_HAL_Driver/Src/stm32f4xx_hal_rcc_ex.c.obj
                0x080026c0                HAL_RCC_OscConfig
 .text.HAL_GPIO_Init
                0x08002bfc      0x328 cmake/stm32cubemx/CMakeFiles/STM32_Drivers.dir/home/buddy/STM32Cube/Repository/STM32Cube_FW_F4_V1.28.3/Drivers/STM32F4xx_HAL_Driver/Src/stm32f4xx_hal_gpio.c.obj
                0x08002bfc                HAL_GPIO_Init
 .text.HAL_GPIO_WritePin
                0x08002f24       0x32 cmake/stm32cubemx/CMakeFiles/STM32_Drivers.dir/home/buddy/STM32Cube/Repository/STM32Cube_FW_F4_V1.28.3/Drivers/STM32F4xx_HAL_Driver/Src/stm32f4xx_hal_gpio.c.obj
                0x08002f24                HAL_GPIO_WritePin
 *fill*         0x08002f56        0x2 
 .text.HAL_DMA_Init
                0x08002f58      0x15c cmake/stm32cubemx/CMakeFiles/STM32_Drivers.dir/home/buddy/STM32Cube/Repository/STM32Cube_FW_F4_V1.28.3/Drivers/STM32F4xx_HAL_Driver/Src/stm32f4xx_hal_dma.c.obj
                0x08002f58                HAL_DMA_Init
 .text.HAL_DMA_IRQHandler
                0x080030b4      0x314 cmake/stm32cubemx/CMakeFiles/STM32_Drivers.dir/home/buddy/STM32Cube/Repository/STM32Cube_FW_F4_V1.28.3/Drivers/STM32F4xx_HAL_Driver/Src/stm32f4xx_hal_dma.c.obj
                0x080030b4                HAL_DMA_IRQHandler
 .text.DMA_CalcBaseAndBitshift
                0x080033c8       0x6c cmake/stm32cubemx/CMakeFiles/STM32_Drivers.dir/home/buddy/STM32Cube/Repository/STM32Cube_FW_F4_V1.28.3/Drivers/STM32F4xx_HAL_Driver/Src/stm32f4xx_hal_dma.c.obj
 .text.DMA_CheckFifoParam
                0x08003434       0xf8 cmake/stm32cubemx/CMakeFiles/STM32_Drivers.dir/home/buddy/STM32Cube/Repository/STM32Cube_FW_F4_V1.28.3/Drivers/STM32F4xx_HAL_Driver/Src/stm32f4xx_hal_dma.c.obj
 .text.__NVIC_SetPriorityGrouping
                0x0800352c       0x48 cmake/stm32cubemx/CMakeFiles/STM32_Drivers.dir/home/buddy/STM32Cube/Repository/STM32Cube_FW_F4_V1.28.3/Drivers/STM32F4xx_HAL_Driver/Src/stm32f4xx_hal_cortex.c.obj
 .text.__NVIC_GetPriorityGrouping
                0x08003574       0x1c cmake/stm32cubemx/CMakeFiles/STM32_Drivers.dir/home/buddy/STM32Cube/Repository/STM32Cube_FW_F4_V1.28.3/Drivers/STM32F4xx_HAL_Driver/Src/stm32f4xx_hal_cortex.c.obj
 .text.__NVIC_EnableIRQ
                0x08003590       0x3c cmake/stm32cubemx/CMakeFiles/STM32_Drivers.dir/home/buddy/STM32Cube/Repository/STM32Cube_FW_F4_V1.28.3/Drivers/STM32F4xx_HAL_Driver/Src/stm32f4xx_hal_cortex.c.obj
 .text.__NVIC_SetPriority
                0x080035cc       0x54 cmake/stm32cubemx/CMakeFiles/STM32_Drivers.dir/home/buddy/STM32Cube/Repository/STM32Cube_FW_F4_V1.28.3/Drivers/STM32F4xx_HAL_Driver/Src/stm32f4xx_hal_cortex.c.obj
 .text.NVIC_EncodePriority
                0x08003620       0x66 cmake/stm32cubemx/CMakeFiles/STM32_Drivers.dir/home/buddy/STM32Cube/Repository/STM32Cube_FW_F4_V1.28.3/Drivers/STM32F4xx_HAL_Driver/Src/stm32f4xx_hal_cortex.c.obj
 *fill*         0x08003686        0x2 
 .text.SysTick_Config
                0x08003688       0x44 cmake/stm32cubemx/CMakeFiles/STM32_Drivers.dir/home/buddy/STM32Cube/Repository/STM32Cube_FW_F4_V1.28.3/Drivers/STM32F4xx_HAL_Driver/Src/stm32f4xx_hal_cortex.c.obj
 .text.HAL_NVIC_SetPriorityGrouping
                0x080036cc       0x16 cmake/stm32cubemx/CMakeFiles/STM32_Drivers.dir/home/buddy/STM32Cube/Repository/STM32Cube_FW_F4_V1.28.3/Drivers/STM32F4xx_HAL_Driver/Src/stm32f4xx_hal_cortex.c.obj
                0x080036cc                HAL_NVIC_SetPriorityGrouping
 .text.HAL_NVIC_SetPriority
                0x080036e2       0x38 cmake/stm32cubemx/CMakeFiles/STM32_Drivers.dir/home/buddy/STM32Cube/Repository/STM32Cube_FW_F4_V1.28.3/Drivers/STM32F4xx_HAL_Driver/Src/stm32f4xx_hal_cortex.c.obj
                0x080036e2                HAL_NVIC_SetPriority
 .text.HAL_NVIC_EnableIRQ
                0x0800371a       0x1c cmake/stm32cubemx/CMakeFiles/STM32_Drivers.dir/home/buddy/STM32Cube/Repository/STM32Cube_FW_F4_V1.28.3/Drivers/STM32F4xx_HAL_Driver/Src/stm32f4xx_hal_cortex.c.obj
                0x0800371a                HAL_NVIC_EnableIRQ
 .text.HAL_SYSTICK_Config
                0x08003736       0x18 cmake/stm32cubemx/CMakeFiles/STM32_Drivers.dir/home/buddy/STM32Cube/Repository/STM32Cube_FW_F4_V1.28.3/Drivers/STM32F4xx_HAL_Driver/Src/stm32f4xx_hal_cortex.c.obj
                0x08003736                HAL_SYSTICK_Config
 *fill*         0x0800374e        0x2 
 .text.HAL_Init
                0x08003750       0x44 cmake/stm32cubemx/CMakeFiles/STM32_Drivers.dir/home/buddy/STM32Cube/Repository/STM32Cube_FW_F4_V1.28.3/Drivers/STM32F4xx_HAL_Driver/Src/stm32f4xx_hal.c.obj
                0x08003750                HAL_Init
 .text.HAL_InitTick
                0x08003794       0x60 cmake/stm32cubemx/CMakeFiles/STM32_Drivers.dir/home/buddy/STM32Cube/Repository/STM32Cube_FW_F4_V1.28.3/Drivers/STM32F4xx_HAL_Driver/Src/stm32f4xx_hal.c.obj
                0x08003794                HAL_InitTick
 .text.HAL_IncTick
                0x080037f4       0x28 cmake/stm32cubemx/CMakeFiles/STM32_Drivers.dir/home/buddy/STM32Cube/Repository/STM32Cube_FW_F4_V1.28.3/Drivers/STM32F4xx_HAL_Driver/Src/stm32f4xx_hal.c.obj
                0x080037f4                HAL_IncTick
 .text.HAL_GetTick
                0x0800381c       0x18 cmake/stm32cubemx/CMakeFiles/STM32_Drivers.dir/home/buddy/STM32Cube/Repository/STM32Cube_FW_F4_V1.28.3/Drivers/STM32F4xx_HAL_Driver/Src/stm32f4xx_hal.c.obj
                0x0800381c                HAL_GetTick
 .text.HAL_Delay
                0x08003834       0x48 cmake/stm32cubemx/CMakeFiles/STM32_Drivers.dir/home/buddy/STM32Cube/Repository/STM32Cube_FW_F4_V1.28.3/Drivers/STM32F4xx_HAL_Driver/Src/stm32f4xx_hal.c.obj
                0x08003834                HAL_Delay
 .text.HAL_UART_Init
                0x0800387c       0xa0 cmake/stm32cubemx/CMakeFiles/STM32_Drivers.dir/home/buddy/STM32Cube/Repository/STM32Cube_FW_F4_V1.28.3/Drivers/STM32F4xx_HAL_Driver/Src/stm32f4xx_hal_uart.c.obj
                0x0800387c                HAL_UART_Init
 .text.HAL_UART_Transmit
                0x0800391c      0x116 cmake/stm32cubemx/CMakeFiles/STM32_Drivers.dir/home/buddy/STM32Cube/Repository/STM32Cube_FW_F4_V1.28.3/Drivers/STM32F4xx_HAL_Driver/Src/stm32f4xx_hal_uart.c.obj
                0x0800391c                HAL_UART_Transmit
 .text.UART_WaitOnFlagUntilTimeout
                0x08003a32       0xb2 cmake/stm32cubemx/CMakeFiles/STM32_Drivers.dir/home/buddy/STM32Cube/Repository/STM32Cube_FW_F4_V1.28.3/Drivers/STM32F4xx_HAL_Driver/Src/stm32f4xx_hal_uart.c.obj
 .text.UART_EndRxTransfer
                0x08003ae4       0xc6 cmake/stm32cubemx/CMakeFiles/STM32_Drivers.dir/home/buddy/STM32Cube/Repository/STM32Cube_FW_F4_V1.28.3/Drivers/STM32F4xx_HAL_Driver/Src/stm32f4xx_hal_uart.c.obj
 *fill*         0x08003baa        0x2 
 .text.UART_SetConfig
                0x08003bac      0x4e8 cmake/stm32cubemx/CMakeFiles/STM32_Drivers.dir/home/buddy/STM32Cube/Repository/STM32Cube_FW_F4_V1.28.3/Drivers/STM32F4xx_HAL_Driver/Src/stm32f4xx_hal_uart.c.obj
 *(.glue_7)
 .glue_7        0x08004094        0x0 linker stubs
 *(.glue_7t)
 .glue_7t       0x08004094        0x0 linker stubs
 *(.eh_frame)
 .eh_frame      0x08004094        0x0 /usr/lib/gcc/arm-none-eabi/12.2.1/thumb/v7e-m+fp/hard/crtbegin.o
 *(.init)
 .init          0x08004094        0x4 /usr/lib/gcc/arm-none-eabi/12.2.1/thumb/v7e-m+fp/hard/crti.o
                0x08004094                _init
 .init          0x08004098        0x8 /usr/lib/gcc/arm-none-eabi/12.2.1/thumb/v7e-m+fp/hard/crtn.o
 *(.fini)
 .fini          0x080040a0        0x4 /usr/lib/gcc/arm-none-eabi/12.2.1/thumb/v7e-m+fp/hard/crti.o
                0x080040a0                _fini
 .fini          0x080040a4        0x8 /usr/lib/gcc/arm-none-eabi/12.2.1/thumb/v7e-m+fp/hard/crtn.o
                0x080040ac                        . = ALIGN (0x4)
                0x080040ac                        _etext = .

.vfp11_veneer   0x080040ac        0x0
 .vfp11_veneer  0x080040ac        0x0 linker stubs

.v4_bx          0x080040ac        0x0
 .v4_bx         0x080040ac        0x0 linker stubs

.iplt           0x080040ac        0x0
 .iplt          0x080040ac        0x0 /usr/lib/gcc/arm-none-eabi/12.2.1/thumb/v7e-m+fp/hard/crtbegin.o

.rodata         0x080040ac       0xac
                0x080040ac                        . = ALIGN (0x4)
 *(.rodata)
 .rodata        0x080040ac       0x4d CMakeFiles/sodiumBMS.dir/Core/Src/main.c.obj
 *(.rodata*)
 *fill*         0x080040f9        0x3 
 .rodata.AHBPrescTable
                0x080040fc       0x10 cmake/stm32cubemx/CMakeFiles/STM32_Drivers.dir/__/__/Core/Src/system_stm32f4xx.c.obj
                0x080040fc                AHBPrescTable
 .rodata.APBPrescTable
                0x0800410c        0x8 cmake/stm32cubemx/CMakeFiles/STM32_Drivers.dir/__/__/Core/Src/system_stm32f4xx.c.obj
                0x0800410c                APBPrescTable
 .rodata.flagBitshiftOffset.0
                0x08004114        0x8 cmake/stm32cubemx/CMakeFiles/STM32_Drivers.dir/home/buddy/STM32Cube/Repository/STM32Cube_FW_F4_V1.28.3/Drivers/STM32F4xx_HAL_Driver/Src/stm32f4xx_hal_dma.c.obj
 .rodata.str1.4
                0x0800411c       0x13 /usr/lib/gcc/arm-none-eabi/12.2.1/../../../arm-none-eabi/lib/thumb/v7e-m+fp/hard/libg_nano.a(lib_a-nano-svfprintf.o)
 *fill*         0x0800412f        0x1 
 .rodata.str1.4
                0x08004130       0x25 /usr/lib/gcc/arm-none-eabi/12.2.1/../../../arm-none-eabi/lib/thumb/v7e-m+fp/hard/libg_nano.a(lib_a-nano-vfprintf_i.o)
                0x08004158                        . = ALIGN (0x4)
 *fill*         0x08004155        0x3 

.ARM.extab      0x08004158        0x0
                0x08004158                        . = ALIGN (0x4)
 *(.ARM.extab* .gnu.linkonce.armextab.*)
                0x08004158                        . = ALIGN (0x4)

.ARM            0x08004158        0x8
                0x08004158                        . = ALIGN (0x4)
                0x08004158                        __exidx_start = .
 *(.ARM.exidx*)
 .ARM.exidx     0x08004158        0x8 /usr/lib/gcc/arm-none-eabi/12.2.1/thumb/v7e-m+fp/hard/libgcc.a(_udivmoddi4.o)
                0x08004160                        __exidx_end = .
                0x08004160                        . = ALIGN (0x4)

.preinit_array  0x08004160        0x0
                0x08004160                        . = ALIGN (0x4)
                0x08004160                        PROVIDE (__preinit_array_start = .)
 *(.preinit_array*)
                0x08004160                        PROVIDE (__preinit_array_end = .)
                0x08004160                        . = ALIGN (0x4)

.init_array     0x08004160        0x4
                0x08004160                        . = ALIGN (0x4)
                0x08004160                        PROVIDE (__init_array_start = .)
 *(SORT_BY_NAME(.init_array.*))
 *(.init_array*)
 .init_array    0x08004160        0x4 /usr/lib/gcc/arm-none-eabi/12.2.1/thumb/v7e-m+fp/hard/crtbegin.o
                0x08004164                        PROVIDE (__init_array_end = .)
                0x08004164                        . = ALIGN (0x4)

.fini_array     0x08004164        0x4
                0x08004164                        . = ALIGN (0x4)
                0x08004164                        PROVIDE (__fini_array_start = .)
 *(SORT_BY_NAME(.fini_array.*))
 *(.fini_array*)
 .fini_array    0x08004164        0x4 /usr/lib/gcc/arm-none-eabi/12.2.1/thumb/v7e-m+fp/hard/crtbegin.o
                0x08004168                        PROVIDE (__fini_array_end = .)
                0x08004168                        . = ALIGN (0x4)
                0x08004168                        _sidata = LOADADDR (.data)

.rel.dyn        0x08004168        0x0
 .rel.iplt      0x08004168        0x0 /usr/lib/gcc/arm-none-eabi/12.2.1/thumb/v7e-m+fp/hard/crtbegin.o

.data           0x20000000       0xb0 load address 0x08004168
                0x20000000                        . = ALIGN (0x4)
                0x20000000                        _sdata = .
 *(.data)
 .data          0x20000000       0x64 /usr/lib/gcc/arm-none-eabi/12.2.1/../../../arm-none-eabi/lib/thumb/v7e-m+fp/hard/libg_nano.a(lib_a-impure.o)
                0x20000000                _impure_ptr
 *(.data*)
 .data.msg      0x20000064       0x40 CMakeFiles/sodiumBMS.dir/Core/Src/main.c.obj
                0x20000064                msg
 .data.SystemCoreClock
                0x200000a4        0x4 cmake/stm32cubemx/CMakeFiles/STM32_Drivers.dir/__/__/Core/Src/system_stm32f4xx.c.obj
                0x200000a4                SystemCoreClock
 .data.uwTickPrio
                0x200000a8        0x4 cmake/stm32cubemx/CMakeFiles/STM32_Drivers.dir/home/buddy/STM32Cube/Repository/STM32Cube_FW_F4_V1.28.3/Drivers/STM32F4xx_HAL_Driver/Src/stm32f4xx_hal.c.obj
                0x200000a8                uwTickPrio
 .data.uwTickFreq
                0x200000ac        0x1 cmake/stm32cubemx/CMakeFiles/STM32_Drivers.dir/home/buddy/STM32Cube/Repository/STM32Cube_FW_F4_V1.28.3/Drivers/STM32F4xx_HAL_Driver/Src/stm32f4xx_hal.c.obj
                0x200000ac                uwTickFreq
 *(.RamFunc)
 *(.RamFunc*)
                0x200000b0                        . = ALIGN (0x4)
 *fill*         0x200000ad        0x3 

.tm_clone_table
                0x200000b0        0x0 load address 0x08004218
 .tm_clone_table
                0x200000b0        0x0 /usr/lib/gcc/arm-none-eabi/12.2.1/thumb/v7e-m+fp/hard/crtbegin.o
 .tm_clone_table
                0x200000b0        0x0 /usr/lib/gcc/arm-none-eabi/12.2.1/thumb/v7e-m+fp/hard/crtend.o

.igot.plt       0x200000b0        0x0 load address 0x08004218
 .igot.plt      0x200000b0        0x0 /usr/lib/gcc/arm-none-eabi/12.2.1/thumb/v7e-m+fp/hard/crtbegin.o

.tdata          0x200000b0        0x0 load address 0x08004218
 *(.tdata .tdata.* .gnu.linkonce.td.*)
                0x200000b0                        . = ALIGN (0x4)
                0x200000b0                        _edata = .
                [!provide]                        PROVIDE (__data_end = .)
                [!provide]                        PROVIDE (__tdata_end = .)
                [!provide]                        PROVIDE (__tdata_start = ADDR (.tdata))
                [!provide]                        PROVIDE (__tdata_size = (__tdata_end - __tdata_start))
                [!provide]                        PROVIDE (__data_start = ADDR (.data))
                [!provide]                        PROVIDE (__data_size = (__data_end - __data_start))
                [!provide]                        PROVIDE (__tdata_source = LOADADDR (.tdata))
                [!provide]                        PROVIDE (__tdata_source_end = (LOADADDR (.tdata) + SIZEOF (.tdata)))
                [!provide]                        PROVIDE (__tdata_source_size = (__tdata_source_end - __tdata_source))
                [!provide]                        PROVIDE (__data_source = LOADADDR (.data))
                [!provide]                        PROVIDE (__data_source_end = __tdata_source_end)
                [!provide]                        PROVIDE (__data_source_size = (__data_source_end - __data_source))

.tbss           0x200000b0        0x0 load address 0x08004218
                0x200000b0                        _sbss = .
                0x200000b0                        __bss_start__ = _sbss
 *(.tbss .tbss.*)
                0x200000b0                        . = ALIGN (0x4)
                [!provide]                        PROVIDE (__tbss_end = .)
                [!provide]                        PROVIDE (__tbss_start = ADDR (.tbss))
                [!provide]                        PROVIDE (__tbss_size = (__tbss_end - __tbss_start))
                [!provide]                        PROVIDE (__tbss_offset = (ADDR (.tbss) - ADDR (.tdata)))
                [!provide]                        PROVIDE (__tls_base = __tdata_start)
                [!provide]                        PROVIDE (__tls_end = __tbss_end)
                [!provide]                        PROVIDE (__tls_size = (__tls_end - __tls_base))
                [!provide]                        PROVIDE (__tls_align = MAX (ALIGNOF (.tdata), ALIGNOF (.tbss)))
                [!provide]                        PROVIDE (__tls_size_align = (((__tls_size + __tls_align) - 0x1) & ~ ((__tls_align - 0x1))))
                [!provide]                        PROVIDE (__arm32_tls_tcb_offset = MAX (0x8, __tls_align))
                [!provide]                        PROVIDE (__arm64_tls_tcb_offset = MAX (0x10, __tls_align))

.bss            0x200000b0      0x170 load address 0x08004218
 *(.bss)
 .bss           0x200000b0       0x1c /usr/lib/gcc/arm-none-eabi/12.2.1/thumb/v7e-m+fp/hard/crtbegin.o
 .bss           0x200000cc        0x8 /usr/lib/gcc/arm-none-eabi/12.2.1/../../../arm-none-eabi/lib/thumb/v7e-m+fp/hard/libg_nano.a(lib_a-nano-mallocr.o)
                0x200000cc                __malloc_free_list
                0x200000d0                __malloc_sbrk_start
 .bss           0x200000d4        0x4 /usr/lib/gcc/arm-none-eabi/12.2.1/../../../arm-none-eabi/lib/thumb/v7e-m+fp/hard/libg_nano.a(lib_a-reent.o)
                0x200000d4                errno
 *(.bss*)
 .bss.hadc1     0x200000d8       0x48 CMakeFiles/sodiumBMS.dir/Core/Src/main.c.obj
                0x200000d8                hadc1
 .bss.hadc2     0x20000120       0x48 CMakeFiles/sodiumBMS.dir/Core/Src/main.c.obj
                0x20000120                hadc2
 .bss.hdma_adc1
                0x20000168       0x60 CMakeFiles/sodiumBMS.dir/Core/Src/main.c.obj
                0x20000168                hdma_adc1
 .bss.huart2    0x200001c8       0x48 CMakeFiles/sodiumBMS.dir/Core/Src/main.c.obj
                0x200001c8                huart2
 .bss.cell1_voltage
                0x20000210        0x2 CMakeFiles/sodiumBMS.dir/Core/Src/main.c.obj
                0x20000210                cell1_voltage
 .bss.cell2_voltage
                0x20000212        0x2 CMakeFiles/sodiumBMS.dir/Core/Src/main.c.obj
                0x20000212                cell2_voltage
 .bss.cell3_voltage
                0x20000214        0x2 CMakeFiles/sodiumBMS.dir/Core/Src/main.c.obj
                0x20000214                cell3_voltage
 *fill*         0x20000216        0x2 
 .bss.__sbrk_heap_end
                0x20000218        0x4 CMakeFiles/sodiumBMS.dir/Core/Src/sysmem.c.obj
 .bss.uwTick    0x2000021c        0x4 cmake/stm32cubemx/CMakeFiles/STM32_Drivers.dir/home/buddy/STM32Cube/Repository/STM32Cube_FW_F4_V1.28.3/Drivers/STM32F4xx_HAL_Driver/Src/stm32f4xx_hal.c.obj
                0x2000021c                uwTick
 *(COMMON)
                0x20000220                        . = ALIGN (0x4)
                0x20000220                        _ebss = .
                0x20000220                        __bss_end__ = _ebss
                [!provide]                        PROVIDE (__bss_end = .)
                [!provide]                        PROVIDE (__non_tls_bss_start = ADDR (.bss))
                [!provide]                        PROVIDE (__bss_start = __tbss_start)
                [!provide]                        PROVIDE (__bss_size = (__bss_end - __bss_start))

._user_heap_stack
                0x20000220      0x600 load address 0x08004218
                0x20000220                        . = ALIGN (0x8)
                [!provide]                        PROVIDE (end = .)
                0x20000220                        PROVIDE (_end = .)
                0x20000420                        . = (. + _Min_Heap_Size)
 *fill*         0x20000220      0x200 
                0x20000820                        . = (. + _Min_Stack_Size)
 *fill*         0x20000420      0x400 
                0x20000820                        . = ALIGN (0x8)

/DISCARD/
 libc.a:*(*)
 libm.a:*(*)
 libgcc.a:*(*)
OUTPUT(sodiumBMS.elf elf32-littlearm)
LOAD linker stubs

.ARM.attributes
                0x00000000       0x30
 .ARM.attributes
                0x00000000       0x22 /usr/lib/gcc/arm-none-eabi/12.2.1/thumb/v7e-m+fp/hard/crti.o
 .ARM.attributes
                0x00000022       0x34 /usr/lib/gcc/arm-none-eabi/12.2.1/thumb/v7e-m+fp/hard/crtbegin.o
 .ARM.attributes
                0x00000056       0x34 CMakeFiles/sodiumBMS.dir/Core/Src/main.c.obj
 .ARM.attributes
                0x0000008a       0x34 CMakeFiles/sodiumBMS.dir/Core/Src/stm32f4xx_it.c.obj
 .ARM.attributes
                0x000000be       0x34 CMakeFiles/sodiumBMS.dir/Core/Src/stm32f4xx_hal_msp.c.obj
 .ARM.attributes
                0x000000f2       0x34 CMakeFiles/sodiumBMS.dir/Core/Src/sysmem.c.obj
 .ARM.attributes
                0x00000126       0x21 CMakeFiles/sodiumBMS.dir/startup_stm32f446xx.s.obj
 .ARM.attributes
                0x00000147       0x34 cmake/stm32cubemx/CMakeFiles/STM32_Drivers.dir/__/__/Core/Src/system_stm32f4xx.c.obj
 .ARM.attributes
                0x0000017b       0x34 cmake/stm32cubemx/CMakeFiles/STM32_Drivers.dir/home/buddy/STM32Cube/Repository/STM32Cube_FW_F4_V1.28.3/Drivers/STM32F4xx_HAL_Driver/Src/stm32f4xx_hal_adc.c.obj
 .ARM.attributes
                0x000001af       0x34 cmake/stm32cubemx/CMakeFiles/STM32_Drivers.dir/home/buddy/STM32Cube/Repository/STM32Cube_FW_F4_V1.28.3/Drivers/STM32F4xx_HAL_Driver/Src/stm32f4xx_hal_rcc.c.obj
 .ARM.attributes
                0x000001e3       0x34 cmake/stm32cubemx/CMakeFiles/STM32_Drivers.dir/home/buddy/STM32Cube/Repository/STM32Cube_FW_F4_V1.28.3/Drivers/STM32F4xx_HAL_Driver/Src/stm32f4xx_hal_rcc_ex.c.obj
 .ARM.attributes
                0x00000217       0x34 cmake/stm32cubemx/CMakeFiles/STM32_Drivers.dir/home/buddy/STM32Cube/Repository/STM32Cube_FW_F4_V1.28.3/Drivers/STM32F4xx_HAL_Driver/Src/stm32f4xx_hal_gpio.c.obj
 .ARM.attributes
                0x0000024b       0x34 cmake/stm32cubemx/CMakeFiles/STM32_Drivers.dir/home/buddy/STM32Cube/Repository/STM32Cube_FW_F4_V1.28.3/Drivers/STM32F4xx_HAL_Driver/Src/stm32f4xx_hal_dma.c.obj
 .ARM.attributes
                0x0000027f       0x34 cmake/stm32cubemx/CMakeFiles/STM32_Drivers.dir/home/buddy/STM32Cube/Repository/STM32Cube_FW_F4_V1.28.3/Drivers/STM32F4xx_HAL_Driver/Src/stm32f4xx_hal_cortex.c.obj
 .ARM.attributes
                0x000002b3       0x34 cmake/stm32cubemx/CMakeFiles/STM32_Drivers.dir/home/buddy/STM32Cube/Repository/STM32Cube_FW_F4_V1.28.3/Drivers/STM32F4xx_HAL_Driver/Src/stm32f4xx_hal.c.obj
 .ARM.attributes
                0x000002e7       0x34 cmake/stm32cubemx/CMakeFiles/STM32_Drivers.dir/home/buddy/STM32Cube/Repository/STM32Cube_FW_F4_V1.28.3/Drivers/STM32F4xx_HAL_Driver/Src/stm32f4xx_hal_uart.c.obj
 .ARM.attributes
                0x0000031b       0x22 /usr/lib/gcc/arm-none-eabi/12.2.1/thumb/v7e-m+fp/hard/libgcc.a(_aeabi_uldivmod.o)
 .ARM.attributes
                0x0000033d       0x34 /usr/lib/gcc/arm-none-eabi/12.2.1/thumb/v7e-m+fp/hard/libgcc.a(_udivmoddi4.o)
 .ARM.attributes
                0x00000371       0x22 /usr/lib/gcc/arm-none-eabi/12.2.1/thumb/v7e-m+fp/hard/libgcc.a(_dvmd_tls.o)
 .ARM.attributes
                0x00000393       0x34 /usr/lib/gcc/arm-none-eabi/12.2.1/../../../arm-none-eabi/lib/thumb/v7e-m+fp/hard/libg_nano.a(lib_a-errno.o)
 .ARM.attributes
                0x000003c7       0x34 /usr/lib/gcc/arm-none-eabi/12.2.1/../../../arm-none-eabi/lib/thumb/v7e-m+fp/hard/libg_nano.a(lib_a-impure.o)
 .ARM.attributes
                0x000003fb       0x34 /usr/lib/gcc/arm-none-eabi/12.2.1/../../../arm-none-eabi/lib/thumb/v7e-m+fp/hard/libg_nano.a(lib_a-init.o)
 .ARM.attributes
                0x0000042f       0x34 /usr/lib/gcc/arm-none-eabi/12.2.1/../../../arm-none-eabi/lib/thumb/v7e-m+fp/hard/libg_nano.a(lib_a-memset.o)
 .ARM.attributes
                0x00000463       0x34 /usr/lib/gcc/arm-none-eabi/12.2.1/../../../arm-none-eabi/lib/thumb/v7e-m+fp/hard/libg_nano.a(lib_a-sprintf.o)
 .ARM.attributes
                0x00000497       0x1c /usr/lib/gcc/arm-none-eabi/12.2.1/../../../arm-none-eabi/lib/thumb/v7e-m+fp/hard/libg_nano.a(lib_a-strlen.o)
 .ARM.attributes
                0x000004b3       0x34 /usr/lib/gcc/arm-none-eabi/12.2.1/../../../arm-none-eabi/lib/thumb/v7e-m+fp/hard/libg_nano.a(lib_a-nano-svfprintf.o)
 .ARM.attributes
                0x000004e7       0x34 /usr/lib/gcc/arm-none-eabi/12.2.1/../../../arm-none-eabi/lib/thumb/v7e-m+fp/hard/libg_nano.a(lib_a-nano-vfprintf_i.o)
 .ARM.attributes
                0x0000051b       0x1c /usr/lib/gcc/arm-none-eabi/12.2.1/../../../arm-none-eabi/lib/thumb/v7e-m+fp/hard/libg_nano.a(lib_a-memchr.o)
 .ARM.attributes
                0x00000537       0x20 /usr/lib/gcc/arm-none-eabi/12.2.1/../../../arm-none-eabi/lib/thumb/v7e-m+fp/hard/libg_nano.a(lib_a-memcpy.o)
 .ARM.attributes
                0x00000557       0x34 /usr/lib/gcc/arm-none-eabi/12.2.1/../../../arm-none-eabi/lib/thumb/v7e-m+fp/hard/libg_nano.a(lib_a-memmove.o)
 .ARM.attributes
                0x0000058b       0x34 /usr/lib/gcc/arm-none-eabi/12.2.1/../../../arm-none-eabi/lib/thumb/v7e-m+fp/hard/libg_nano.a(lib_a-nano-freer.o)
 .ARM.attributes
                0x000005bf       0x34 /usr/lib/gcc/arm-none-eabi/12.2.1/../../../arm-none-eabi/lib/thumb/v7e-m+fp/hard/libg_nano.a(lib_a-nano-mallocr.o)
 .ARM.attributes
                0x000005f3       0x34 /usr/lib/gcc/arm-none-eabi/12.2.1/../../../arm-none-eabi/lib/thumb/v7e-m+fp/hard/libg_nano.a(lib_a-nano-reallocr.o)
 .ARM.attributes
                0x00000627       0x34 /usr/lib/gcc/arm-none-eabi/12.2.1/../../../arm-none-eabi/lib/thumb/v7e-m+fp/hard/libg_nano.a(lib_a-sbrkr.o)
 .ARM.attributes
                0x0000065b       0x34 /usr/lib/gcc/arm-none-eabi/12.2.1/../../../arm-none-eabi/lib/thumb/v7e-m+fp/hard/libg_nano.a(lib_a-mlock.o)
 .ARM.attributes
                0x0000068f       0x34 /usr/lib/gcc/arm-none-eabi/12.2.1/../../../arm-none-eabi/lib/thumb/v7e-m+fp/hard/libg_nano.a(lib_a-nano-msizer.o)
 .ARM.attributes
                0x000006c3       0x34 /usr/lib/gcc/arm-none-eabi/12.2.1/../../../arm-none-eabi/lib/thumb/v7e-m+fp/hard/libg_nano.a(lib_a-reent.o)
 .ARM.attributes
                0x000006f7       0x34 /usr/lib/gcc/arm-none-eabi/12.2.1/thumb/v7e-m+fp/hard/crtend.o
 .ARM.attributes
                0x0000072b       0x22 /usr/lib/gcc/arm-none-eabi/12.2.1/thumb/v7e-m+fp/hard/crtn.o

.comment        0x00000000       0x26
 .comment       0x00000000       0x26 /usr/lib/gcc/arm-none-eabi/12.2.1/thumb/v7e-m+fp/hard/crtbegin.o
                                 0x27 (size before relaxing)
 .comment       0x00000026       0x27 CMakeFiles/sodiumBMS.dir/Core/Src/main.c.obj
 .comment       0x00000026       0x27 CMakeFiles/sodiumBMS.dir/Core/Src/stm32f4xx_it.c.obj
 .comment       0x00000026       0x27 CMakeFiles/sodiumBMS.dir/Core/Src/stm32f4xx_hal_msp.c.obj
 .comment       0x00000026       0x27 CMakeFiles/sodiumBMS.dir/Core/Src/sysmem.c.obj
 .comment       0x00000026       0x27 cmake/stm32cubemx/CMakeFiles/STM32_Drivers.dir/__/__/Core/Src/system_stm32f4xx.c.obj
 .comment       0x00000026       0x27 cmake/stm32cubemx/CMakeFiles/STM32_Drivers.dir/home/buddy/STM32Cube/Repository/STM32Cube_FW_F4_V1.28.3/Drivers/STM32F4xx_HAL_Driver/Src/stm32f4xx_hal_adc.c.obj
 .comment       0x00000026       0x27 cmake/stm32cubemx/CMakeFiles/STM32_Drivers.dir/home/buddy/STM32Cube/Repository/STM32Cube_FW_F4_V1.28.3/Drivers/STM32F4xx_HAL_Driver/Src/stm32f4xx_hal_rcc.c.obj
 .comment       0x00000026       0x27 cmake/stm32cubemx/CMakeFiles/STM32_Drivers.dir/home/buddy/STM32Cube/Repository/STM32Cube_FW_F4_V1.28.3/Drivers/STM32F4xx_HAL_Driver/Src/stm32f4xx_hal_rcc_ex.c.obj
 .comment       0x00000026       0x27 cmake/stm32cubemx/CMakeFiles/STM32_Drivers.dir/home/buddy/STM32Cube/Repository/STM32Cube_FW_F4_V1.28.3/Drivers/STM32F4xx_HAL_Driver/Src/stm32f4xx_hal_gpio.c.obj
 .comment       0x00000026       0x27 cmake/stm32cubemx/CMakeFiles/STM32_Drivers.dir/home/buddy/STM32Cube/Repository/STM32Cube_FW_F4_V1.28.3/Drivers/STM32F4xx_HAL_Driver/Src/stm32f4xx_hal_dma.c.obj
 .comment       0x00000026       0x27 cmake/stm32cubemx/CMakeFiles/STM32_Drivers.dir/home/buddy/STM32Cube/Repository/STM32Cube_FW_F4_V1.28.3/Drivers/STM32F4xx_HAL_Driver/Src/stm32f4xx_hal_cortex.c.obj
 .comment       0x00000026       0x27 cmake/stm32cubemx/CMakeFiles/STM32_Drivers.dir/home/buddy/STM32Cube/Repository/STM32Cube_FW_F4_V1.28.3/Drivers/STM32F4xx_HAL_Driver/Src/stm32f4xx_hal.c.obj
 .comment       0x00000026       0x27 cmake/stm32cubemx/CMakeFiles/STM32_Drivers.dir/home/buddy/STM32Cube/Repository/STM32Cube_FW_F4_V1.28.3/Drivers/STM32F4xx_HAL_Driver/Src/stm32f4xx_hal_uart.c.obj
 .comment       0x00000026       0x27 /usr/lib/gcc/arm-none-eabi/12.2.1/thumb/v7e-m+fp/hard/libgcc.a(_udivmoddi4.o)
 .comment       0x00000026       0x27 /usr/lib/gcc/arm-none-eabi/12.2.1/../../../arm-none-eabi/lib/thumb/v7e-m+fp/hard/libg_nano.a(lib_a-errno.o)
 .comment       0x00000026       0x27 /usr/lib/gcc/arm-none-eabi/12.2.1/../../../arm-none-eabi/lib/thumb/v7e-m+fp/hard/libg_nano.a(lib_a-impure.o)
 .comment       0x00000026       0x27 /usr/lib/gcc/arm-none-eabi/12.2.1/../../../arm-none-eabi/lib/thumb/v7e-m+fp/hard/libg_nano.a(lib_a-init.o)
 .comment       0x00000026       0x27 /usr/lib/gcc/arm-none-eabi/12.2.1/../../../arm-none-eabi/lib/thumb/v7e-m+fp/hard/libg_nano.a(lib_a-memset.o)
 .comment       0x00000026       0x27 /usr/lib/gcc/arm-none-eabi/12.2.1/../../../arm-none-eabi/lib/thumb/v7e-m+fp/hard/libg_nano.a(lib_a-sprintf.o)
 .comment       0x00000026       0x27 /usr/lib/gcc/arm-none-eabi/12.2.1/../../../arm-none-eabi/lib/thumb/v7e-m+fp/hard/libg_nano.a(lib_a-nano-svfprintf.o)
 .comment       0x00000026       0x27 /usr/lib/gcc/arm-none-eabi/12.2.1/../../../arm-none-eabi/lib/thumb/v7e-m+fp/hard/libg_nano.a(lib_a-nano-vfprintf_i.o)
 .comment       0x00000026       0x27 /usr/lib/gcc/arm-none-eabi/12.2.1/../../../arm-none-eabi/lib/thumb/v7e-m+fp/hard/libg_nano.a(lib_a-memmove.o)
 .comment       0x00000026       0x27 /usr/lib/gcc/arm-none-eabi/12.2.1/../../../arm-none-eabi/lib/thumb/v7e-m+fp/hard/libg_nano.a(lib_a-nano-freer.o)
 .comment       0x00000026       0x27 /usr/lib/gcc/arm-none-eabi/12.2.1/../../../arm-none-eabi/lib/thumb/v7e-m+fp/hard/libg_nano.a(lib_a-nano-mallocr.o)
 .comment       0x00000026       0x27 /usr/lib/gcc/arm-none-eabi/12.2.1/../../../arm-none-eabi/lib/thumb/v7e-m+fp/hard/libg_nano.a(lib_a-nano-reallocr.o)
 .comment       0x00000026       0x27 /usr/lib/gcc/arm-none-eabi/12.2.1/../../../arm-none-eabi/lib/thumb/v7e-m+fp/hard/libg_nano.a(lib_a-sbrkr.o)
 .comment       0x00000026       0x27 /usr/lib/gcc/arm-none-eabi/12.2.1/../../../arm-none-eabi/lib/thumb/v7e-m+fp/hard/libg_nano.a(lib_a-mlock.o)
 .comment       0x00000026       0x27 /usr/lib/gcc/arm-none-eabi/12.2.1/../../../arm-none-eabi/lib/thumb/v7e-m+fp/hard/libg_nano.a(lib_a-nano-msizer.o)
 .comment       0x00000026       0x27 /usr/lib/gcc/arm-none-eabi/12.2.1/../../../arm-none-eabi/lib/thumb/v7e-m+fp/hard/libg_nano.a(lib_a-reent.o)
 .comment       0x00000026       0x27 /usr/lib/gcc/arm-none-eabi/12.2.1/thumb/v7e-m+fp/hard/crtend.o

.debug_info     0x00000000    0x11e54
 .debug_info    0x00000000     0x132f CMakeFiles/sodiumBMS.dir/Core/Src/main.c.obj
 .debug_info    0x0000132f      0x39d CMakeFiles/sodiumBMS.dir/Core/Src/stm32f4xx_it.c.obj
 .debug_info    0x000016cc      0xc89 CMakeFiles/sodiumBMS.dir/Core/Src/stm32f4xx_hal_msp.c.obj
 .debug_info    0x00002355      0x150 CMakeFiles/sodiumBMS.dir/Core/Src/sysmem.c.obj
 .debug_info    0x000024a5       0x30 CMakeFiles/sodiumBMS.dir/startup_stm32f446xx.s.obj
 .debug_info    0x000024d5      0x530 cmake/stm32cubemx/CMakeFiles/STM32_Drivers.dir/__/__/Core/Src/system_stm32f4xx.c.obj
 .debug_info    0x00002a05      0xcbf cmake/stm32cubemx/CMakeFiles/STM32_Drivers.dir/home/buddy/STM32Cube/Repository/STM32Cube_FW_F4_V1.28.3/Drivers/STM32F4xx_HAL_Driver/Src/stm32f4xx_hal_adc.c.obj
 .debug_info    0x000036c4      0x8cf cmake/stm32cubemx/CMakeFiles/STM32_Drivers.dir/home/buddy/STM32Cube/Repository/STM32Cube_FW_F4_V1.28.3/Drivers/STM32F4xx_HAL_Driver/Src/stm32f4xx_hal_rcc.c.obj
 .debug_info    0x00003f93      0x93c cmake/stm32cubemx/CMakeFiles/STM32_Drivers.dir/home/buddy/STM32Cube/Repository/STM32Cube_FW_F4_V1.28.3/Drivers/STM32F4xx_HAL_Driver/Src/stm32f4xx_hal_rcc_ex.c.obj
 .debug_info    0x000048cf      0x6e7 cmake/stm32cubemx/CMakeFiles/STM32_Drivers.dir/home/buddy/STM32Cube/Repository/STM32Cube_FW_F4_V1.28.3/Drivers/STM32F4xx_HAL_Driver/Src/stm32f4xx_hal_gpio.c.obj
 .debug_info    0x00004fb6      0x8cf cmake/stm32cubemx/CMakeFiles/STM32_Drivers.dir/home/buddy/STM32Cube/Repository/STM32Cube_FW_F4_V1.28.3/Drivers/STM32F4xx_HAL_Driver/Src/stm32f4xx_hal_dma.c.obj
 .debug_info    0x00005885      0xd86 cmake/stm32cubemx/CMakeFiles/STM32_Drivers.dir/home/buddy/STM32Cube/Repository/STM32Cube_FW_F4_V1.28.3/Drivers/STM32F4xx_HAL_Driver/Src/stm32f4xx_hal_cortex.c.obj
 .debug_info    0x0000660b      0x98e cmake/stm32cubemx/CMakeFiles/STM32_Drivers.dir/home/buddy/STM32Cube/Repository/STM32Cube_FW_F4_V1.28.3/Drivers/STM32F4xx_HAL_Driver/Src/stm32f4xx_hal.c.obj
 .debug_info    0x00006f99     0x2f1f cmake/stm32cubemx/CMakeFiles/STM32_Drivers.dir/home/buddy/STM32Cube/Repository/STM32Cube_FW_F4_V1.28.3/Drivers/STM32F4xx_HAL_Driver/Src/stm32f4xx_hal_uart.c.obj
 .debug_info    0x00009eb8       0x24 /usr/lib/gcc/arm-none-eabi/12.2.1/thumb/v7e-m+fp/hard/libgcc.a(_aeabi_uldivmod.o)
 .debug_info    0x00009edc      0x6ef /usr/lib/gcc/arm-none-eabi/12.2.1/thumb/v7e-m+fp/hard/libgcc.a(_udivmoddi4.o)
 .debug_info    0x0000a5cb       0x39 /usr/lib/gcc/arm-none-eabi/12.2.1/thumb/v7e-m+fp/hard/libgcc.a(_dvmd_tls.o)
 .debug_info    0x0000a604      0x751 /usr/lib/gcc/arm-none-eabi/12.2.1/../../../arm-none-eabi/lib/thumb/v7e-m+fp/hard/libg_nano.a(lib_a-errno.o)
 .debug_info    0x0000ad55      0x7fc /usr/lib/gcc/arm-none-eabi/12.2.1/../../../arm-none-eabi/lib/thumb/v7e-m+fp/hard/libg_nano.a(lib_a-impure.o)
 .debug_info    0x0000b551      0x10b /usr/lib/gcc/arm-none-eabi/12.2.1/../../../arm-none-eabi/lib/thumb/v7e-m+fp/hard/libg_nano.a(lib_a-init.o)
 .debug_info    0x0000b65c      0x135 /usr/lib/gcc/arm-none-eabi/12.2.1/../../../arm-none-eabi/lib/thumb/v7e-m+fp/hard/libg_nano.a(lib_a-memset.o)
 .debug_info    0x0000b791      0x8d5 /usr/lib/gcc/arm-none-eabi/12.2.1/../../../arm-none-eabi/lib/thumb/v7e-m+fp/hard/libg_nano.a(lib_a-sprintf.o)
 .debug_info    0x0000c066       0x33 /usr/lib/gcc/arm-none-eabi/12.2.1/../../../arm-none-eabi/lib/thumb/v7e-m+fp/hard/libg_nano.a(lib_a-strlen.o)
 .debug_info    0x0000c099     0x10f8 /usr/lib/gcc/arm-none-eabi/12.2.1/../../../arm-none-eabi/lib/thumb/v7e-m+fp/hard/libg_nano.a(lib_a-nano-svfprintf.o)
 .debug_info    0x0000d191      0xe37 /usr/lib/gcc/arm-none-eabi/12.2.1/../../../arm-none-eabi/lib/thumb/v7e-m+fp/hard/libg_nano.a(lib_a-nano-vfprintf_i.o)
 .debug_info    0x0000dfc8       0x25 /usr/lib/gcc/arm-none-eabi/12.2.1/../../../arm-none-eabi/lib/thumb/v7e-m+fp/hard/libg_nano.a(lib_a-memchr.o)
 .debug_info    0x0000dfed       0x33 /usr/lib/gcc/arm-none-eabi/12.2.1/../../../arm-none-eabi/lib/thumb/v7e-m+fp/hard/libg_nano.a(lib_a-memcpy.o)
 .debug_info    0x0000e020      0x148 /usr/lib/gcc/arm-none-eabi/12.2.1/../../../arm-none-eabi/lib/thumb/v7e-m+fp/hard/libg_nano.a(lib_a-memmove.o)
 .debug_info    0x0000e168      0x8cd /usr/lib/gcc/arm-none-eabi/12.2.1/../../../arm-none-eabi/lib/thumb/v7e-m+fp/hard/libg_nano.a(lib_a-nano-freer.o)
 .debug_info    0x0000ea35      0x9cd /usr/lib/gcc/arm-none-eabi/12.2.1/../../../arm-none-eabi/lib/thumb/v7e-m+fp/hard/libg_nano.a(lib_a-nano-mallocr.o)
 .debug_info    0x0000f402      0x8fe /usr/lib/gcc/arm-none-eabi/12.2.1/../../../arm-none-eabi/lib/thumb/v7e-m+fp/hard/libg_nano.a(lib_a-nano-reallocr.o)
 .debug_info    0x0000fd00      0x7d2 /usr/lib/gcc/arm-none-eabi/12.2.1/../../../arm-none-eabi/lib/thumb/v7e-m+fp/hard/libg_nano.a(lib_a-sbrkr.o)
 .debug_info    0x000104d2      0x77c /usr/lib/gcc/arm-none-eabi/12.2.1/../../../arm-none-eabi/lib/thumb/v7e-m+fp/hard/libg_nano.a(lib_a-mlock.o)
 .debug_info    0x00010c4e      0x7ea /usr/lib/gcc/arm-none-eabi/12.2.1/../../../arm-none-eabi/lib/thumb/v7e-m+fp/hard/libg_nano.a(lib_a-nano-msizer.o)
 .debug_info    0x00011438      0xa1c /usr/lib/gcc/arm-none-eabi/12.2.1/../../../arm-none-eabi/lib/thumb/v7e-m+fp/hard/libg_nano.a(lib_a-reent.o)

.debug_abbrev   0x00000000     0x38de
 .debug_abbrev  0x00000000      0x2f1 CMakeFiles/sodiumBMS.dir/Core/Src/main.c.obj
 .debug_abbrev  0x000002f1      0x169 CMakeFiles/sodiumBMS.dir/Core/Src/stm32f4xx_it.c.obj
 .debug_abbrev  0x0000045a      0x1ec CMakeFiles/sodiumBMS.dir/Core/Src/stm32f4xx_hal_msp.c.obj
 .debug_abbrev  0x00000646       0xbc CMakeFiles/sodiumBMS.dir/Core/Src/sysmem.c.obj
 .debug_abbrev  0x00000702       0x24 CMakeFiles/sodiumBMS.dir/startup_stm32f446xx.s.obj
 .debug_abbrev  0x00000726      0x11b cmake/stm32cubemx/CMakeFiles/STM32_Drivers.dir/__/__/Core/Src/system_stm32f4xx.c.obj
 .debug_abbrev  0x00000841      0x252 cmake/stm32cubemx/CMakeFiles/STM32_Drivers.dir/home/buddy/STM32Cube/Repository/STM32Cube_FW_F4_V1.28.3/Drivers/STM32F4xx_HAL_Driver/Src/stm32f4xx_hal_adc.c.obj
 .debug_abbrev  0x00000a93      0x2b7 cmake/stm32cubemx/CMakeFiles/STM32_Drivers.dir/home/buddy/STM32Cube/Repository/STM32Cube_FW_F4_V1.28.3/Drivers/STM32F4xx_HAL_Driver/Src/stm32f4xx_hal_rcc.c.obj
 .debug_abbrev  0x00000d4a      0x211 cmake/stm32cubemx/CMakeFiles/STM32_Drivers.dir/home/buddy/STM32Cube/Repository/STM32Cube_FW_F4_V1.28.3/Drivers/STM32F4xx_HAL_Driver/Src/stm32f4xx_hal_rcc_ex.c.obj
 .debug_abbrev  0x00000f5b      0x1d4 cmake/stm32cubemx/CMakeFiles/STM32_Drivers.dir/home/buddy/STM32Cube/Repository/STM32Cube_FW_F4_V1.28.3/Drivers/STM32F4xx_HAL_Driver/Src/stm32f4xx_hal_gpio.c.obj
 .debug_abbrev  0x0000112f      0x264 cmake/stm32cubemx/CMakeFiles/STM32_Drivers.dir/home/buddy/STM32Cube/Repository/STM32Cube_FW_F4_V1.28.3/Drivers/STM32F4xx_HAL_Driver/Src/stm32f4xx_hal_dma.c.obj
 .debug_abbrev  0x00001393      0x31d cmake/stm32cubemx/CMakeFiles/STM32_Drivers.dir/home/buddy/STM32Cube/Repository/STM32Cube_FW_F4_V1.28.3/Drivers/STM32F4xx_HAL_Driver/Src/stm32f4xx_hal_cortex.c.obj
 .debug_abbrev  0x000016b0      0x214 cmake/stm32cubemx/CMakeFiles/STM32_Drivers.dir/home/buddy/STM32Cube/Repository/STM32Cube_FW_F4_V1.28.3/Drivers/STM32F4xx_HAL_Driver/Src/stm32f4xx_hal.c.obj
 .debug_abbrev  0x000018c4      0x30e cmake/stm32cubemx/CMakeFiles/STM32_Drivers.dir/home/buddy/STM32Cube/Repository/STM32Cube_FW_F4_V1.28.3/Drivers/STM32F4xx_HAL_Driver/Src/stm32f4xx_hal_uart.c.obj
 .debug_abbrev  0x00001bd2       0x14 /usr/lib/gcc/arm-none-eabi/12.2.1/thumb/v7e-m+fp/hard/libgcc.a(_aeabi_uldivmod.o)
 .debug_abbrev  0x00001be6      0x16a /usr/lib/gcc/arm-none-eabi/12.2.1/thumb/v7e-m+fp/hard/libgcc.a(_udivmoddi4.o)
 .debug_abbrev  0x00001d50       0x1f /usr/lib/gcc/arm-none-eabi/12.2.1/thumb/v7e-m+fp/hard/libgcc.a(_dvmd_tls.o)
 .debug_abbrev  0x00001d6f      0x15e /usr/lib/gcc/arm-none-eabi/12.2.1/../../../arm-none-eabi/lib/thumb/v7e-m+fp/hard/libg_nano.a(lib_a-errno.o)
 .debug_abbrev  0x00001ecd      0x15a /usr/lib/gcc/arm-none-eabi/12.2.1/../../../arm-none-eabi/lib/thumb/v7e-m+fp/hard/libg_nano.a(lib_a-impure.o)
 .debug_abbrev  0x00002027       0xc9 /usr/lib/gcc/arm-none-eabi/12.2.1/../../../arm-none-eabi/lib/thumb/v7e-m+fp/hard/libg_nano.a(lib_a-init.o)
 .debug_abbrev  0x000020f0       0xb7 /usr/lib/gcc/arm-none-eabi/12.2.1/../../../arm-none-eabi/lib/thumb/v7e-m+fp/hard/libg_nano.a(lib_a-memset.o)
 .debug_abbrev  0x000021a7      0x21c /usr/lib/gcc/arm-none-eabi/12.2.1/../../../arm-none-eabi/lib/thumb/v7e-m+fp/hard/libg_nano.a(lib_a-sprintf.o)
 .debug_abbrev  0x000023c3       0x28 /usr/lib/gcc/arm-none-eabi/12.2.1/../../../arm-none-eabi/lib/thumb/v7e-m+fp/hard/libg_nano.a(lib_a-strlen.o)
 .debug_abbrev  0x000023eb      0x31e /usr/lib/gcc/arm-none-eabi/12.2.1/../../../arm-none-eabi/lib/thumb/v7e-m+fp/hard/libg_nano.a(lib_a-nano-svfprintf.o)
 .debug_abbrev  0x00002709      0x284 /usr/lib/gcc/arm-none-eabi/12.2.1/../../../arm-none-eabi/lib/thumb/v7e-m+fp/hard/libg_nano.a(lib_a-nano-vfprintf_i.o)
 .debug_abbrev  0x0000298d       0x14 /usr/lib/gcc/arm-none-eabi/12.2.1/../../../arm-none-eabi/lib/thumb/v7e-m+fp/hard/libg_nano.a(lib_a-memchr.o)
 .debug_abbrev  0x000029a1       0x28 /usr/lib/gcc/arm-none-eabi/12.2.1/../../../arm-none-eabi/lib/thumb/v7e-m+fp/hard/libg_nano.a(lib_a-memcpy.o)
 .debug_abbrev  0x000029c9       0xc3 /usr/lib/gcc/arm-none-eabi/12.2.1/../../../arm-none-eabi/lib/thumb/v7e-m+fp/hard/libg_nano.a(lib_a-memmove.o)
 .debug_abbrev  0x00002a8c      0x249 /usr/lib/gcc/arm-none-eabi/12.2.1/../../../arm-none-eabi/lib/thumb/v7e-m+fp/hard/libg_nano.a(lib_a-nano-freer.o)
 .debug_abbrev  0x00002cd5      0x2aa /usr/lib/gcc/arm-none-eabi/12.2.1/../../../arm-none-eabi/lib/thumb/v7e-m+fp/hard/libg_nano.a(lib_a-nano-mallocr.o)
 .debug_abbrev  0x00002f7f      0x1f8 /usr/lib/gcc/arm-none-eabi/12.2.1/../../../arm-none-eabi/lib/thumb/v7e-m+fp/hard/libg_nano.a(lib_a-nano-reallocr.o)
 .debug_abbrev  0x00003177      0x1da /usr/lib/gcc/arm-none-eabi/12.2.1/../../../arm-none-eabi/lib/thumb/v7e-m+fp/hard/libg_nano.a(lib_a-sbrkr.o)
 .debug_abbrev  0x00003351      0x192 /usr/lib/gcc/arm-none-eabi/12.2.1/../../../arm-none-eabi/lib/thumb/v7e-m+fp/hard/libg_nano.a(lib_a-mlock.o)
 .debug_abbrev  0x000034e3      0x196 /usr/lib/gcc/arm-none-eabi/12.2.1/../../../arm-none-eabi/lib/thumb/v7e-m+fp/hard/libg_nano.a(lib_a-nano-msizer.o)
 .debug_abbrev  0x00003679      0x265 /usr/lib/gcc/arm-none-eabi/12.2.1/../../../arm-none-eabi/lib/thumb/v7e-m+fp/hard/libg_nano.a(lib_a-reent.o)

.debug_aranges  0x00000000      0xb08
 .debug_aranges
                0x00000000       0x60 CMakeFiles/sodiumBMS.dir/Core/Src/main.c.obj
 .debug_aranges
                0x00000060       0x68 CMakeFiles/sodiumBMS.dir/Core/Src/stm32f4xx_it.c.obj
 .debug_aranges
                0x000000c8       0x40 CMakeFiles/sodiumBMS.dir/Core/Src/stm32f4xx_hal_msp.c.obj
 .debug_aranges
                0x00000108       0x20 CMakeFiles/sodiumBMS.dir/Core/Src/sysmem.c.obj
 .debug_aranges
                0x00000128       0x28 CMakeFiles/sodiumBMS.dir/startup_stm32f446xx.s.obj
 .debug_aranges
                0x00000150       0x28 cmake/stm32cubemx/CMakeFiles/STM32_Drivers.dir/__/__/Core/Src/system_stm32f4xx.c.obj
 .debug_aranges
                0x00000178       0xe8 cmake/stm32cubemx/CMakeFiles/STM32_Drivers.dir/home/buddy/STM32Cube/Repository/STM32Cube_FW_F4_V1.28.3/Drivers/STM32F4xx_HAL_Driver/Src/stm32f4xx_hal_adc.c.obj
 .debug_aranges
                0x00000260       0x88 cmake/stm32cubemx/CMakeFiles/STM32_Drivers.dir/home/buddy/STM32Cube/Repository/STM32Cube_FW_F4_V1.28.3/Drivers/STM32F4xx_HAL_Driver/Src/stm32f4xx_hal_rcc.c.obj
 .debug_aranges
                0x000002e8       0x78 cmake/stm32cubemx/CMakeFiles/STM32_Drivers.dir/home/buddy/STM32Cube/Repository/STM32Cube_FW_F4_V1.28.3/Drivers/STM32F4xx_HAL_Driver/Src/stm32f4xx_hal_rcc_ex.c.obj
 .debug_aranges
                0x00000360       0x58 cmake/stm32cubemx/CMakeFiles/STM32_Drivers.dir/home/buddy/STM32Cube/Repository/STM32Cube_FW_F4_V1.28.3/Drivers/STM32F4xx_HAL_Driver/Src/stm32f4xx_hal_gpio.c.obj
 .debug_aranges
                0x000003b8       0x90 cmake/stm32cubemx/CMakeFiles/STM32_Drivers.dir/home/buddy/STM32Cube/Repository/STM32Cube_FW_F4_V1.28.3/Drivers/STM32F4xx_HAL_Driver/Src/stm32f4xx_hal_dma.c.obj
 .debug_aranges
                0x00000448      0x130 cmake/stm32cubemx/CMakeFiles/STM32_Drivers.dir/home/buddy/STM32Cube/Repository/STM32Cube_FW_F4_V1.28.3/Drivers/STM32F4xx_HAL_Driver/Src/stm32f4xx_hal_cortex.c.obj
 .debug_aranges
                0x00000578       0xf0 cmake/stm32cubemx/CMakeFiles/STM32_Drivers.dir/home/buddy/STM32Cube/Repository/STM32Cube_FW_F4_V1.28.3/Drivers/STM32F4xx_HAL_Driver/Src/stm32f4xx_hal.c.obj
 .debug_aranges
                0x00000668      0x208 cmake/stm32cubemx/CMakeFiles/STM32_Drivers.dir/home/buddy/STM32Cube/Repository/STM32Cube_FW_F4_V1.28.3/Drivers/STM32F4xx_HAL_Driver/Src/stm32f4xx_hal_uart.c.obj
 .debug_aranges
                0x00000870       0x20 /usr/lib/gcc/arm-none-eabi/12.2.1/thumb/v7e-m+fp/hard/libgcc.a(_aeabi_uldivmod.o)
 .debug_aranges
                0x00000890       0x20 /usr/lib/gcc/arm-none-eabi/12.2.1/thumb/v7e-m+fp/hard/libgcc.a(_udivmoddi4.o)
 .debug_aranges
                0x000008b0       0x20 /usr/lib/gcc/arm-none-eabi/12.2.1/thumb/v7e-m+fp/hard/libgcc.a(_dvmd_tls.o)
 .debug_aranges
                0x000008d0       0x20 /usr/lib/gcc/arm-none-eabi/12.2.1/../../../arm-none-eabi/lib/thumb/v7e-m+fp/hard/libg_nano.a(lib_a-errno.o)
 .debug_aranges
                0x000008f0       0x18 /usr/lib/gcc/arm-none-eabi/12.2.1/../../../arm-none-eabi/lib/thumb/v7e-m+fp/hard/libg_nano.a(lib_a-impure.o)
 .debug_aranges
                0x00000908       0x20 /usr/lib/gcc/arm-none-eabi/12.2.1/../../../arm-none-eabi/lib/thumb/v7e-m+fp/hard/libg_nano.a(lib_a-init.o)
 .debug_aranges
                0x00000928       0x20 /usr/lib/gcc/arm-none-eabi/12.2.1/../../../arm-none-eabi/lib/thumb/v7e-m+fp/hard/libg_nano.a(lib_a-memset.o)
 .debug_aranges
                0x00000948       0x20 /usr/lib/gcc/arm-none-eabi/12.2.1/../../../arm-none-eabi/lib/thumb/v7e-m+fp/hard/libg_nano.a(lib_a-sprintf.o)
 .debug_aranges
                0x00000968       0x20 /usr/lib/gcc/arm-none-eabi/12.2.1/../../../arm-none-eabi/lib/thumb/v7e-m+fp/hard/libg_nano.a(lib_a-strlen.o)
 .debug_aranges
                0x00000988       0x20 /usr/lib/gcc/arm-none-eabi/12.2.1/../../../arm-none-eabi/lib/thumb/v7e-m+fp/hard/libg_nano.a(lib_a-nano-svfprintf.o)
 .debug_aranges
                0x000009a8       0x20 /usr/lib/gcc/arm-none-eabi/12.2.1/../../../arm-none-eabi/lib/thumb/v7e-m+fp/hard/libg_nano.a(lib_a-nano-vfprintf_i.o)
 .debug_aranges
                0x000009c8       0x20 /usr/lib/gcc/arm-none-eabi/12.2.1/../../../arm-none-eabi/lib/thumb/v7e-m+fp/hard/libg_nano.a(lib_a-memchr.o)
 .debug_aranges
                0x000009e8       0x20 /usr/lib/gcc/arm-none-eabi/12.2.1/../../../arm-none-eabi/lib/thumb/v7e-m+fp/hard/libg_nano.a(lib_a-memcpy.o)
 .debug_aranges
                0x00000a08       0x20 /usr/lib/gcc/arm-none-eabi/12.2.1/../../../arm-none-eabi/lib/thumb/v7e-m+fp/hard/libg_nano.a(lib_a-memmove.o)
 .debug_aranges
                0x00000a28       0x20 /usr/lib/gcc/arm-none-eabi/12.2.1/../../../arm-none-eabi/lib/thumb/v7e-m+fp/hard/libg_nano.a(lib_a-nano-freer.o)
 .debug_aranges
                0x00000a48       0x20 /usr/lib/gcc/arm-none-eabi/12.2.1/../../../arm-none-eabi/lib/thumb/v7e-m+fp/hard/libg_nano.a(lib_a-nano-mallocr.o)
 .debug_aranges
                0x00000a68       0x20 /usr/lib/gcc/arm-none-eabi/12.2.1/../../../arm-none-eabi/lib/thumb/v7e-m+fp/hard/libg_nano.a(lib_a-nano-reallocr.o)
 .debug_aranges
                0x00000a88       0x20 /usr/lib/gcc/arm-none-eabi/12.2.1/../../../arm-none-eabi/lib/thumb/v7e-m+fp/hard/libg_nano.a(lib_a-sbrkr.o)
 .debug_aranges
                0x00000aa8       0x20 /usr/lib/gcc/arm-none-eabi/12.2.1/../../../arm-none-eabi/lib/thumb/v7e-m+fp/hard/libg_nano.a(lib_a-mlock.o)
 .debug_aranges
                0x00000ac8       0x20 /usr/lib/gcc/arm-none-eabi/12.2.1/../../../arm-none-eabi/lib/thumb/v7e-m+fp/hard/libg_nano.a(lib_a-nano-msizer.o)
 .debug_aranges
                0x00000ae8       0x20 /usr/lib/gcc/arm-none-eabi/12.2.1/../../../arm-none-eabi/lib/thumb/v7e-m+fp/hard/libg_nano.a(lib_a-reent.o)

.debug_rnglists
                0x00000000      0x7dc
 .debug_rnglists
                0x00000000       0x48 CMakeFiles/sodiumBMS.dir/Core/Src/main.c.obj
 .debug_rnglists
                0x00000048       0x49 CMakeFiles/sodiumBMS.dir/Core/Src/stm32f4xx_it.c.obj
 .debug_rnglists
                0x00000091       0x2d CMakeFiles/sodiumBMS.dir/Core/Src/stm32f4xx_hal_msp.c.obj
 .debug_rnglists
                0x000000be       0x13 CMakeFiles/sodiumBMS.dir/Core/Src/sysmem.c.obj
 .debug_rnglists
                0x000000d1       0x19 CMakeFiles/sodiumBMS.dir/startup_stm32f446xx.s.obj
 .debug_rnglists
                0x000000ea       0x1a cmake/stm32cubemx/CMakeFiles/STM32_Drivers.dir/__/__/Core/Src/system_stm32f4xx.c.obj
 .debug_rnglists
                0x00000104       0xb5 cmake/stm32cubemx/CMakeFiles/STM32_Drivers.dir/home/buddy/STM32Cube/Repository/STM32Cube_FW_F4_V1.28.3/Drivers/STM32F4xx_HAL_Driver/Src/stm32f4xx_hal_adc.c.obj
 .debug_rnglists
                0x000001b9       0x66 cmake/stm32cubemx/CMakeFiles/STM32_Drivers.dir/home/buddy/STM32Cube/Repository/STM32Cube_FW_F4_V1.28.3/Drivers/STM32F4xx_HAL_Driver/Src/stm32f4xx_hal_rcc.c.obj
 .debug_rnglists
                0x0000021f       0x5e cmake/stm32cubemx/CMakeFiles/STM32_Drivers.dir/home/buddy/STM32Cube/Repository/STM32Cube_FW_F4_V1.28.3/Drivers/STM32F4xx_HAL_Driver/Src/stm32f4xx_hal_rcc_ex.c.obj
 .debug_rnglists
                0x0000027d       0x3f cmake/stm32cubemx/CMakeFiles/STM32_Drivers.dir/home/buddy/STM32Cube/Repository/STM32Cube_FW_F4_V1.28.3/Drivers/STM32F4xx_HAL_Driver/Src/stm32f4xx_hal_gpio.c.obj
 .debug_rnglists
                0x000002bc       0x70 cmake/stm32cubemx/CMakeFiles/STM32_Drivers.dir/home/buddy/STM32Cube/Repository/STM32Cube_FW_F4_V1.28.3/Drivers/STM32F4xx_HAL_Driver/Src/stm32f4xx_hal_dma.c.obj
 .debug_rnglists
                0x0000032c       0xe0 cmake/stm32cubemx/CMakeFiles/STM32_Drivers.dir/home/buddy/STM32Cube/Repository/STM32Cube_FW_F4_V1.28.3/Drivers/STM32F4xx_HAL_Driver/Src/stm32f4xx_hal_cortex.c.obj
 .debug_rnglists
                0x0000040c       0xaf cmake/stm32cubemx/CMakeFiles/STM32_Drivers.dir/home/buddy/STM32Cube/Repository/STM32Cube_FW_F4_V1.28.3/Drivers/STM32F4xx_HAL_Driver/Src/stm32f4xx_hal.c.obj
 .debug_rnglists
                0x000004bb      0x1bc cmake/stm32cubemx/CMakeFiles/STM32_Drivers.dir/home/buddy/STM32Cube/Repository/STM32Cube_FW_F4_V1.28.3/Drivers/STM32F4xx_HAL_Driver/Src/stm32f4xx_hal_uart.c.obj
 .debug_rnglists
                0x00000677       0x89 /usr/lib/gcc/arm-none-eabi/12.2.1/thumb/v7e-m+fp/hard/libgcc.a(_udivmoddi4.o)
 .debug_rnglists
                0x00000700       0x42 /usr/lib/gcc/arm-none-eabi/12.2.1/../../../arm-none-eabi/lib/thumb/v7e-m+fp/hard/libg_nano.a(lib_a-nano-svfprintf.o)
 .debug_rnglists
                0x00000742       0x61 /usr/lib/gcc/arm-none-eabi/12.2.1/../../../arm-none-eabi/lib/thumb/v7e-m+fp/hard/libg_nano.a(lib_a-nano-vfprintf_i.o)
 .debug_rnglists
                0x000007a3       0x13 /usr/lib/gcc/arm-none-eabi/12.2.1/../../../arm-none-eabi/lib/thumb/v7e-m+fp/hard/libg_nano.a(lib_a-nano-freer.o)
 .debug_rnglists
                0x000007b6       0x26 /usr/lib/gcc/arm-none-eabi/12.2.1/../../../arm-none-eabi/lib/thumb/v7e-m+fp/hard/libg_nano.a(lib_a-nano-mallocr.o)

.debug_macro    0x00000000    0x224b9
 .debug_macro   0x00000000      0x34d CMakeFiles/sodiumBMS.dir/Core/Src/main.c.obj
 .debug_macro   0x0000034d      0xab4 CMakeFiles/sodiumBMS.dir/Core/Src/main.c.obj
 .debug_macro   0x00000e01      0x29b CMakeFiles/sodiumBMS.dir/Core/Src/main.c.obj
 .debug_macro   0x0000109c       0x2e CMakeFiles/sodiumBMS.dir/Core/Src/main.c.obj
 .debug_macro   0x000010ca       0x28 CMakeFiles/sodiumBMS.dir/Core/Src/main.c.obj
 .debug_macro   0x000010f2      0x34e CMakeFiles/sodiumBMS.dir/Core/Src/main.c.obj
 .debug_macro   0x00001440       0x1c CMakeFiles/sodiumBMS.dir/Core/Src/main.c.obj
 .debug_macro   0x0000145c       0x22 CMakeFiles/sodiumBMS.dir/Core/Src/main.c.obj
 .debug_macro   0x0000147e       0xfb CMakeFiles/sodiumBMS.dir/Core/Src/main.c.obj
 .debug_macro   0x00001579     0x1011 CMakeFiles/sodiumBMS.dir/Core/Src/main.c.obj
 .debug_macro   0x0000258a      0x11f CMakeFiles/sodiumBMS.dir/Core/Src/main.c.obj
 .debug_macro   0x000026a9    0x1675e CMakeFiles/sodiumBMS.dir/Core/Src/main.c.obj
 .debug_macro   0x00018e07       0x6d CMakeFiles/sodiumBMS.dir/Core/Src/main.c.obj
 .debug_macro   0x00018e74     0x3693 CMakeFiles/sodiumBMS.dir/Core/Src/main.c.obj
 .debug_macro   0x0001c507      0x189 CMakeFiles/sodiumBMS.dir/Core/Src/main.c.obj
 .debug_macro   0x0001c690       0x5c CMakeFiles/sodiumBMS.dir/Core/Src/main.c.obj
 .debug_macro   0x0001c6ec      0xca5 CMakeFiles/sodiumBMS.dir/Core/Src/main.c.obj
 .debug_macro   0x0001d391      0x9e9 CMakeFiles/sodiumBMS.dir/Core/Src/main.c.obj
 .debug_macro   0x0001dd7a      0x115 CMakeFiles/sodiumBMS.dir/Core/Src/main.c.obj
 .debug_macro   0x0001de8f      0x1a0 CMakeFiles/sodiumBMS.dir/Core/Src/main.c.obj
 .debug_macro   0x0001e02f       0xa5 CMakeFiles/sodiumBMS.dir/Core/Src/main.c.obj
 .debug_macro   0x0001e0d4      0x16d CMakeFiles/sodiumBMS.dir/Core/Src/main.c.obj
 .debug_macro   0x0001e241      0x287 CMakeFiles/sodiumBMS.dir/Core/Src/main.c.obj
 .debug_macro   0x0001e4c8       0x5f CMakeFiles/sodiumBMS.dir/Core/Src/main.c.obj
 .debug_macro   0x0001e527      0x236 CMakeFiles/sodiumBMS.dir/Core/Src/main.c.obj
 .debug_macro   0x0001e75d      0xb5b CMakeFiles/sodiumBMS.dir/Core/Src/main.c.obj
 .debug_macro   0x0001f2b8      0x38b CMakeFiles/sodiumBMS.dir/Core/Src/main.c.obj
 .debug_macro   0x0001f643      0x17d CMakeFiles/sodiumBMS.dir/Core/Src/main.c.obj
 .debug_macro   0x0001f7c0       0xf9 CMakeFiles/sodiumBMS.dir/Core/Src/main.c.obj
 .debug_macro   0x0001f8b9      0x132 CMakeFiles/sodiumBMS.dir/Core/Src/main.c.obj
 .debug_macro   0x0001f9eb      0x29c CMakeFiles/sodiumBMS.dir/Core/Src/main.c.obj
 .debug_macro   0x0001fc87       0x2e CMakeFiles/sodiumBMS.dir/Core/Src/main.c.obj
 .debug_macro   0x0001fcb5      0x127 CMakeFiles/sodiumBMS.dir/Core/Src/main.c.obj
 .debug_macro   0x0001fddc       0xe8 CMakeFiles/sodiumBMS.dir/Core/Src/main.c.obj
 .debug_macro   0x0001fec4       0x89 CMakeFiles/sodiumBMS.dir/Core/Src/main.c.obj
 .debug_macro   0x0001ff4d      0x2aa CMakeFiles/sodiumBMS.dir/Core/Src/main.c.obj
 .debug_macro   0x000201f7      0x126 CMakeFiles/sodiumBMS.dir/Core/Src/main.c.obj
 .debug_macro   0x0002031d       0x34 CMakeFiles/sodiumBMS.dir/Core/Src/main.c.obj
 .debug_macro   0x00020351       0x22 CMakeFiles/sodiumBMS.dir/Core/Src/main.c.obj
 .debug_macro   0x00020373       0x52 CMakeFiles/sodiumBMS.dir/Core/Src/main.c.obj
 .debug_macro   0x000203c5       0x18 CMakeFiles/sodiumBMS.dir/Core/Src/main.c.obj
 .debug_macro   0x000203dd       0x94 CMakeFiles/sodiumBMS.dir/Core/Src/main.c.obj
 .debug_macro   0x00020471       0x35 CMakeFiles/sodiumBMS.dir/Core/Src/main.c.obj
 .debug_macro   0x000204a6       0x34 CMakeFiles/sodiumBMS.dir/Core/Src/main.c.obj
 .debug_macro   0x000204da       0x16 CMakeFiles/sodiumBMS.dir/Core/Src/main.c.obj
 .debug_macro   0x000204f0       0x57 CMakeFiles/sodiumBMS.dir/Core/Src/main.c.obj
 .debug_macro   0x00020547       0x35 CMakeFiles/sodiumBMS.dir/Core/Src/main.c.obj
 .debug_macro   0x0002057c      0x333 CMakeFiles/sodiumBMS.dir/Core/Src/main.c.obj
 .debug_macro   0x000208af       0x10 CMakeFiles/sodiumBMS.dir/Core/Src/main.c.obj
 .debug_macro   0x000208bf       0x16 CMakeFiles/sodiumBMS.dir/Core/Src/main.c.obj
 .debug_macro   0x000208d5       0x43 CMakeFiles/sodiumBMS.dir/Core/Src/main.c.obj
 .debug_macro   0x00020918       0x34 CMakeFiles/sodiumBMS.dir/Core/Src/main.c.obj
 .debug_macro   0x0002094c       0x10 CMakeFiles/sodiumBMS.dir/Core/Src/main.c.obj
 .debug_macro   0x0002095c       0x52 CMakeFiles/sodiumBMS.dir/Core/Src/main.c.obj
 .debug_macro   0x000209ae      0x182 CMakeFiles/sodiumBMS.dir/Core/Src/main.c.obj
 .debug_macro   0x00020b30       0x10 CMakeFiles/sodiumBMS.dir/Core/Src/main.c.obj
 .debug_macro   0x00020b40       0x6a CMakeFiles/sodiumBMS.dir/Core/Src/main.c.obj
 .debug_macro   0x00020baa       0x1c CMakeFiles/sodiumBMS.dir/Core/Src/main.c.obj
 .debug_macro   0x00020bc6       0x52 CMakeFiles/sodiumBMS.dir/Core/Src/main.c.obj
 .debug_macro   0x00020c18       0x22 CMakeFiles/sodiumBMS.dir/Core/Src/main.c.obj
 .debug_macro   0x00020c3a       0x10 CMakeFiles/sodiumBMS.dir/Core/Src/main.c.obj
 .debug_macro   0x00020c4a       0x40 CMakeFiles/sodiumBMS.dir/Core/Src/main.c.obj
 .debug_macro   0x00020c8a       0xd5 CMakeFiles/sodiumBMS.dir/Core/Src/main.c.obj
 .debug_macro   0x00020d5f       0x1c CMakeFiles/sodiumBMS.dir/Core/Src/main.c.obj
 .debug_macro   0x00020d7b       0x3d CMakeFiles/sodiumBMS.dir/Core/Src/main.c.obj
 .debug_macro   0x00020db8       0x16 CMakeFiles/sodiumBMS.dir/Core/Src/main.c.obj
 .debug_macro   0x00020dce      0x16f CMakeFiles/sodiumBMS.dir/Core/Src/main.c.obj
 .debug_macro   0x00020f3d       0x16 CMakeFiles/sodiumBMS.dir/Core/Src/main.c.obj
 .debug_macro   0x00020f53      0x1b2 CMakeFiles/sodiumBMS.dir/Core/Src/stm32f4xx_it.c.obj
 .debug_macro   0x00021105      0x1a8 CMakeFiles/sodiumBMS.dir/Core/Src/stm32f4xx_hal_msp.c.obj
 .debug_macro   0x000212ad       0xce CMakeFiles/sodiumBMS.dir/Core/Src/sysmem.c.obj
 .debug_macro   0x0002137b       0x10 CMakeFiles/sodiumBMS.dir/Core/Src/sysmem.c.obj
 .debug_macro   0x0002138b      0x23b CMakeFiles/sodiumBMS.dir/Core/Src/sysmem.c.obj
 .debug_macro   0x000215c6      0x199 cmake/stm32cubemx/CMakeFiles/STM32_Drivers.dir/__/__/Core/Src/system_stm32f4xx.c.obj
 .debug_macro   0x0002175f      0x19a cmake/stm32cubemx/CMakeFiles/STM32_Drivers.dir/home/buddy/STM32Cube/Repository/STM32Cube_FW_F4_V1.28.3/Drivers/STM32F4xx_HAL_Driver/Src/stm32f4xx_hal_adc.c.obj
 .debug_macro   0x000218f9      0x1bd cmake/stm32cubemx/CMakeFiles/STM32_Drivers.dir/home/buddy/STM32Cube/Repository/STM32Cube_FW_F4_V1.28.3/Drivers/STM32F4xx_HAL_Driver/Src/stm32f4xx_hal_rcc.c.obj
 .debug_macro   0x00021ab6      0x199 cmake/stm32cubemx/CMakeFiles/STM32_Drivers.dir/home/buddy/STM32Cube/Repository/STM32Cube_FW_F4_V1.28.3/Drivers/STM32F4xx_HAL_Driver/Src/stm32f4xx_hal_rcc_ex.c.obj
 .debug_macro   0x00021c4f      0x19f cmake/stm32cubemx/CMakeFiles/STM32_Drivers.dir/home/buddy/STM32Cube/Repository/STM32Cube_FW_F4_V1.28.3/Drivers/STM32F4xx_HAL_Driver/Src/stm32f4xx_hal_gpio.c.obj
 .debug_macro   0x00021dee      0x19f cmake/stm32cubemx/CMakeFiles/STM32_Drivers.dir/home/buddy/STM32Cube/Repository/STM32Cube_FW_F4_V1.28.3/Drivers/STM32F4xx_HAL_Driver/Src/stm32f4xx_hal_dma.c.obj
 .debug_macro   0x00021f8d      0x199 cmake/stm32cubemx/CMakeFiles/STM32_Drivers.dir/home/buddy/STM32Cube/Repository/STM32Cube_FW_F4_V1.28.3/Drivers/STM32F4xx_HAL_Driver/Src/stm32f4xx_hal_cortex.c.obj
 .debug_macro   0x00022126      0x1f9 cmake/stm32cubemx/CMakeFiles/STM32_Drivers.dir/home/buddy/STM32Cube/Repository/STM32Cube_FW_F4_V1.28.3/Drivers/STM32F4xx_HAL_Driver/Src/stm32f4xx_hal.c.obj
 .debug_macro   0x0002231f      0x19a cmake/stm32cubemx/CMakeFiles/STM32_Drivers.dir/home/buddy/STM32Cube/Repository/STM32Cube_FW_F4_V1.28.3/Drivers/STM32F4xx_HAL_Driver/Src/stm32f4xx_hal_uart.c.obj

.debug_line     0x00000000     0xc962
 .debug_line    0x00000000      0x912 CMakeFiles/sodiumBMS.dir/Core/Src/main.c.obj
 .debug_line    0x00000912      0x5d4 CMakeFiles/sodiumBMS.dir/Core/Src/stm32f4xx_it.c.obj
 .debug_line    0x00000ee6      0x5df CMakeFiles/sodiumBMS.dir/Core/Src/stm32f4xx_hal_msp.c.obj
 .debug_line    0x000014c5      0x1c2 CMakeFiles/sodiumBMS.dir/Core/Src/sysmem.c.obj
 .debug_line    0x00001687       0x7a CMakeFiles/sodiumBMS.dir/startup_stm32f446xx.s.obj
 .debug_line    0x00001701      0x56f cmake/stm32cubemx/CMakeFiles/STM32_Drivers.dir/__/__/Core/Src/system_stm32f4xx.c.obj
 .debug_line    0x00001c70     0x1099 cmake/stm32cubemx/CMakeFiles/STM32_Drivers.dir/home/buddy/STM32Cube/Repository/STM32Cube_FW_F4_V1.28.3/Drivers/STM32F4xx_HAL_Driver/Src/stm32f4xx_hal_adc.c.obj
 .debug_line    0x00002d09      0xb97 cmake/stm32cubemx/CMakeFiles/STM32_Drivers.dir/home/buddy/STM32Cube/Repository/STM32Cube_FW_F4_V1.28.3/Drivers/STM32F4xx_HAL_Driver/Src/stm32f4xx_hal_rcc.c.obj
 .debug_line    0x000038a0     0x1206 cmake/stm32cubemx/CMakeFiles/STM32_Drivers.dir/home/buddy/STM32Cube/Repository/STM32Cube_FW_F4_V1.28.3/Drivers/STM32F4xx_HAL_Driver/Src/stm32f4xx_hal_rcc_ex.c.obj
 .debug_line    0x00004aa6      0x97a cmake/stm32cubemx/CMakeFiles/STM32_Drivers.dir/home/buddy/STM32Cube/Repository/STM32Cube_FW_F4_V1.28.3/Drivers/STM32F4xx_HAL_Driver/Src/stm32f4xx_hal_gpio.c.obj
 .debug_line    0x00005420      0xd72 cmake/stm32cubemx/CMakeFiles/STM32_Drivers.dir/home/buddy/STM32Cube/Repository/STM32Cube_FW_F4_V1.28.3/Drivers/STM32F4xx_HAL_Driver/Src/stm32f4xx_hal_dma.c.obj
 .debug_line    0x00006192      0xaf4 cmake/stm32cubemx/CMakeFiles/STM32_Drivers.dir/home/buddy/STM32Cube/Repository/STM32Cube_FW_F4_V1.28.3/Drivers/STM32F4xx_HAL_Driver/Src/stm32f4xx_hal_cortex.c.obj
 .debug_line    0x00006c86      0x802 cmake/stm32cubemx/CMakeFiles/STM32_Drivers.dir/home/buddy/STM32Cube/Repository/STM32Cube_FW_F4_V1.28.3/Drivers/STM32F4xx_HAL_Driver/Src/stm32f4xx_hal.c.obj
 .debug_line    0x00007488     0x2705 cmake/stm32cubemx/CMakeFiles/STM32_Drivers.dir/home/buddy/STM32Cube/Repository/STM32Cube_FW_F4_V1.28.3/Drivers/STM32F4xx_HAL_Driver/Src/stm32f4xx_hal_uart.c.obj
 .debug_line    0x00009b8d       0x4e /usr/lib/gcc/arm-none-eabi/12.2.1/thumb/v7e-m+fp/hard/libgcc.a(_aeabi_uldivmod.o)
 .debug_line    0x00009bdb      0x576 /usr/lib/gcc/arm-none-eabi/12.2.1/thumb/v7e-m+fp/hard/libgcc.a(_udivmoddi4.o)
 .debug_line    0x0000a151       0x4a /usr/lib/gcc/arm-none-eabi/12.2.1/thumb/v7e-m+fp/hard/libgcc.a(_dvmd_tls.o)
 .debug_line    0x0000a19b      0x103 /usr/lib/gcc/arm-none-eabi/12.2.1/../../../arm-none-eabi/lib/thumb/v7e-m+fp/hard/libg_nano.a(lib_a-errno.o)
 .debug_line    0x0000a29e       0xde /usr/lib/gcc/arm-none-eabi/12.2.1/../../../arm-none-eabi/lib/thumb/v7e-m+fp/hard/libg_nano.a(lib_a-impure.o)
 .debug_line    0x0000a37c      0x12c /usr/lib/gcc/arm-none-eabi/12.2.1/../../../arm-none-eabi/lib/thumb/v7e-m+fp/hard/libg_nano.a(lib_a-init.o)
 .debug_line    0x0000a4a8      0x1b0 /usr/lib/gcc/arm-none-eabi/12.2.1/../../../arm-none-eabi/lib/thumb/v7e-m+fp/hard/libg_nano.a(lib_a-memset.o)
 .debug_line    0x0000a658      0x206 /usr/lib/gcc/arm-none-eabi/12.2.1/../../../arm-none-eabi/lib/thumb/v7e-m+fp/hard/libg_nano.a(lib_a-sprintf.o)
 .debug_line    0x0000a85e       0x87 /usr/lib/gcc/arm-none-eabi/12.2.1/../../../arm-none-eabi/lib/thumb/v7e-m+fp/hard/libg_nano.a(lib_a-strlen.o)
 .debug_line    0x0000a8e5      0x833 /usr/lib/gcc/arm-none-eabi/12.2.1/../../../arm-none-eabi/lib/thumb/v7e-m+fp/hard/libg_nano.a(lib_a-nano-svfprintf.o)
 .debug_line    0x0000b118      0x744 /usr/lib/gcc/arm-none-eabi/12.2.1/../../../arm-none-eabi/lib/thumb/v7e-m+fp/hard/libg_nano.a(lib_a-nano-vfprintf_i.o)
 .debug_line    0x0000b85c       0x82 /usr/lib/gcc/arm-none-eabi/12.2.1/../../../arm-none-eabi/lib/thumb/v7e-m+fp/hard/libg_nano.a(lib_a-memchr.o)
 .debug_line    0x0000b8de       0xb9 /usr/lib/gcc/arm-none-eabi/12.2.1/../../../arm-none-eabi/lib/thumb/v7e-m+fp/hard/libg_nano.a(lib_a-memcpy.o)
 .debug_line    0x0000b997      0x1ea /usr/lib/gcc/arm-none-eabi/12.2.1/../../../arm-none-eabi/lib/thumb/v7e-m+fp/hard/libg_nano.a(lib_a-memmove.o)
 .debug_line    0x0000bb81      0x2a6 /usr/lib/gcc/arm-none-eabi/12.2.1/../../../arm-none-eabi/lib/thumb/v7e-m+fp/hard/libg_nano.a(lib_a-nano-freer.o)
 .debug_line    0x0000be27      0x2cd /usr/lib/gcc/arm-none-eabi/12.2.1/../../../arm-none-eabi/lib/thumb/v7e-m+fp/hard/libg_nano.a(lib_a-nano-mallocr.o)
 .debug_line    0x0000c0f4      0x1b4 /usr/lib/gcc/arm-none-eabi/12.2.1/../../../arm-none-eabi/lib/thumb/v7e-m+fp/hard/libg_nano.a(lib_a-nano-reallocr.o)
 .debug_line    0x0000c2a8      0x177 /usr/lib/gcc/arm-none-eabi/12.2.1/../../../arm-none-eabi/lib/thumb/v7e-m+fp/hard/libg_nano.a(lib_a-sbrkr.o)
 .debug_line    0x0000c41f      0x13b /usr/lib/gcc/arm-none-eabi/12.2.1/../../../arm-none-eabi/lib/thumb/v7e-m+fp/hard/libg_nano.a(lib_a-mlock.o)
 .debug_line    0x0000c55a      0x154 /usr/lib/gcc/arm-none-eabi/12.2.1/../../../arm-none-eabi/lib/thumb/v7e-m+fp/hard/libg_nano.a(lib_a-nano-msizer.o)
 .debug_line    0x0000c6ae      0x2b4 /usr/lib/gcc/arm-none-eabi/12.2.1/../../../arm-none-eabi/lib/thumb/v7e-m+fp/hard/libg_nano.a(lib_a-reent.o)

.debug_str      0x00000000    0xd6808
 .debug_str     0x00000000    0xd2e3c CMakeFiles/sodiumBMS.dir/Core/Src/main.c.obj
                              0xd31e7 (size before relaxing)
 .debug_str     0x000d2e3c      0x10f CMakeFiles/sodiumBMS.dir/Core/Src/stm32f4xx_it.c.obj
                              0xce9d6 (size before relaxing)
 .debug_str     0x000d2f4b       0xbf CMakeFiles/sodiumBMS.dir/Core/Src/stm32f4xx_hal_msp.c.obj
                              0xcef03 (size before relaxing)
 .debug_str     0x000d300a      0x4f5 CMakeFiles/sodiumBMS.dir/Core/Src/sysmem.c.obj
                               0x5676 (size before relaxing)
 .debug_str     0x000d34ff       0x4e CMakeFiles/sodiumBMS.dir/startup_stm32f446xx.s.obj
                                 0x72 (size before relaxing)
 .debug_str     0x000d354d      0x12c cmake/stm32cubemx/CMakeFiles/STM32_Drivers.dir/__/__/Core/Src/system_stm32f4xx.c.obj
                              0xce7e3 (size before relaxing)
 .debug_str     0x000d3679      0x2f9 cmake/stm32cubemx/CMakeFiles/STM32_Drivers.dir/home/buddy/STM32Cube/Repository/STM32Cube_FW_F4_V1.28.3/Drivers/STM32F4xx_HAL_Driver/Src/stm32f4xx_hal_adc.c.obj
                              0xcedbb (size before relaxing)
 .debug_str     0x000d3972      0x2a2 cmake/stm32cubemx/CMakeFiles/STM32_Drivers.dir/home/buddy/STM32Cube/Repository/STM32Cube_FW_F4_V1.28.3/Drivers/STM32F4xx_HAL_Driver/Src/stm32f4xx_hal_rcc.c.obj
                              0xcec21 (size before relaxing)
 .debug_str     0x000d3c14      0x35a cmake/stm32cubemx/CMakeFiles/STM32_Drivers.dir/home/buddy/STM32Cube/Repository/STM32Cube_FW_F4_V1.28.3/Drivers/STM32F4xx_HAL_Driver/Src/stm32f4xx_hal_rcc_ex.c.obj
                              0xcec5f (size before relaxing)
 .debug_str     0x000d3f6e      0x144 cmake/stm32cubemx/CMakeFiles/STM32_Drivers.dir/home/buddy/STM32Cube/Repository/STM32Cube_FW_F4_V1.28.3/Drivers/STM32F4xx_HAL_Driver/Src/stm32f4xx_hal_gpio.c.obj
                              0xce96e (size before relaxing)
 .debug_str     0x000d40b2      0x305 cmake/stm32cubemx/CMakeFiles/STM32_Drivers.dir/home/buddy/STM32Cube/Repository/STM32Cube_FW_F4_V1.28.3/Drivers/STM32F4xx_HAL_Driver/Src/stm32f4xx_hal_dma.c.obj
                              0xcebf3 (size before relaxing)
 .debug_str     0x000d43b7      0x3f3 cmake/stm32cubemx/CMakeFiles/STM32_Drivers.dir/home/buddy/STM32Cube/Repository/STM32Cube_FW_F4_V1.28.3/Drivers/STM32F4xx_HAL_Driver/Src/stm32f4xx_hal_cortex.c.obj
                              0xcf110 (size before relaxing)
 .debug_str     0x000d47aa      0x5aa cmake/stm32cubemx/CMakeFiles/STM32_Drivers.dir/home/buddy/STM32Cube/Repository/STM32Cube_FW_F4_V1.28.3/Drivers/STM32F4xx_HAL_Driver/Src/stm32f4xx_hal.c.obj
                              0xcf3cd (size before relaxing)
 .debug_str     0x000d4d54      0x635 cmake/stm32cubemx/CMakeFiles/STM32_Drivers.dir/home/buddy/STM32Cube/Repository/STM32Cube_FW_F4_V1.28.3/Drivers/STM32F4xx_HAL_Driver/Src/stm32f4xx_hal_uart.c.obj
                              0xcf1d8 (size before relaxing)
 .debug_str     0x000d5389       0xa3 /usr/lib/gcc/arm-none-eabi/12.2.1/thumb/v7e-m+fp/hard/libgcc.a(_aeabi_uldivmod.o)
 .debug_str     0x000d542c      0x576 /usr/lib/gcc/arm-none-eabi/12.2.1/thumb/v7e-m+fp/hard/libgcc.a(_udivmoddi4.o)
                                0x676 (size before relaxing)
 .debug_str     0x000d59a2       0x4c /usr/lib/gcc/arm-none-eabi/12.2.1/thumb/v7e-m+fp/hard/libgcc.a(_dvmd_tls.o)
                                 0xc3 (size before relaxing)
 .debug_str     0x000d59ee      0x3f0 /usr/lib/gcc/arm-none-eabi/12.2.1/../../../arm-none-eabi/lib/thumb/v7e-m+fp/hard/libg_nano.a(lib_a-errno.o)
                                0x4f7 (size before relaxing)
 .debug_str     0x000d5dde       0xd9 /usr/lib/gcc/arm-none-eabi/12.2.1/../../../arm-none-eabi/lib/thumb/v7e-m+fp/hard/libg_nano.a(lib_a-impure.o)
                                0x54e (size before relaxing)
 .debug_str     0x000d5eb7       0xf0 /usr/lib/gcc/arm-none-eabi/12.2.1/../../../arm-none-eabi/lib/thumb/v7e-m+fp/hard/libg_nano.a(lib_a-init.o)
                                0x1fb (size before relaxing)
 .debug_str     0x000d5fa7       0xa4 /usr/lib/gcc/arm-none-eabi/12.2.1/../../../arm-none-eabi/lib/thumb/v7e-m+fp/hard/libg_nano.a(lib_a-memset.o)
                                0x1b0 (size before relaxing)
 .debug_str     0x000d604b       0xac /usr/lib/gcc/arm-none-eabi/12.2.1/../../../arm-none-eabi/lib/thumb/v7e-m+fp/hard/libg_nano.a(lib_a-sprintf.o)
                                0x53c (size before relaxing)
 .debug_str     0x000d60f7       0xa3 /usr/lib/gcc/arm-none-eabi/12.2.1/../../../arm-none-eabi/lib/thumb/v7e-m+fp/hard/libg_nano.a(lib_a-strlen.o)
                                 0xb6 (size before relaxing)
 .debug_str     0x000d619a      0x298 /usr/lib/gcc/arm-none-eabi/12.2.1/../../../arm-none-eabi/lib/thumb/v7e-m+fp/hard/libg_nano.a(lib_a-nano-svfprintf.o)
                                0x845 (size before relaxing)
 .debug_str     0x000d6432       0x8d /usr/lib/gcc/arm-none-eabi/12.2.1/../../../arm-none-eabi/lib/thumb/v7e-m+fp/hard/libg_nano.a(lib_a-nano-vfprintf_i.o)
                                0x7dc (size before relaxing)
 .debug_str     0x000d64bf       0x3c /usr/lib/gcc/arm-none-eabi/12.2.1/../../../arm-none-eabi/lib/thumb/v7e-m+fp/hard/libg_nano.a(lib_a-memchr.o)
                                 0xa9 (size before relaxing)
 .debug_str     0x000d64fb       0x43 /usr/lib/gcc/arm-none-eabi/12.2.1/../../../arm-none-eabi/lib/thumb/v7e-m+fp/hard/libg_nano.a(lib_a-memcpy.o)
                                 0xb7 (size before relaxing)
 .debug_str     0x000d653e       0x66 /usr/lib/gcc/arm-none-eabi/12.2.1/../../../arm-none-eabi/lib/thumb/v7e-m+fp/hard/libg_nano.a(lib_a-memmove.o)
                                0x1cf (size before relaxing)
 .debug_str     0x000d65a4      0x110 /usr/lib/gcc/arm-none-eabi/12.2.1/../../../arm-none-eabi/lib/thumb/v7e-m+fp/hard/libg_nano.a(lib_a-nano-freer.o)
                                0x585 (size before relaxing)
 .debug_str     0x000d66b4       0x46 /usr/lib/gcc/arm-none-eabi/12.2.1/../../../arm-none-eabi/lib/thumb/v7e-m+fp/hard/libg_nano.a(lib_a-nano-mallocr.o)
                                0x5ba (size before relaxing)
 .debug_str     0x000d66fa       0x23 /usr/lib/gcc/arm-none-eabi/12.2.1/../../../arm-none-eabi/lib/thumb/v7e-m+fp/hard/libg_nano.a(lib_a-nano-reallocr.o)
                                0x56f (size before relaxing)
 .debug_str     0x000d671d       0x32 /usr/lib/gcc/arm-none-eabi/12.2.1/../../../arm-none-eabi/lib/thumb/v7e-m+fp/hard/libg_nano.a(lib_a-sbrkr.o)
                                0x506 (size before relaxing)
 .debug_str     0x000d674f       0x4c /usr/lib/gcc/arm-none-eabi/12.2.1/../../../arm-none-eabi/lib/thumb/v7e-m+fp/hard/libg_nano.a(lib_a-mlock.o)
                                0x51c (size before relaxing)
 .debug_str     0x000d679b        0xf /usr/lib/gcc/arm-none-eabi/12.2.1/../../../arm-none-eabi/lib/thumb/v7e-m+fp/hard/libg_nano.a(lib_a-nano-msizer.o)
                                0x54d (size before relaxing)
 .debug_str     0x000d67aa       0x5e /usr/lib/gcc/arm-none-eabi/12.2.1/../../../arm-none-eabi/lib/thumb/v7e-m+fp/hard/libg_nano.a(lib_a-reent.o)
                                0x52e (size before relaxing)

.debug_frame    0x00000000     0x2530
 .debug_frame   0x00000000      0x13c CMakeFiles/sodiumBMS.dir/Core/Src/main.c.obj
 .debug_frame   0x0000013c      0x120 CMakeFiles/sodiumBMS.dir/Core/Src/stm32f4xx_it.c.obj
 .debug_frame   0x0000025c       0xc8 CMakeFiles/sodiumBMS.dir/Core/Src/stm32f4xx_hal_msp.c.obj
 .debug_frame   0x00000324       0x34 CMakeFiles/sodiumBMS.dir/Core/Src/sysmem.c.obj
 .debug_frame   0x00000358       0x58 cmake/stm32cubemx/CMakeFiles/STM32_Drivers.dir/__/__/Core/Src/system_stm32f4xx.c.obj
 .debug_frame   0x000003b0      0x3fc cmake/stm32cubemx/CMakeFiles/STM32_Drivers.dir/home/buddy/STM32Cube/Repository/STM32Cube_FW_F4_V1.28.3/Drivers/STM32F4xx_HAL_Driver/Src/stm32f4xx_hal_adc.c.obj
 .debug_frame   0x000007ac      0x1f4 cmake/stm32cubemx/CMakeFiles/STM32_Drivers.dir/home/buddy/STM32Cube/Repository/STM32Cube_FW_F4_V1.28.3/Drivers/STM32F4xx_HAL_Driver/Src/stm32f4xx_hal_rcc.c.obj
 .debug_frame   0x000009a0      0x1e8 cmake/stm32cubemx/CMakeFiles/STM32_Drivers.dir/home/buddy/STM32Cube/Repository/STM32Cube_FW_F4_V1.28.3/Drivers/STM32F4xx_HAL_Driver/Src/stm32f4xx_hal_rcc_ex.c.obj
 .debug_frame   0x00000b88      0x14c cmake/stm32cubemx/CMakeFiles/STM32_Drivers.dir/home/buddy/STM32Cube/Repository/STM32Cube_FW_F4_V1.28.3/Drivers/STM32F4xx_HAL_Driver/Src/stm32f4xx_hal_gpio.c.obj
 .debug_frame   0x00000cd4      0x250 cmake/stm32cubemx/CMakeFiles/STM32_Drivers.dir/home/buddy/STM32Cube/Repository/STM32Cube_FW_F4_V1.28.3/Drivers/STM32F4xx_HAL_Driver/Src/stm32f4xx_hal_dma.c.obj
 .debug_frame   0x00000f24      0x508 cmake/stm32cubemx/CMakeFiles/STM32_Drivers.dir/home/buddy/STM32Cube/Repository/STM32Cube_FW_F4_V1.28.3/Drivers/STM32F4xx_HAL_Driver/Src/stm32f4xx_hal_cortex.c.obj
 .debug_frame   0x0000142c      0x374 cmake/stm32cubemx/CMakeFiles/STM32_Drivers.dir/home/buddy/STM32Cube/Repository/STM32Cube_FW_F4_V1.28.3/Drivers/STM32F4xx_HAL_Driver/Src/stm32f4xx_hal.c.obj
 .debug_frame   0x000017a0      0x954 cmake/stm32cubemx/CMakeFiles/STM32_Drivers.dir/home/buddy/STM32Cube/Repository/STM32Cube_FW_F4_V1.28.3/Drivers/STM32F4xx_HAL_Driver/Src/stm32f4xx_hal_uart.c.obj
 .debug_frame   0x000020f4       0x2c /usr/lib/gcc/arm-none-eabi/12.2.1/thumb/v7e-m+fp/hard/libgcc.a(_aeabi_uldivmod.o)
 .debug_frame   0x00002120       0x34 /usr/lib/gcc/arm-none-eabi/12.2.1/thumb/v7e-m+fp/hard/libgcc.a(_udivmoddi4.o)
 .debug_frame   0x00002154       0x20 /usr/lib/gcc/arm-none-eabi/12.2.1/../../../arm-none-eabi/lib/thumb/v7e-m+fp/hard/libg_nano.a(lib_a-errno.o)
 .debug_frame   0x00002174       0x2c /usr/lib/gcc/arm-none-eabi/12.2.1/../../../arm-none-eabi/lib/thumb/v7e-m+fp/hard/libg_nano.a(lib_a-init.o)
 .debug_frame   0x000021a0       0x2c /usr/lib/gcc/arm-none-eabi/12.2.1/../../../arm-none-eabi/lib/thumb/v7e-m+fp/hard/libg_nano.a(lib_a-memset.o)
 .debug_frame   0x000021cc       0x74 /usr/lib/gcc/arm-none-eabi/12.2.1/../../../arm-none-eabi/lib/thumb/v7e-m+fp/hard/libg_nano.a(lib_a-sprintf.o)
 .debug_frame   0x00002240       0x98 /usr/lib/gcc/arm-none-eabi/12.2.1/../../../arm-none-eabi/lib/thumb/v7e-m+fp/hard/libg_nano.a(lib_a-nano-svfprintf.o)