Archive member included to satisfy reference by file (symbol)

/usr/lib/gcc/arm-none-eabi/12.2.1/thumb/v7e-m+fp/hard/libgcc.a(_aeabi_uldivmod.o)
                              cmake/stm32cubemx/CMakeFiles/STM32_Drivers.dir/home/buddy/STM32Cube/Repository/STM32Cube_FW_F4_V1.28.3/Drivers/STM32F4xx_HAL_Driver/Src/stm32f4xx_hal_rcc.c.obj (__aeabi_uldivmod)
/usr/lib/gcc/arm-none-eabi/12.2.1/thumb/v7e-m+fp/hard/libgcc.a(_udivmoddi4.o)
                              /usr/lib/gcc/arm-none-eabi/12.2.1/thumb/v7e-m+fp/hard/libgcc.a(_aeabi_uldivmod.o) (__udivmoddi4)
/usr/lib/gcc/arm-none-eabi/12.2.1/thumb/v7e-m+fp/hard/libgcc.a(_dvmd_tls.o)
                              /usr/lib/gcc/arm-none-eabi/12.2.1/thumb/v7e-m+fp/hard/libgcc.a(_aeabi_uldivmod.o) (__aeabi_ldiv0)
/usr/lib/gcc/arm-none-eabi/12.2.1/../../../arm-none-eabi/lib/thumb/v7e-m+fp/hard/libg_nano.a(lib_a-atexit.o)
                              /usr/lib/gcc/arm-none-eabi/12.2.1/../../../arm-none-eabi/lib/thumb/v7e-m+fp/hard/crt0.o (atexit)
/usr/lib/gcc/arm-none-eabi/12.2.1/../../../arm-none-eabi/lib/thumb/v7e-m+fp/hard/libg_nano.a(lib_a-errno.o)
                              CMakeFiles/sodiumBMS.dir/Core/Src/sysmem.c.obj (__errno)
/usr/lib/gcc/arm-none-eabi/12.2.1/../../../arm-none-eabi/lib/thumb/v7e-m+fp/hard/libg_nano.a(lib_a-exit.o)
                              /usr/lib/gcc/arm-none-eabi/12.2.1/../../../arm-none-eabi/lib/thumb/v7e-m+fp/hard/crt0.o (exit)
/usr/lib/gcc/arm-none-eabi/12.2.1/../../../arm-none-eabi/lib/thumb/v7e-m+fp/hard/libg_nano.a(lib_a-fini.o)
                              /usr/lib/gcc/arm-none-eabi/12.2.1/../../../arm-none-eabi/lib/thumb/v7e-m+fp/hard/crt0.o (__libc_fini_array)
/usr/lib/gcc/arm-none-eabi/12.2.1/../../../arm-none-eabi/lib/thumb/v7e-m+fp/hard/libg_nano.a(lib_a-impure.o)
                              /usr/lib/gcc/arm-none-eabi/12.2.1/../../../arm-none-eabi/lib/thumb/v7e-m+fp/hard/libg_nano.a(lib_a-exit.o) (_global_impure_ptr)
/usr/lib/gcc/arm-none-eabi/12.2.1/../../../arm-none-eabi/lib/thumb/v7e-m+fp/hard/libg_nano.a(lib_a-init.o)
                              /usr/lib/gcc/arm-none-eabi/12.2.1/../../../arm-none-eabi/lib/thumb/v7e-m+fp/hard/crt0.o (__libc_init_array)
/usr/lib/gcc/arm-none-eabi/12.2.1/../../../arm-none-eabi/lib/thumb/v7e-m+fp/hard/libg_nano.a(lib_a-memset.o)
                              /usr/lib/gcc/arm-none-eabi/12.2.1/../../../arm-none-eabi/lib/thumb/v7e-m+fp/hard/crt0.o (memset)
/usr/lib/gcc/arm-none-eabi/12.2.1/../../../arm-none-eabi/lib/thumb/v7e-m+fp/hard/libg_nano.a(lib_a-snprintf.o)
                              CMakeFiles/sodiumBMS.dir/Core/Src/main.c.obj (snprintf)
/usr/lib/gcc/arm-none-eabi/12.2.1/../../../arm-none-eabi/lib/thumb/v7e-m+fp/hard/libg_nano.a(lib_a-sprintf.o)
                              CMakeFiles/sodiumBMS.dir/Core/Src/main.c.obj (sprintf)
/usr/lib/gcc/arm-none-eabi/12.2.1/../../../arm-none-eabi/lib/thumb/v7e-m+fp/hard/libg_nano.a(lib_a-strlen.o)
                              CMakeFiles/sodiumBMS.dir/Core/Src/main.c.obj (strlen)
/usr/lib/gcc/arm-none-eabi/12.2.1/../../../arm-none-eabi/lib/thumb/v7e-m+fp/hard/libg_nano.a(lib_a-__atexit.o)
                              /usr/lib/gcc/arm-none-eabi/12.2.1/../../../arm-none-eabi/lib/thumb/v7e-m+fp/hard/libg_nano.a(lib_a-atexit.o) (__register_exitproc)
/usr/lib/gcc/arm-none-eabi/12.2.1/../../../arm-none-eabi/lib/thumb/v7e-m+fp/hard/libg_nano.a(lib_a-__call_atexit.o)
                              /usr/lib/gcc/arm-none-eabi/12.2.1/../../../arm-none-eabi/lib/thumb/v7e-m+fp/hard/libg_nano.a(lib_a-__atexit.o) (__call_exitprocs)
/usr/lib/gcc/arm-none-eabi/12.2.1/../../../arm-none-eabi/lib/thumb/v7e-m+fp/hard/libg_nano.a(lib_a-nano-svfprintf.o)
                              /usr/lib/gcc/arm-none-eabi/12.2.1/../../../arm-none-eabi/lib/thumb/v7e-m+fp/hard/libg_nano.a(lib_a-snprintf.o) (_svfprintf_r)
/usr/lib/gcc/arm-none-eabi/12.2.1/../../../arm-none-eabi/lib/thumb/v7e-m+fp/hard/libg_nano.a(lib_a-nano-vfprintf_i.o)
                              /usr/lib/gcc/arm-none-eabi/12.2.1/../../../arm-none-eabi/lib/thumb/v7e-m+fp/hard/libg_nano.a(lib_a-nano-svfprintf.o) (_printf_i)
/usr/lib/gcc/arm-none-eabi/12.2.1/../../../arm-none-eabi/lib/thumb/v7e-m+fp/hard/libg_nano.a(lib_a-memchr.o)
                              /usr/lib/gcc/arm-none-eabi/12.2.1/../../../arm-none-eabi/lib/thumb/v7e-m+fp/hard/libg_nano.a(lib_a-nano-svfprintf.o) (memchr)
/usr/lib/gcc/arm-none-eabi/12.2.1/../../../arm-none-eabi/lib/thumb/v7e-m+fp/hard/libg_nano.a(lib_a-memcpy.o)
                              /usr/lib/gcc/arm-none-eabi/12.2.1/../../../arm-none-eabi/lib/thumb/v7e-m+fp/hard/libg_nano.a(lib_a-nano-svfprintf.o) (memcpy)
/usr/lib/gcc/arm-none-eabi/12.2.1/../../../arm-none-eabi/lib/thumb/v7e-m+fp/hard/libg_nano.a(lib_a-memmove.o)
                              /usr/lib/gcc/arm-none-eabi/12.2.1/../../../arm-none-eabi/lib/thumb/v7e-m+fp/hard/libg_nano.a(lib_a-nano-svfprintf.o) (memmove)
[...]
Memory Configuration

Name             Origin             Length             Attributes
RAM              0x20000000         0x00020000         xrw
FLASH            0x08000000         0x00080000         xr
*default*        0x00000000         0xffffffff

Linker script and memory map

LOAD /usr/lib/gcc/arm-none-eabi/12.2.1/thumb/v7e-m+fp/hard/crti.o
LOAD /usr/lib/gcc/arm-none-eabi/12.2.1/thumb/v7e-m+fp/hard/crtbegin.o
LOAD /usr/lib/gcc/arm-none-eabi/12.2.1/../../../arm-none-eabi/lib/thumb/v7e-m+fp/hard/crt0.o
LOAD CMakeFiles/sodiumBMS.dir/Core/Src/main.c.obj
LOAD CMakeFiles/sodiumBMS.dir/Core/Src/stm32f4xx_it.c.obj
LOAD CMakeFiles/sodiumBMS.dir/Core/Src/stm32f4xx_hal_msp.c.obj
LOAD CMakeFiles/sodiumBMS.dir/Core/Src/sysmem.c.obj
LOAD CMakeFiles/sodiumBMS.dir/Core/Src/syscalls.c.obj
LOAD CMakeFiles/sodiumBMS.dir/startup_stm32f446xx.s.obj
LOAD cmake/stm32cubemx/CMakeFiles/STM32_Drivers.dir/__/__/Core/Src/system_stm32f4xx.c.obj
LOAD cmake/stm32cubemx/CMakeFiles/STM32_Drivers.dir/home/buddy/STM32Cube/Repository/STM32Cube_FW_F4_V1.28.3/Drivers/STM32F4xx_HAL_Driver/Src/stm32f4xx_hal_adc.c.obj
LOAD cmake/stm32cubemx/CMakeFiles/STM32_Drivers.dir/home/buddy/STM32Cube/Repository/STM32Cube_FW_F4_V1.28.3/Drivers/STM32F4xx_HAL_Driver/Src/stm32f4xx_hal_adc_ex.c.obj
LOAD cmake/stm32cubemx/CMakeFiles/STM32_Drivers.dir/home/buddy/STM32Cube/Repository/STM32Cube_FW_F4_V1.28.3/Drivers/STM32F4xx_HAL_Driver/Src/stm32f4xx_hal_rcc.c.obj
LOAD cmake/stm32cubemx/CMakeFiles/STM32_Drivers.dir/home/buddy/STM32Cube/Repository/STM32Cube_FW_F4_V1.28.3/Drivers/STM32F4xx_HAL_Driver/Src/stm32f4xx_hal_rcc_ex.c.obj
LOAD cmake/stm32cubemx/CMakeFiles/STM32_Drivers.dir/home/buddy/STM32Cube/Repository/STM32Cube_FW_F4_V1.28.3/Drivers/STM32F4xx_HAL_Driver/Src/stm32f4xx_hal_flash.c.obj
LOAD cmake/stm32cubemx/CMakeFiles/STM32_Drivers.dir/home/buddy/STM32Cube/Repository/STM32Cube_FW_F4_V1.28.3/Drivers/STM32F4xx_HAL_Driver/Src/stm32f4xx_hal_flash_ex.c.obj
LOAD cmake/stm32cubemx/CMakeFiles/STM32_Drivers.dir/home/buddy/STM32Cube/Repository/STM32Cube_FW_F4_V1.28.3/Drivers/STM32F4xx_HAL_Driver/Src/stm32f4xx_hal_flash_ramfunc.c.obj
LOAD cmake/stm32cubemx/CMakeFiles/STM32_Drivers.dir/home/buddy/STM32Cube/Repository/STM32Cube_FW_F4_V1.28.3/Drivers/STM32F4xx_HAL_Driver/Src/stm32f4xx_hal_gpio.c.obj
LOAD cmake/stm32cubemx/CMakeFiles/STM32_Drivers.dir/home/buddy/STM32Cube/Repository/STM32Cube_FW_F4_V1.28.3/Drivers/STM32F4xx_HAL_Driver/Src/stm32f4xx_hal_dma_ex.c.obj
LOAD cmake/stm32cubemx/CMakeFiles/STM32_Drivers.dir/home/buddy/STM32Cube/Repository/STM32Cube_FW_F4_V1.28.3/Drivers/STM32F4xx_HAL_Driver/Src/stm32f4xx_hal_dma.c.obj
LOAD cmake/stm32cubemx/CMakeFiles/STM32_Drivers.dir/home/buddy/STM32Cube/Repository/STM32Cube_FW_F4_V1.28.3/Drivers/STM32F4xx_HAL_Driver/Src/stm32f4xx_hal_pwr.c.obj
LOAD cmake/stm32cubemx/CMakeFiles/STM32_Drivers.dir/home/buddy/STM32Cube/Repository/STM32Cube_FW_F4_V1.28.3/Drivers/STM32F4xx_HAL_Driver/Src/stm32f4xx_hal_pwr_ex.c.obj
LOAD cmake/stm32cubemx/CMakeFiles/STM32_Drivers.dir/home/buddy/STM32Cube/Repository/STM32Cube_FW_F4_V1.28.3/Drivers/STM32F4xx_HAL_Driver/Src/stm32f4xx_hal_cortex.c.obj
LOAD cmake/stm32cubemx/CMakeFiles/STM32_Drivers.dir/home/buddy/STM32Cube/Repository/STM32Cube_FW_F4_V1.28.3/Drivers/STM32F4xx_HAL_Driver/Src/stm32f4xx_hal.c.obj
LOAD cmake/stm32cubemx/CMakeFiles/STM32_Drivers.dir/home/buddy/STM32Cube/Repository/STM32Cube_FW_F4_V1.28.3/Drivers/STM32F4xx_HAL_Driver/Src/stm32f4xx_hal_exti.c.obj
LOAD cmake/stm32cubemx/CMakeFiles/STM32_Drivers.dir/home/buddy/STM32Cube/Repository/STM32Cube_FW_F4_V1.28.3/Drivers/STM32F4xx_HAL_Driver/Src/stm32f4xx_hal_uart.c.obj
LOAD /usr/lib/gcc/arm-none-eabi/12.2.1/../../../arm-none-eabi/lib/thumb/v7e-m+fp/hard/libm.a
START GROUP
LOAD /usr/lib/gcc/arm-none-eabi/12.2.1/thumb/v7e-m+fp/hard/libgcc.a
LOAD /usr/lib/gcc/arm-none-eabi/12.2.1/../../../arm-none-eabi/lib/thumb/v7e-m+fp/hard/libg_nano.a
LOAD /usr/lib/gcc/arm-none-eabi/12.2.1/../../../arm-none-eabi/lib/thumb/v7e-m+fp/hard/libc_nano.a
END GROUP
START GROUP
LOAD /usr/lib/gcc/arm-none-eabi/12.2.1/thumb/v7e-m+fp/hard/libgcc.a
LOAD /usr/lib/gcc/arm-none-eabi/12.2.1/../../../arm-none-eabi/lib/thumb/v7e-m+fp/hard/libc_nano.a
END GROUP
LOAD /usr/lib/gcc/arm-none-eabi/12.2.1/thumb/v7e-m+fp/hard/crtend.o
LOAD /usr/lib/gcc/arm-none-eabi/12.2.1/thumb/v7e-m+fp/hard/crtn.o
                0x20020000                        _estack = (ORIGIN (RAM) + LENGTH (RAM))
                0x2001fc00                        _sstack = (_estack - _Min_Stack_Size)
                0x00000200                        _Min_Heap_Size = 0x200
                0x00000400                        _Min_Stack_Size = 0x400

.isr_vector     0x08000000      0x1c4
                0x08000000                        . = ALIGN (0x4)
 *(.isr_vector)
 .isr_vector    0x08000000      0x1c4 CMakeFiles/sodiumBMS.dir/startup_stm32f446xx.s.obj
                0x08000000                g_pfnVectors
                0x080001c4                        . = ALIGN (0x4)

.text           0x08000200     0x4514
                0x08000200                        . = ALIGN (0x4)
 *(.text)
 .text          0x08000200       0x88 /usr/lib/gcc/arm-none-eabi/12.2.1/thumb/v7e-m+fp/hard/crtbegin.o
 .text          0x08000288       0x30 /usr/lib/gcc/arm-none-eabi/12.2.1/thumb/v7e-m+fp/hard/libgcc.a(_aeabi_uldivmod.o)
                0x08000288                __aeabi_uldivmod
 .text          0x080002b8      0x2bc /usr/lib/gcc/arm-none-eabi/12.2.1/thumb/v7e-m+fp/hard/libgcc.a(_udivmoddi4.o)
                0x080002b8                __udivmoddi4
 .text          0x08000574        0x4 /usr/lib/gcc/arm-none-eabi/12.2.1/thumb/v7e-m+fp/hard/libgcc.a(_dvmd_tls.o)
                0x08000574                __aeabi_ldiv0
                0x08000574                __aeabi_idiv0
 .text          0x08000578        0xc /usr/lib/gcc/arm-none-eabi/12.2.1/../../../arm-none-eabi/lib/thumb/v7e-m+fp/hard/libg_nano.a(lib_a-errno.o)
                0x08000578                __errno
 .text          0x08000584       0x50 /usr/lib/gcc/arm-none-eabi/12.2.1/../../../arm-none-eabi/lib/thumb/v7e-m+fp/hard/libg_nano.a(lib_a-init.o)
                0x08000584                __libc_init_array
 .text          0x080005d4       0xa4 /usr/lib/gcc/arm-none-eabi/12.2.1/../../../arm-none-eabi/lib/thumb/v7e-m+fp/hard/libg_nano.a(lib_a-memset.o)
                0x080005d4                memset
 .text          0x08000678      0x108 /usr/lib/gcc/arm-none-eabi/12.2.1/../../../arm-none-eabi/lib/thumb/v7e-m+fp/hard/libg_nano.a(lib_a-snprintf.o)
                0x08000678                _sniprintf_r
                0x08000678                _snprintf_r
                0x080006f8                snprintf
                0x080006f8                sniprintf
 .text          0x08000780       0x78 /usr/lib/gcc/arm-none-eabi/12.2.1/../../../arm-none-eabi/lib/thumb/v7e-m+fp/hard/libg_nano.a(lib_a-sprintf.o)
                0x08000780                _siprintf_r
                0x08000780                _sprintf_r
                0x080007b8                sprintf
                0x080007b8                siprintf
 *fill*         0x080007f8        0x8 
 .text          0x08000800       0xdc /usr/lib/gcc/arm-none-eabi/12.2.1/../../../arm-none-eabi/lib/thumb/v7e-m+fp/hard/libg_nano.a(lib_a-strlen.o)
                0x08000800                strlen
 .text          0x080008dc      0x3e8 /usr/lib/gcc/arm-none-eabi/12.2.1/../../../arm-none-eabi/lib/thumb/v7e-m+fp/hard/libg_nano.a(lib_a-nano-svfprintf.o)
                0x080008dc                __ssputs_r
                0x080009a0                __ssprint_r
                0x08000a9c                _svfprintf_r
                0x08000a9c                _svfiprintf_r
 .text          0x08000cc4      0x3d0 /usr/lib/gcc/arm-none-eabi/12.2.1/../../../arm-none-eabi/lib/thumb/v7e-m+fp/hard/libg_nano.a(lib_a-nano-vfprintf_i.o)
                0x08000cc4                _printf_common
                0x08000dec                _printf_i
 *fill*         0x08001094        0xc 
 .text          0x080010a0       0xa0 /usr/lib/gcc/arm-none-eabi/12.2.1/../../../arm-none-eabi/lib/thumb/v7e-m+fp/hard/libg_nano.a(lib_a-memchr.o)
                0x080010a0                memchr
 .text          0x08001140      0x134 /usr/lib/gcc/arm-none-eabi/12.2.1/../../../arm-none-eabi/lib/thumb/v7e-m+fp/hard/libg_nano.a(lib_a-memcpy.o)
                0x08001140                memcpy
 .text          0x08001274      0x100 /usr/lib/gcc/arm-none-eabi/12.2.1/../../../arm-none-eabi/lib/thumb/v7e-m+fp/hard/libg_nano.a(lib_a-memmove.o)
                0x08001274                memmove
 .text          0x08001374       0xbc /usr/lib/gcc/arm-none-eabi/12.2.1/../../../arm-none-eabi/lib/thumb/v7e-m+fp/hard/libg_nano.a(lib_a-nano-freer.o)
                0x08001374                _free_r
 .text          0x08001430       0xb4 /usr/lib/gcc/arm-none-eabi/12.2.1/../../../arm-none-eabi/lib/thumb/v7e-m+fp/hard/libg_nano.a(lib_a-nano-mallocr.o)
                0x08001430                _malloc_r
 .text          0x080014e4       0x50 /usr/lib/gcc/arm-none-eabi/12.2.1/../../../arm-none-eabi/lib/thumb/v7e-m+fp/hard/libg_nano.a(lib_a-nano-reallocr.o)
                0x080014e4                _realloc_r
 .text          0x08001534       0x24 /usr/lib/gcc/arm-none-eabi/12.2.1/../../../arm-none-eabi/lib/thumb/v7e-m+fp/hard/libg_nano.a(lib_a-sbrkr.o)
                0x08001534                _sbrk_r
 .text          0x08001558        0x8 /usr/lib/gcc/arm-none-eabi/12.2.1/../../../arm-none-eabi/lib/thumb/v7e-m+fp/hard/libg_nano.a(lib_a-mlock.o)
                0x08001558                __malloc_lock
                0x0800155c                __malloc_unlock
 .text          0x08001560       0x14 /usr/lib/gcc/arm-none-eabi/12.2.1/../../../arm-none-eabi/lib/thumb/v7e-m+fp/hard/libg_nano.a(lib_a-nano-msizer.o)
                0x08001560                _malloc_usable_size_r
 *(.text*)
 .text.main     0x08001574      0x1a4 CMakeFiles/sodiumBMS.dir/Core/Src/main.c.obj
                0x08001574                main
 .text.SystemClock_Config
                0x08001718       0xc0 CMakeFiles/sodiumBMS.dir/Core/Src/main.c.obj
                0x08001718                SystemClock_Config
 .text.MX_ADC1_Init
                0x080017d8       0xdc CMakeFiles/sodiumBMS.dir/Core/Src/main.c.obj
 .text.MX_ADC2_Init
                0x080018b4       0xa4 CMakeFiles/sodiumBMS.dir/Core/Src/main.c.obj
 .text.MX_USART2_UART_Init
                0x08001958       0x54 CMakeFiles/sodiumBMS.dir/Core/Src/main.c.obj
 .text.MX_DMA_Init
                0x080019ac       0x40 CMakeFiles/sodiumBMS.dir/Core/Src/main.c.obj
 .text.MX_GPIO_Init
                0x080019ec       0xc8 CMakeFiles/sodiumBMS.dir/Core/Src/main.c.obj
 .text.Error_Handler
                0x08001ab4        0xc CMakeFiles/sodiumBMS.dir/Core/Src/main.c.obj
                0x08001ab4                Error_Handler
 .text.NMI_Handler
                0x08001ac0        0x8 CMakeFiles/sodiumBMS.dir/Core/Src/stm32f4xx_it.c.obj
                0x08001ac0                NMI_Handler
 .text.HardFault_Handler
                0x08001ac8        0x8 CMakeFiles/sodiumBMS.dir/Core/Src/stm32f4xx_it.c.obj
                0x08001ac8                HardFault_Handler
 .text.MemManage_Handler
                0x08001ad0        0x8 CMakeFiles/sodiumBMS.dir/Core/Src/stm32f4xx_it.c.obj
                0x08001ad0                MemManage_Handler
 .text.BusFault_Handler
                0x08001ad8        0x8 CMakeFiles/sodiumBMS.dir/Core/Src/stm32f4xx_it.c.obj
                0x08001ad8                BusFault_Handler
 .text.UsageFault_Handler
                0x08001ae0        0x8 CMakeFiles/sodiumBMS.dir/Core/Src/stm32f4xx_it.c.obj
                0x08001ae0                UsageFault_Handler
 .text.SVC_Handler
                0x08001ae8        0xe CMakeFiles/sodiumBMS.dir/Core/Src/stm32f4xx_it.c.obj
                0x08001ae8                SVC_Handler
 .text.DebugMon_Handler
                0x08001af6        0xe CMakeFiles/sodiumBMS.dir/Core/Src/stm32f4xx_it.c.obj
                0x08001af6                DebugMon_Handler
 .text.PendSV_Handler
                0x08001b04        0xe CMakeFiles/sodiumBMS.dir/Core/Src/stm32f4xx_it.c.obj
                0x08001b04                PendSV_Handler
 .text.SysTick_Handler
                0x08001b12        0xc CMakeFiles/sodiumBMS.dir/Core/Src/stm32f4xx_it.c.obj
                0x08001b12                SysTick_Handler
 *fill*         0x08001b1e        0x2 
 .text.DMA2_Stream0_IRQHandler
                0x08001b20       0x14 CMakeFiles/sodiumBMS.dir/Core/Src/stm32f4xx_it.c.obj
                0x08001b20                DMA2_Stream0_IRQHandler
 .text.HAL_MspInit
                0x08001b34       0x50 CMakeFiles/sodiumBMS.dir/Core/Src/stm32f4xx_hal_msp.c.obj
                0x08001b34                HAL_MspInit
 .text.HAL_ADC_MspInit
                0x08001b84      0x150 CMakeFiles/sodiumBMS.dir/Core/Src/stm32f4xx_hal_msp.c.obj
                0x08001b84                HAL_ADC_MspInit
 .text.HAL_UART_MspInit
                0x08001cd4       0x90 CMakeFiles/sodiumBMS.dir/Core/Src/stm32f4xx_hal_msp.c.obj
                0x08001cd4                HAL_UART_MspInit
 .text._sbrk    0x08001d64       0x6c CMakeFiles/sodiumBMS.dir/Core/Src/sysmem.c.obj
                0x08001d64                _sbrk
 .text.Reset_Handler
                0x08001dd0       0x50 CMakeFiles/sodiumBMS.dir/startup_stm32f446xx.s.obj
                0x08001dd0                Reset_Handler
 .text.Default_Handler
                0x08001e20        0x2 CMakeFiles/sodiumBMS.dir/startup_stm32f446xx.s.obj
                0x08001e20                RTC_Alarm_IRQHandler
                0x08001e20                EXTI2_IRQHandler
                0x08001e20                TIM8_CC_IRQHandler
                0x08001e20                FMPI2C1_EV_IRQHandler
                0x08001e20                SPI4_IRQHandler
                0x08001e20                TIM1_CC_IRQHandler
                0x08001e20                DMA2_Stream5_IRQHandler
                0x08001e20                DMA1_Stream5_IRQHandler
                0x08001e20                PVD_IRQHandler
                0x08001e20                SDIO_IRQHandler
                0x08001e20                TAMP_STAMP_IRQHandler
                0x08001e20                CAN2_RX1_IRQHandler
                0x08001e20                EXTI3_IRQHandler
                0x08001e20                TIM8_TRG_COM_TIM14_IRQHandler
                0x08001e20                TIM1_UP_TIM10_IRQHandler
                0x08001e20                TIM8_UP_TIM13_IRQHandler
                0x08001e20                I2C3_ER_IRQHandler
                0x08001e20                EXTI0_IRQHandler
                0x08001e20                I2C2_EV_IRQHandler
                0x08001e20                DMA1_Stream2_IRQHandler
                0x08001e20                CAN1_RX0_IRQHandler
                0x08001e20                FPU_IRQHandler
                0x08001e20                OTG_HS_WKUP_IRQHandler
                0x08001e20                CAN2_SCE_IRQHandler
                0x08001e20                DMA2_Stream2_IRQHandler
                0x08001e20                SPI1_IRQHandler
                0x08001e20                TIM6_DAC_IRQHandler
                0x08001e20                TIM1_BRK_TIM9_IRQHandler
                0x08001e20                DCMI_IRQHandler
                0x08001e20                CAN2_RX0_IRQHandler
                0x08001e20                DMA2_Stream3_IRQHandler
                0x08001e20                SAI2_IRQHandler
                0x08001e20                USART6_IRQHandler
                0x08001e20                USART3_IRQHandler
                0x08001e20                CAN1_RX1_IRQHandler
                0x08001e20                UART5_IRQHandler
                0x08001e20                TIM4_IRQHandler
                0x08001e20                QUADSPI_IRQHandler
                0x08001e20                I2C1_EV_IRQHandler
                0x08001e20                DMA1_Stream6_IRQHandler
                0x08001e20                DMA1_Stream1_IRQHandler
                0x08001e20                UART4_IRQHandler
                0x08001e20                TIM3_IRQHandler
                0x08001e20                RCC_IRQHandler
                0x08001e20                TIM8_BRK_TIM12_IRQHandler
                0x08001e20                Default_Handler
                0x08001e20                CEC_IRQHandler
                0x08001e20                EXTI15_10_IRQHandler
                0x08001e20                ADC_IRQHandler
                0x08001e20                DMA1_Stream7_IRQHandler
                0x08001e20                TIM7_IRQHandler
                0x08001e20                CAN2_TX_IRQHandler
                0x08001e20                TIM5_IRQHandler
                0x08001e20                DMA2_Stream7_IRQHandler
                0x08001e20                I2C3_EV_IRQHandler
                0x08001e20                EXTI9_5_IRQHandler
                0x08001e20                RTC_WKUP_IRQHandler
                0x08001e20                SPDIF_RX_IRQHandler
                0x08001e20                SPI2_IRQHandler
                0x08001e20                OTG_HS_EP1_IN_IRQHandler
                0x08001e20                DMA1_Stream0_IRQHandler
                0x08001e20                CAN1_TX_IRQHandler
                0x08001e20                FMPI2C1_ER_IRQHandler
                0x08001e20                EXTI4_IRQHandler
                0x08001e20                OTG_HS_EP1_OUT_IRQHandler
                0x08001e20                WWDG_IRQHandler
                0x08001e20                TIM2_IRQHandler
                0x08001e20                OTG_FS_WKUP_IRQHandler
                0x08001e20                TIM1_TRG_COM_TIM11_IRQHandler
                0x08001e20                OTG_HS_IRQHandler
                0x08001e20                EXTI1_IRQHandler
                0x08001e20                USART2_IRQHandler
                0x08001e20                I2C2_ER_IRQHandler
                0x08001e20                DMA2_Stream1_IRQHandler
                0x08001e20                CAN1_SCE_IRQHandler
                0x08001e20                FLASH_IRQHandler
                0x08001e20                DMA2_Stream4_IRQHandler
                0x08001e20                USART1_IRQHandler
                0x08001e20                OTG_FS_IRQHandler
                0x08001e20                SPI3_IRQHandler
                0x08001e20                DMA1_Stream4_IRQHandler
                0x08001e20                I2C1_ER_IRQHandler
                0x08001e20                FMC_IRQHandler
                0x08001e20                DMA2_Stream6_IRQHandler
                0x08001e20                SAI1_IRQHandler
                0x08001e20                DMA1_Stream3_IRQHandler
 *fill*         0x08001e22        0x2 
 .text.SystemInit
                0x08001e24       0x24 cmake/stm32cubemx/CMakeFiles/STM32_Drivers.dir/__/__/Core/Src/system_stm32f4xx.c.obj
                0x08001e24                SystemInit
 .text.HAL_ADC_Init
                0x08001e48       0x86 cmake/stm32cubemx/CMakeFiles/STM32_Drivers.dir/home/buddy/STM32Cube/Repository/STM32Cube_FW_F4_V1.28.3/Drivers/STM32F4xx_HAL_Driver/Src/stm32f4xx_hal_adc.c.obj
                0x08001e48                HAL_ADC_Init
 *fill*         0x08001ece        0x2 
 .text.HAL_ADC_Start_DMA
                0x08001ed0      0x228 cmake/stm32cubemx/CMakeFiles/STM32_Drivers.dir/home/buddy/STM32Cube/Repository/STM32Cube_FW_F4_V1.28.3/Drivers/STM32F4xx_HAL_Driver/Src/stm32f4xx_hal_adc.c.obj
                0x08001ed0                HAL_ADC_Start_DMA
 .text.HAL_ADC_ConvCpltCallback
                0x080020f8       0x14 cmake/stm32cubemx/CMakeFiles/STM32_Drivers.dir/home/buddy/STM32Cube/Repository/STM32Cube_FW_F4_V1.28.3/Drivers/STM32F4xx_HAL_Driver/Src/stm32f4xx_hal_adc.c.obj
                0x080020f8                HAL_ADC_ConvCpltCallback
 .text.HAL_ADC_ConvHalfCpltCallback
                0x0800210c       0x14 cmake/stm32cubemx/CMakeFiles/STM32_Drivers.dir/home/buddy/STM32Cube/Repository/STM32Cube_FW_F4_V1.28.3/Drivers/STM32F4xx_HAL_Driver/Src/stm32f4xx_hal_adc.c.obj
                0x0800210c                HAL_ADC_ConvHalfCpltCallback
 .text.HAL_ADC_ErrorCallback
                0x08002120       0x14 cmake/stm32cubemx/CMakeFiles/STM32_Drivers.dir/home/buddy/STM32Cube/Repository/STM32Cube_FW_F4_V1.28.3/Drivers/STM32F4xx_HAL_Driver/Src/stm32f4xx_hal_adc.c.obj
                0x08002120                HAL_ADC_ErrorCallback
 .text.HAL_ADC_ConfigChannel
                0x08002134      0x264 cmake/stm32cubemx/CMakeFiles/STM32_Drivers.dir/home/buddy/STM32Cube/Repository/STM32Cube_FW_F4_V1.28.3/Drivers/STM32F4xx_HAL_Driver/Src/stm32f4xx_hal_adc.c.obj
                0x08002134                HAL_ADC_ConfigChannel
 .text.ADC_Init
                0x08002398      0x1f8 cmake/stm32cubemx/CMakeFiles/STM32_Drivers.dir/home/buddy/STM32Cube/Repository/STM32Cube_FW_F4_V1.28.3/Drivers/STM32F4xx_HAL_Driver/Src/stm32f4xx_hal_adc.c.obj
 .text.ADC_DMAConvCplt
                0x08002590       0xba cmake/stm32cubemx/CMakeFiles/STM32_Drivers.dir/home/buddy/STM32Cube/Repository/STM32Cube_FW_F4_V1.28.3/Drivers/STM32F4xx_HAL_Driver/Src/stm32f4xx_hal_adc.c.obj
 .text.ADC_DMAHalfConvCplt
                0x0800264a       0x1c cmake/stm32cubemx/CMakeFiles/STM32_Drivers.dir/home/buddy/STM32Cube/Repository/STM32Cube_FW_F4_V1.28.3/Drivers/STM32F4xx_HAL_Driver/Src/stm32f4xx_hal_adc.c.obj
 .text.ADC_DMAError
                0x08002666       0x2e cmake/stm32cubemx/CMakeFiles/STM32_Drivers.dir/home/buddy/STM32Cube/Repository/STM32Cube_FW_F4_V1.28.3/Drivers/STM32F4xx_HAL_Driver/Src/stm32f4xx_hal_adc.c.obj
 .text.HAL_RCC_ClockConfig
                0x08002694      0x1cc cmake/stm32cubemx/CMakeFiles/STM32_Drivers.dir/home/buddy/STM32Cube/Repository/STM32Cube_FW_F4_V1.28.3/Drivers/STM32F4xx_HAL_Driver/Src/stm32f4xx_hal_rcc.c.obj
                0x08002694                HAL_RCC_ClockConfig
 .text.HAL_RCC_GetHCLKFreq
                0x08002860       0x18 cmake/stm32cubemx/CMakeFiles/STM32_Drivers.dir/home/buddy/STM32Cube/Repository/STM32Cube_FW_F4_V1.28.3/Drivers/STM32F4xx_HAL_Driver/Src/stm32f4xx_hal_rcc.c.obj
                0x08002860                HAL_RCC_GetHCLKFreq
 .text.HAL_RCC_GetPCLK1Freq
                0x08002878       0x28 cmake/stm32cubemx/CMakeFiles/STM32_Drivers.dir/home/buddy/STM32Cube/Repository/STM32Cube_FW_F4_V1.28.3/Drivers/STM32F4xx_HAL_Driver/Src/stm32f4xx_hal_rcc.c.obj
                0x08002878                HAL_RCC_GetPCLK1Freq
 .text.HAL_RCC_GetPCLK2Freq
                0x080028a0       0x28 cmake/stm32cubemx/CMakeFiles/STM32_Drivers.dir/home/buddy/STM32Cube/Repository/STM32Cube_FW_F4_V1.28.3/Drivers/STM32F4xx_HAL_Driver/Src/stm32f4xx_hal_rcc.c.obj
                0x080028a0                HAL_RCC_GetPCLK2Freq
 .text.HAL_RCC_GetSysClockFreq
                0x080028c8      0x354 cmake/stm32cubemx/CMakeFiles/STM32_Drivers.dir/home/buddy/STM32Cube/Repository/STM32Cube_FW_F4_V1.28.3/Drivers/STM32F4xx_HAL_Driver/Src/stm32f4xx_hal_rcc_ex.c.obj
                0x080028c8                HAL_RCC_GetSysClockFreq
 .text.HAL_RCC_OscConfig
                0x08002c1c      0x53c cmake/stm32cubemx/CMakeFiles/STM32_Drivers.dir/home/buddy/STM32Cube/Repository/STM32Cube_FW_F4_V1.28.3/Drivers/STM32F4xx_HAL_Driver/Src/stm32f4xx_hal_rcc_ex.c.obj
                0x08002c1c                HAL_RCC_OscConfig
 .text.HAL_GPIO_Init
                0x08003158      0x328 cmake/stm32cubemx/CMakeFiles/STM32_Drivers.dir/home/buddy/STM32Cube/Repository/STM32Cube_FW_F4_V1.28.3/Drivers/STM32F4xx_HAL_Driver/Src/stm32f4xx_hal_gpio.c.obj
                0x08003158                HAL_GPIO_Init
 .text.HAL_GPIO_WritePin
                0x08003480       0x32 cmake/stm32cubemx/CMakeFiles/STM32_Drivers.dir/home/buddy/STM32Cube/Repository/STM32Cube_FW_F4_V1.28.3/Drivers/STM32F4xx_HAL_Driver/Src/stm32f4xx_hal_gpio.c.obj
                0x08003480                HAL_GPIO_WritePin
 *fill*         0x080034b2        0x2 
 .text.HAL_DMA_Init
                0x080034b4      0x15c cmake/stm32cubemx/CMakeFiles/STM32_Drivers.dir/home/buddy/STM32Cube/Repository/STM32Cube_FW_F4_V1.28.3/Drivers/STM32F4xx_HAL_Driver/Src/stm32f4xx_hal_dma.c.obj
                0x080034b4                HAL_DMA_Init
 .text.HAL_DMA_Start_IT
                0x08003610       0xb0 cmake/stm32cubemx/CMakeFiles/STM32_Drivers.dir/home/buddy/STM32Cube/Repository/STM32Cube_FW_F4_V1.28.3/Drivers/STM32F4xx_HAL_Driver/Src/stm32f4xx_hal_dma.c.obj
                0x08003610                HAL_DMA_Start_IT
 .text.HAL_DMA_IRQHandler
                0x080036c0      0x314 cmake/stm32cubemx/CMakeFiles/STM32_Drivers.dir/home/buddy/STM32Cube/Repository/STM32Cube_FW_F4_V1.28.3/Drivers/STM32F4xx_HAL_Driver/Src/stm32f4xx_hal_dma.c.obj
                0x080036c0                HAL_DMA_IRQHandler
 .text.DMA_SetConfig
                0x080039d4       0x5c cmake/stm32cubemx/CMakeFiles/STM32_Drivers.dir/home/buddy/STM32Cube/Repository/STM32Cube_FW_F4_V1.28.3/Drivers/STM32F4xx_HAL_Driver/Src/stm32f4xx_hal_dma.c.obj
 .text.DMA_CalcBaseAndBitshift
                0x08003a30       0x6c cmake/stm32cubemx/CMakeFiles/STM32_Drivers.dir/home/buddy/STM32Cube/Repository/STM32Cube_FW_F4_V1.28.3/Drivers/STM32F4xx_HAL_Driver/Src/stm32f4xx_hal_dma.c.obj
 .text.DMA_CheckFifoParam
                0x08003a9c       0xf8 cmake/stm32cubemx/CMakeFiles/STM32_Drivers.dir/home/buddy/STM32Cube/Repository/STM32Cube_FW_F4_V1.28.3/Drivers/STM32F4xx_HAL_Driver/Src/stm32f4xx_hal_dma.c.obj
 .text.__NVIC_SetPriorityGrouping
                0x08003b94       0x48 cmake/stm32cubemx/CMakeFiles/STM32_Drivers.dir/home/buddy/STM32Cube/Repository/STM32Cube_FW_F4_V1.28.3/Drivers/STM32F4xx_HAL_Driver/Src/stm32f4xx_hal_cortex.c.obj
 .text.__NVIC_GetPriorityGrouping
                0x08003bdc       0x1c cmake/stm32cubemx/CMakeFiles/STM32_Drivers.dir/home/buddy/STM32Cube/Repository/STM32Cube_FW_F4_V1.28.3/Drivers/STM32F4xx_HAL_Driver/Src/stm32f4xx_hal_cortex.c.obj
 .text.__NVIC_EnableIRQ
                0x08003bf8       0x3c cmake/stm32cubemx/CMakeFiles/STM32_Drivers.dir/home/buddy/STM32Cube/Repository/STM32Cube_FW_F4_V1.28.3/Drivers/STM32F4xx_HAL_Driver/Src/stm32f4xx_hal_cortex.c.obj
 .text.__NVIC_SetPriority
                0x08003c34       0x54 cmake/stm32cubemx/CMakeFiles/STM32_Drivers.dir/home/buddy/STM32Cube/Repository/STM32Cube_FW_F4_V1.28.3/Drivers/STM32F4xx_HAL_Driver/Src/stm32f4xx_hal_cortex.c.obj
 .text.NVIC_EncodePriority
                0x08003c88       0x66 cmake/stm32cubemx/CMakeFiles/STM32_Drivers.dir/home/buddy/STM32Cube/Repository/STM32Cube_FW_F4_V1.28.3/Drivers/STM32F4xx_HAL_Driver/Src/stm32f4xx_hal_cortex.c.obj
 *fill*         0x08003cee        0x2 
 .text.SysTick_Config
                0x08003cf0       0x44 cmake/stm32cubemx/CMakeFiles/STM32_Drivers.dir/home/buddy/STM32Cube/Repository/STM32Cube_FW_F4_V1.28.3/Drivers/STM32F4xx_HAL_Driver/Src/stm32f4xx_hal_cortex.c.obj
 .text.HAL_NVIC_SetPriorityGrouping
                0x08003d34       0x16 cmake/stm32cubemx/CMakeFiles/STM32_Drivers.dir/home/buddy/STM32Cube/Repository/STM32Cube_FW_F4_V1.28.3/Drivers/STM32F4xx_HAL_Driver/Src/stm32f4xx_hal_cortex.c.obj
                0x08003d34                HAL_NVIC_SetPriorityGrouping
 .text.HAL_NVIC_SetPriority
                0x08003d4a       0x38 cmake/stm32cubemx/CMakeFiles/STM32_Drivers.dir/home/buddy/STM32Cube/Repository/STM32Cube_FW_F4_V1.28.3/Drivers/STM32F4xx_HAL_Driver/Src/stm32f4xx_hal_cortex.c.obj
                0x08003d4a                HAL_NVIC_SetPriority
 .text.HAL_NVIC_EnableIRQ
                0x08003d82       0x1c cmake/stm32cubemx/CMakeFiles/STM32_Drivers.dir/home/buddy/STM32Cube/Repository/STM32Cube_FW_F4_V1.28.3/Drivers/STM32F4xx_HAL_Driver/Src/stm32f4xx_hal_cortex.c.obj
                0x08003d82                HAL_NVIC_EnableIRQ
 .text.HAL_SYSTICK_Config
                0x08003d9e       0x18 cmake/stm32cubemx/CMakeFiles/STM32_Drivers.dir/home/buddy/STM32Cube/Repository/STM32Cube_FW_F4_V1.28.3/Drivers/STM32F4xx_HAL_Driver/Src/stm32f4xx_hal_cortex.c.obj
                0x08003d9e                HAL_SYSTICK_Config
 *fill*         0x08003db6        0x2 
 .text.HAL_Init
                0x08003db8       0x44 cmake/stm32cubemx/CMakeFiles/STM32_Drivers.dir/home/buddy/STM32Cube/Repository/STM32Cube_FW_F4_V1.28.3/Drivers/STM32F4xx_HAL_Driver/Src/stm32f4xx_hal.c.obj
                0x08003db8                HAL_Init
 .text.HAL_InitTick
                0x08003dfc       0x60 cmake/stm32cubemx/CMakeFiles/STM32_Drivers.dir/home/buddy/STM32Cube/Repository/STM32Cube_FW_F4_V1.28.3/Drivers/STM32F4xx_HAL_Driver/Src/stm32f4xx_hal.c.obj
                0x08003dfc                HAL_InitTick
 .text.HAL_IncTick
                0x08003e5c       0x28 cmake/stm32cubemx/CMakeFiles/STM32_Drivers.dir/home/buddy/STM32Cube/Repository/STM32Cube_FW_F4_V1.28.3/Drivers/STM32F4xx_HAL_Driver/Src/stm32f4xx_hal.c.obj
                0x08003e5c                HAL_IncTick
 .text.HAL_GetTick
                0x08003e84       0x18 cmake/stm32cubemx/CMakeFiles/STM32_Drivers.dir/home/buddy/STM32Cube/Repository/STM32Cube_FW_F4_V1.28.3/Drivers/STM32F4xx_HAL_Driver/Src/stm32f4xx_hal.c.obj
                0x08003e84                HAL_GetTick
 .text.HAL_Delay
                0x08003e9c       0x48 cmake/stm32cubemx/CMakeFiles/STM32_Drivers.dir/home/buddy/STM32Cube/Repository/STM32Cube_FW_F4_V1.28.3/Drivers/STM32F4xx_HAL_Driver/Src/stm32f4xx_hal.c.obj
                0x08003e9c                HAL_Delay
 .text.HAL_UART_Init
                0x08003ee4       0xa0 cmake/stm32cubemx/CMakeFiles/STM32_Drivers.dir/home/buddy/STM32Cube/Repository/STM32Cube_FW_F4_V1.28.3/Drivers/STM32F4xx_HAL_Driver/Src/stm32f4xx_hal_uart.c.obj
                0x08003ee4                HAL_UART_Init
 .text.HAL_UART_Transmit
                0x08003f84      0x116 cmake/stm32cubemx/CMakeFiles/STM32_Drivers.dir/home/buddy/STM32Cube/Repository/STM32Cube_FW_F4_V1.28.3/Drivers/STM32F4xx_HAL_Driver/Src/stm32f4xx_hal_uart.c.obj
                0x08003f84                HAL_UART_Transmit
 .text.UART_WaitOnFlagUntilTimeout
                0x0800409a       0xb2 cmake/stm32cubemx/CMakeFiles/STM32_Drivers.dir/home/buddy/STM32Cube/Repository/STM32Cube_FW_F4_V1.28.3/Drivers/STM32F4xx_HAL_Driver/Src/stm32f4xx_hal_uart.c.obj
 .text.UART_EndRxTransfer
                0x0800414c       0xc6 cmake/stm32cubemx/CMakeFiles/STM32_Drivers.dir/home/buddy/STM32Cube/Repository/STM32Cube_FW_F4_V1.28.3/Drivers/STM32F4xx_HAL_Driver/Src/stm32f4xx_hal_uart.c.obj
 *fill*         0x08004212        0x2 
 .text.UART_SetConfig
                0x08004214      0x4e8 cmake/stm32cubemx/CMakeFiles/STM32_Drivers.dir/home/buddy/STM32Cube/Repository/STM32Cube_FW_F4_V1.28.3/Drivers/STM32F4xx_HAL_Driver/Src/stm32f4xx_hal_uart.c.obj
 *(.glue_7)
 .glue_7        0x080046fc        0x0 linker stubs
 *(.glue_7t)
 .glue_7t       0x080046fc        0x0 linker stubs
 *(.eh_frame)
 .eh_frame      0x080046fc        0x0 /usr/lib/gcc/arm-none-eabi/12.2.1/thumb/v7e-m+fp/hard/crtbegin.o
 *(.init)
 .init          0x080046fc        0x4 /usr/lib/gcc/arm-none-eabi/12.2.1/thumb/v7e-m+fp/hard/crti.o
                0x080046fc                _init
 .init          0x08004700        0x8 /usr/lib/gcc/arm-none-eabi/12.2.1/thumb/v7e-m+fp/hard/crtn.o
 *(.fini)
 .fini          0x08004708        0x4 /usr/lib/gcc/arm-none-eabi/12.2.1/thumb/v7e-m+fp/hard/crti.o
                0x08004708                _fini
 .fini          0x0800470c        0x8 /usr/lib/gcc/arm-none-eabi/12.2.1/thumb/v7e-m+fp/hard/crtn.o
                0x08004714                        . = ALIGN (0x4)
                0x08004714                        _etext = .

.vfp11_veneer   0x08004714        0x0
 .vfp11_veneer  0x08004714        0x0 linker stubs

.v4_bx          0x08004714        0x0
 .v4_bx         0x08004714        0x0 linker stubs

.iplt           0x08004714        0x0
 .iplt          0x08004714        0x0 /usr/lib/gcc/arm-none-eabi/12.2.1/thumb/v7e-m+fp/hard/crtbegin.o

.rodata         0x08004714       0xe8
                0x08004714                        . = ALIGN (0x4)
 *(.rodata)
 .rodata        0x08004714       0x89 CMakeFiles/sodiumBMS.dir/Core/Src/main.c.obj
 *(.rodata*)
 *fill*         0x0800479d        0x3 
 .rodata.AHBPrescTable
                0x080047a0       0x10 cmake/stm32cubemx/CMakeFiles/STM32_Drivers.dir/__/__/Core/Src/system_stm32f4xx.c.obj
                0x080047a0                AHBPrescTable
 .rodata.APBPrescTable
                0x080047b0        0x8 cmake/stm32cubemx/CMakeFiles/STM32_Drivers.dir/__/__/Core/Src/system_stm32f4xx.c.obj
                0x080047b0                APBPrescTable
 .rodata.flagBitshiftOffset.0
                0x080047b8        0x8 cmake/stm32cubemx/CMakeFiles/STM32_Drivers.dir/home/buddy/STM32Cube/Repository/STM32Cube_FW_F4_V1.28.3/Drivers/STM32F4xx_HAL_Driver/Src/stm32f4xx_hal_dma.c.obj
 .rodata.str1.4
                0x080047c0       0x13 /usr/lib/gcc/arm-none-eabi/12.2.1/../../../arm-none-eabi/lib/thumb/v7e-m+fp/hard/libg_nano.a(lib_a-nano-svfprintf.o)
 *fill*         0x080047d3        0x1 
 .rodata.str1.4
                0x080047d4       0x25 /usr/lib/gcc/arm-none-eabi/12.2.1/../../../arm-none-eabi/lib/thumb/v7e-m+fp/hard/libg_nano.a(lib_a-nano-vfprintf_i.o)
                0x080047fc                        . = ALIGN (0x4)
 *fill*         0x080047f9        0x3 

.ARM.extab      0x080047fc        0x0
                0x080047fc                        . = ALIGN (0x4)
 *(.ARM.extab* .gnu.linkonce.armextab.*)
                0x080047fc                        . = ALIGN (0x4)

.ARM            0x080047fc        0x8
                0x080047fc                        . = ALIGN (0x4)
                0x080047fc                        __exidx_start = .
 *(.ARM.exidx*)
 .ARM.exidx     0x080047fc        0x8 /usr/lib/gcc/arm-none-eabi/12.2.1/thumb/v7e-m+fp/hard/libgcc.a(_udivmoddi4.o)
                0x08004804                        __exidx_end = .
                0x08004804                        . = ALIGN (0x4)

.preinit_array  0x08004804        0x0
                0x08004804                        . = ALIGN (0x4)
                0x08004804                        PROVIDE (__preinit_array_start = .)
 *(.preinit_array*)
                0x08004804                        PROVIDE (__preinit_array_end = .)
                0x08004804                        . = ALIGN (0x4)

.init_array     0x08004804        0x4
                0x08004804                        . = ALIGN (0x4)
                0x08004804                        PROVIDE (__init_array_start = .)
 *(SORT_BY_NAME(.init_array.*))
 *(.init_array*)
 .init_array    0x08004804        0x4 /usr/lib/gcc/arm-none-eabi/12.2.1/thumb/v7e-m+fp/hard/crtbegin.o
                0x08004808                        PROVIDE (__init_array_end = .)
                0x08004808                        . = ALIGN (0x4)

.fini_array     0x08004808        0x4
                0x08004808                        . = ALIGN (0x4)
                0x08004808                        PROVIDE (__fini_array_start = .)
 *(SORT_BY_NAME(.fini_array.*))
 *(.fini_array*)
 .fini_array    0x08004808        0x4 /usr/lib/gcc/arm-none-eabi/12.2.1/thumb/v7e-m+fp/hard/crtbegin.o
                0x0800480c                        PROVIDE (__fini_array_end = .)
                0x0800480c                        . = ALIGN (0x4)
                0x0800480c                        _sidata = LOADADDR (.data)

.rel.dyn        0x0800480c        0x0
 .rel.iplt      0x0800480c        0x0 /usr/lib/gcc/arm-none-eabi/12.2.1/thumb/v7e-m+fp/hard/crtbegin.o

.data           0x20000000       0xb0 load address 0x0800480c
                0x20000000                        . = ALIGN (0x4)
                0x20000000                        _sdata = .
 *(.data)
 .data          0x20000000       0x64 /usr/lib/gcc/arm-none-eabi/12.2.1/../../../arm-none-eabi/lib/thumb/v7e-m+fp/hard/libg_nano.a(lib_a-impure.o)
                0x20000000                _impure_ptr
 *(.data*)
 .data.msg      0x20000064       0x40 CMakeFiles/sodiumBMS.dir/Core/Src/main.c.obj
                0x20000064                msg
 .data.SystemCoreClock
                0x200000a4        0x4 cmake/stm32cubemx/CMakeFiles/STM32_Drivers.dir/__/__/Core/Src/system_stm32f4xx.c.obj
                0x200000a4                SystemCoreClock
 .data.uwTickPrio
                0x200000a8        0x4 cmake/stm32cubemx/CMakeFiles/STM32_Drivers.dir/home/buddy/STM32Cube/Repository/STM32Cube_FW_F4_V1.28.3/Drivers/STM32F4xx_HAL_Driver/Src/stm32f4xx_hal.c.obj
                0x200000a8                uwTickPrio
 .data.uwTickFreq
                0x200000ac        0x1 cmake/stm32cubemx/CMakeFiles/STM32_Drivers.dir/home/buddy/STM32Cube/Repository/STM32Cube_FW_F4_V1.28.3/Drivers/STM32F4xx_HAL_Driver/Src/stm32f4xx_hal.c.obj
                0x200000ac                uwTickFreq
 *(.RamFunc)
 *(.RamFunc*)
                0x200000b0                        . = ALIGN (0x4)
 *fill*         0x200000ad        0x3 

.tm_clone_table
                0x200000b0        0x0 load address 0x080048bc
 .tm_clone_table
                0x200000b0        0x0 /usr/lib/gcc/arm-none-eabi/12.2.1/thumb/v7e-m+fp/hard/crtbegin.o
 .tm_clone_table
                0x200000b0        0x0 /usr/lib/gcc/arm-none-eabi/12.2.1/thumb/v7e-m+fp/hard/crtend.o

.igot.plt       0x200000b0        0x0 load address 0x080048bc
 .igot.plt      0x200000b0        0x0 /usr/lib/gcc/arm-none-eabi/12.2.1/thumb/v7e-m+fp/hard/crtbegin.o

.tdata          0x200000b0        0x0 load address 0x080048bc
 *(.tdata .tdata.* .gnu.linkonce.td.*)
                0x200000b0                        . = ALIGN (0x4)
                0x200000b0                        _edata = .
                [!provide]                        PROVIDE (__data_end = .)
                [!provide]                        PROVIDE (__tdata_end = .)
                [!provide]                        PROVIDE (__tdata_start = ADDR (.tdata))
                [!provide]                        PROVIDE (__tdata_size = (__tdata_end - __tdata_start))
                [!provide]                        PROVIDE (__data_start = ADDR (.data))
                [!provide]                        PROVIDE (__data_size = (__data_end - __data_start))
                [!provide]                        PROVIDE (__tdata_source = LOADADDR (.tdata))
                [!provide]                        PROVIDE (__tdata_source_end = (LOADADDR (.tdata) + SIZEOF (.tdata)))
                [!provide]                        PROVIDE (__tdata_source_size = (__tdata_source_end - __tdata_source))
                [!provide]                        PROVIDE (__data_source = LOADADDR (.data))
                [!provide]                        PROVIDE (__data_source_end = __tdata_source_end)
                [!provide]                        PROVIDE (__data_source_size = (__data_source_end - __data_source))

.tbss           0x200000b0        0x0 load address 0x080048bc
                0x200000b0                        _sbss = .
                0x200000b0                        __bss_start__ = _sbss
 *(.tbss .tbss.*)
                0x200000b0                        . = ALIGN (0x4)
                [!provide]                        PROVIDE (__tbss_end = .)
                [!provide]                        PROVIDE (__tbss_start = ADDR (.tbss))
                [!provide]                        PROVIDE (__tbss_size = (__tbss_end - __tbss_start))
                [!provide]                        PROVIDE (__tbss_offset = (ADDR (.tbss) - ADDR (.tdata)))
                [!provide]                        PROVIDE (__tls_base = __tdata_start)
                [!provide]                        PROVIDE (__tls_end = __tbss_end)
                [!provide]                        PROVIDE (__tls_size = (__tls_end - __tls_base))
                [!provide]                        PROVIDE (__tls_align = MAX (ALIGNOF (.tdata), ALIGNOF (.tbss)))
                [!provide]                        PROVIDE (__tls_size_align = (((__tls_size + __tls_align) - 0x1) & ~ ((__tls_align - 0x1))))
                [!provide]                        PROVIDE (__arm32_tls_tcb_offset = MAX (0x8, __tls_align))
                [!provide]                        PROVIDE (__arm64_tls_tcb_offset = MAX (0x10, __tls_align))

.bss            0x200000b0      0x170 load address 0x080048bc
 *(.bss)
 .bss           0x200000b0       0x1c /usr/lib/gcc/arm-none-eabi/12.2.1/thumb/v7e-m+fp/hard/crtbegin.o
 .bss           0x200000cc        0x8 /usr/lib/gcc/arm-none-eabi/12.2.1/../../../arm-none-eabi/lib/thumb/v7e-m+fp/hard/libg_nano.a(lib_a-nano-mallocr.o)
                0x200000cc                __malloc_free_list
                0x200000d0                __malloc_sbrk_start
 .bss           0x200000d4        0x4 /usr/lib/gcc/arm-none-eabi/12.2.1/../../../arm-none-eabi/lib/thumb/v7e-m+fp/hard/libg_nano.a(lib_a-reent.o)
                0x200000d4                errno
 *(.bss*)
 .bss.hadc1     0x200000d8       0x48 CMakeFiles/sodiumBMS.dir/Core/Src/main.c.obj
                0x200000d8                hadc1
 .bss.hadc2     0x20000120       0x48 CMakeFiles/sodiumBMS.dir/Core/Src/main.c.obj
                0x20000120                hadc2
 .bss.hdma_adc1
                0x20000168       0x60 CMakeFiles/sodiumBMS.dir/Core/Src/main.c.obj
                0x20000168                hdma_adc1
 .bss.huart2    0x200001c8       0x48 CMakeFiles/sodiumBMS.dir/Core/Src/main.c.obj
                0x200001c8                huart2
 .bss.adc_buffer
                0x20000210        0x6 CMakeFiles/sodiumBMS.dir/Core/Src/main.c.obj
                0x20000210                adc_buffer
 *fill*         0x20000216        0x2 
 .bss.__sbrk_heap_end
                0x20000218        0x4 CMakeFiles/sodiumBMS.dir/Core/Src/sysmem.c.obj
 .bss.uwTick    0x2000021c        0x4 cmake/stm32cubemx/CMakeFiles/STM32_Drivers.dir/home/buddy/STM32Cube/Repository/STM32Cube_FW_F4_V1.28.3/Drivers/STM32F4xx_HAL_Driver/Src/stm32f4xx_hal.c.obj
                0x2000021c                uwTick
 *(COMMON)
                0x20000220                        . = ALIGN (0x4)
                0x20000220                        _ebss = .
                0x20000220                        __bss_end__ = _ebss
                [!provide]                        PROVIDE (__bss_end = .)
                [!provide]                        PROVIDE (__non_tls_bss_start = ADDR (.bss))
                [!provide]                        PROVIDE (__bss_start = __tbss_start)
                [!provide]                        PROVIDE (__bss_size = (__bss_end - __bss_start))

._user_heap_stack
                0x20000220      0x600 load address 0x080048bc
                0x20000220                        . = ALIGN (0x8)
                [!provide]                        PROVIDE (end = .)
                0x20000220                        PROVIDE (_end = .)
                0x20000420                        . = (. + _Min_Heap_Size)
 *fill*         0x20000220      0x200 
                0x20000820                        . = (. + _Min_Stack_Size)
 *fill*         0x20000420      0x400 
                0x20000820                        . = ALIGN (0x8)

/DISCARD/
 libc.a:*(*)
 libm.a:*(*)
 libgcc.a:*(*)
OUTPUT(sodiumBMS.elf elf32-littlearm)
LOAD linker stubs

.ARM.attributes
                0x00000000       0x30
 .ARM.attributes
                0x00000000       0x22 /usr/lib/gcc/arm-none-eabi/12.2.1/thumb/v7e-m+fp/hard/crti.o
 .ARM.attributes
                0x00000022       0x34 /usr/lib/gcc/arm-none-eabi/12.2.1/thumb/v7e-m+fp/hard/crtbegin.o
 .ARM.attributes
                0x00000056       0x34 CMakeFiles/sodiumBMS.dir/Core/Src/main.c.obj
 .ARM.attributes
                0x0000008a       0x34 CMakeFiles/sodiumBMS.dir/Core/Src/stm32f4xx_it.c.obj
 .ARM.attributes
                0x000000be       0x34 CMakeFiles/sodiumBMS.dir/Core/Src/stm32f4xx_hal_msp.c.obj
 .ARM.attributes
                0x000000f2       0x34 CMakeFiles/sodiumBMS.dir/Core/Src/sysmem.c.obj
 .ARM.attributes
                0x00000126       0x21 CMakeFiles/sodiumBMS.dir/startup_stm32f446xx.s.obj
 .ARM.attributes
                0x00000147       0x34 cmake/stm32cubemx/CMakeFiles/STM32_Drivers.dir/__/__/Core/Src/system_stm32f4xx.c.obj
 .ARM.attributes
                0x0000017b       0x34 cmake/stm32cubemx/CMakeFiles/STM32_Drivers.dir/home/buddy/STM32Cube/Repository/STM32Cube_FW_F4_V1.28.3/Drivers/STM32F4xx_HAL_Driver/Src/stm32f4xx_hal_adc.c.obj
 .ARM.attributes
                0x000001af       0x34 cmake/stm32cubemx/CMakeFiles/STM32_Drivers.dir/home/buddy/STM32Cube/Repository/STM32Cube_FW_F4_V1.28.3/Drivers/STM32F4xx_HAL_Driver/Src/stm32f4xx_hal_rcc.c.obj
 .ARM.attributes
                0x000001e3       0x34 cmake/stm32cubemx/CMakeFiles/STM32_Drivers.dir/home/buddy/STM32Cube/Repository/STM32Cube_FW_F4_V1.28.3/Drivers/STM32F4xx_HAL_Driver/Src/stm32f4xx_hal_rcc_ex.c.obj
 .ARM.attributes
                0x00000217       0x34 cmake/stm32cubemx/CMakeFiles/STM32_Drivers.dir/home/buddy/STM32Cube/Repository/STM32Cube_FW_F4_V1.28.3/Drivers/STM32F4xx_HAL_Driver/Src/stm32f4xx_hal_gpio.c.obj
 .ARM.attributes
                0x0000024b       0x34 cmake/stm32cubemx/CMakeFiles/STM32_Drivers.dir/home/buddy/STM32Cube/Repository/STM32Cube_FW_F4_V1.28.3/Drivers/STM32F4xx_HAL_Driver/Src/stm32f4xx_hal_dma.c.obj
 .ARM.attributes
                0x0000027f       0x34 cmake/stm32cubemx/CMakeFiles/STM32_Drivers.dir/home/buddy/STM32Cube/Repository/STM32Cube_FW_F4_V1.28.3/Drivers/STM32F4xx_HAL_Driver/Src/stm32f4xx_hal_cortex.c.obj
 .ARM.attributes
                0x000002b3       0x34 cmake/stm32cubemx/CMakeFiles/STM32_Drivers.dir/home/buddy/STM32Cube/Repository/STM32Cube_FW_F4_V1.28.3/Drivers/STM32F4xx_HAL_Driver/Src/stm32f4xx_hal.c.obj
 .ARM.attributes
                0x000002e7       0x34 cmake/stm32cubemx/CMakeFiles/STM32_Drivers.dir/home/buddy/STM32Cube/Repository/STM32Cube_FW_F4_V1.28.3/Drivers/STM32F4xx_HAL_Driver/Src/stm32f4xx_hal_uart.c.obj
 .ARM.attributes
                0x0000031b       0x22 /usr/lib/gcc/arm-none-eabi/12.2.1/thumb/v7e-m+fp/hard/libgcc.a(_aeabi_uldivmod.o)
 .ARM.attributes
                0x0000033d       0x34 /usr/lib/gcc/arm-none-eabi/12.2.1/thumb/v7e-m+fp/hard/libgcc.a(_udivmoddi4.o)
 .ARM.attributes
                0x00000371       0x22 /usr/lib/gcc/arm-none-eabi/12.2.1/thumb/v7e-m+fp/hard/libgcc.a(_dvmd_tls.o)
 .ARM.attributes
                0x00000393       0x34 /usr/lib/gcc/arm-none-eabi/12.2.1/../../../arm-none-eabi/lib/thumb/v7e-m+fp/hard/libg_nano.a(lib_a-errno.o)
 .ARM.attributes
                0x000003c7       0x34 /usr/lib/gcc/arm-none-eabi/12.2.1/../../../arm-none-eabi/lib/thumb/v7e-m+fp/hard/libg_nano.a(lib_a-impure.o)
 .ARM.attributes
                0x000003fb       0x34 /usr/lib/gcc/arm-none-eabi/12.2.1/../../../arm-none-eabi/lib/thumb/v7e-m+fp/hard/libg_nano.a(lib_a-init.o)
 .ARM.attributes
                0x0000042f       0x34 /usr/lib/gcc/arm-none-eabi/12.2.1/../../../arm-none-eabi/lib/thumb/v7e-m+fp/hard/libg_nano.a(lib_a-memset.o)
 .ARM.attributes
                0x00000463       0x34 /usr/lib/gcc/arm-none-eabi/12.2.1/../../../arm-none-eabi/lib/thumb/v7e-m+fp/hard/libg_nano.a(lib_a-snprintf.o)
 .ARM.attributes
                0x00000497       0x34 /usr/lib/gcc/arm-none-eabi/12.2.1/../../../arm-none-eabi/lib/thumb/v7e-m+fp/hard/libg_nano.a(lib_a-sprintf.o)
 .ARM.attributes
                0x000004cb       0x1c /usr/lib/gcc/arm-none-eabi/12.2.1/../../../arm-none-eabi/lib/thumb/v7e-m+fp/hard/libg_nano.a(lib_a-strlen.o)
 .ARM.attributes
                0x000004e7       0x34 /usr/lib/gcc/arm-none-eabi/12.2.1/../../../arm-none-eabi/lib/thumb/v7e-m+fp/hard/libg_nano.a(lib_a-nano-svfprintf.o)
 .ARM.attributes
                0x0000051b       0x34 /usr/lib/gcc/arm-none-eabi/12.2.1/../../../arm-none-eabi/lib/thumb/v7e-m+fp/hard/libg_nano.a(lib_a-nano-vfprintf_i.o)
 .ARM.attributes
                0x0000054f       0x1c /usr/lib/gcc/arm-none-eabi/12.2.1/../../../arm-none-eabi/lib/thumb/v7e-m+fp/hard/libg_nano.a(lib_a-memchr.o)
 .ARM.attributes
                0x0000056b       0x20 /usr/lib/gcc/arm-none-eabi/12.2.1/../../../arm-none-eabi/lib/thumb/v7e-m+fp/hard/libg_nano.a(lib_a-memcpy.o)
 .ARM.attributes
                0x0000058b       0x34 /usr/lib/gcc/arm-none-eabi/12.2.1/../../../arm-none-eabi/lib/thumb/v7e-m+fp/hard/libg_nano.a(lib_a-memmove.o)
 .ARM.attributes
                0x000005bf       0x34 /usr/lib/gcc/arm-none-eabi/12.2.1/../../../arm-none-eabi/lib/thumb/v7e-m+fp/hard/libg_nano.a(lib_a-nano-freer.o)
 .ARM.attributes
                0x000005f3       0x34 /usr/lib/gcc/arm-none-eabi/12.2.1/../../../arm-none-eabi/lib/thumb/v7e-m+fp/hard/libg_nano.a(lib_a-nano-mallocr.o)
 .ARM.attributes
                0x00000627       0x34 /usr/lib/gcc/arm-none-eabi/12.2.1/../../../arm-none-eabi/lib/thumb/v7e-m+fp/hard/libg_nano.a(lib_a-nano-reallocr.o)
 .ARM.attributes
                0x0000065b       0x34 /usr/lib/gcc/arm-none-eabi/12.2.1/../../../arm-none-eabi/lib/thumb/v7e-m+fp/hard/libg_nano.a(lib_a-sbrkr.o)
 .ARM.attributes
                0x0000068f       0x34 /usr/lib/gcc/arm-none-eabi/12.2.1/../../../arm-none-eabi/lib/thumb/v7e-m+fp/hard/libg_nano.a(lib_a-mlock.o)
 .ARM.attributes
                0x000006c3       0x34 /usr/lib/gcc/arm-none-eabi/12.2.1/../../../arm-none-eabi/lib/thumb/v7e-m+fp/hard/libg_nano.a(lib_a-nano-msizer.o)
 .ARM.attributes
                0x000006f7       0x34 /usr/lib/gcc/arm-none-eabi/12.2.1/../../../arm-none-eabi/lib/thumb/v7e-m+fp/hard/libg_nano.a(lib_a-reent.o)
 .ARM.attributes
                0x0000072b       0x34 /usr/lib/gcc/arm-none-eabi/12.2.1/thumb/v7e-m+fp/hard/crtend.o
 .ARM.attributes
                0x0000075f       0x22 /usr/lib/gcc/arm-none-eabi/12.2.1/thumb/v7e-m+fp/hard/crtn.o

.comment        0x00000000       0x26
 .comment       0x00000000       0x26 /usr/lib/gcc/arm-none-eabi/12.2.1/thumb/v7e-m+fp/hard/crtbegin.o
                                 0x27 (size before relaxing)
 .comment       0x00000026       0x27 CMakeFiles/sodiumBMS.dir/Core/Src/main.c.obj
 .comment       0x00000026       0x27 CMakeFiles/sodiumBMS.dir/Core/Src/stm32f4xx_it.c.obj
 .comment       0x00000026       0x27 CMakeFiles/sodiumBMS.dir/Core/Src/stm32f4xx_hal_msp.c.obj
 .comment       0x00000026       0x27 CMakeFiles/sodiumBMS.dir/Core/Src/sysmem.c.obj
 .comment       0x00000026       0x27 cmake/stm32cubemx/CMakeFiles/STM32_Drivers.dir/__/__/Core/Src/system_stm32f4xx.c.obj
 .comment       0x00000026       0x27 cmake/stm32cubemx/CMakeFiles/STM32_Drivers.dir/home/buddy/STM32Cube/Repository/STM32Cube_FW_F4_V1.28.3/Drivers/STM32F4xx_HAL_Driver/Src/stm32f4xx_hal_adc.c.obj
 .comment       0x00000026       0x27 cmake/stm32cubemx/CMakeFiles/STM32_Drivers.dir/home/buddy/STM32Cube/Repository/STM32Cube_FW_F4_V1.28.3/Drivers/STM32F4xx_HAL_Driver/Src/stm32f4xx_hal_rcc.c.obj
 .comment       0x00000026       0x27 cmake/stm32cubemx/CMakeFiles/STM32_Drivers.dir/home/buddy/STM32Cube/Repository/STM32Cube_FW_F4_V1.28.3/Drivers/STM32F4xx_HAL_Driver/Src/stm32f4xx_hal_rcc_ex.c.obj
 .comment       0x00000026       0x27 cmake/stm32cubemx/CMakeFiles/STM32_Drivers.dir/home/buddy/STM32Cube/Repository/STM32Cube_FW_F4_V1.28.3/Drivers/STM32F4xx_HAL_Driver/Src/stm32f4xx_hal_gpio.c.obj
 .comment       0x00000026       0x27 cmake/stm32cubemx/CMakeFiles/STM32_Drivers.dir/home/buddy/STM32Cube/Repository/STM32Cube_FW_F4_V1.28.3/Drivers/STM32F4xx_HAL_Driver/Src/stm32f4xx_hal_dma.c.obj
 .comment       0x00000026       0x27 cmake/stm32cubemx/CMakeFiles/STM32_Drivers.dir/home/buddy/STM32Cube/Repository/STM32Cube_FW_F4_V1.28.3/Drivers/STM32F4xx_HAL_Driver/Src/stm32f4xx_hal_cortex.c.obj
 .comment       0x00000026       0x27 cmake/stm32cubemx/CMakeFiles/STM32_Drivers.dir/home/buddy/STM32Cube/Repository/STM32Cube_FW_F4_V1.28.3/Drivers/STM32F4xx_HAL_Driver/Src/stm32f4xx_hal.c.obj
 .comment       0x00000026       0x27 cmake/stm32cubemx/CMakeFiles/STM32_Drivers.dir/home/buddy/STM32Cube/Repository/STM32Cube_FW_F4_V1.28.3/Drivers/STM32F4xx_HAL_Driver/Src/stm32f4xx_hal_uart.c.obj
 .comment       0x00000026       0x27 /usr/lib/gcc/arm-none-eabi/12.2.1/thumb/v7e-m+fp/hard/libgcc.a(_udivmoddi4.o)
 .comment       0x00000026       0x27 /usr/lib/gcc/arm-none-eabi/12.2.1/../../../arm-none-eabi/lib/thumb/v7e-m+fp/hard/libg_nano.a(lib_a-errno.o)
 .comment       0x00000026       0x27 /usr/lib/gcc/arm-none-eabi/12.2.1/../../../arm-none-eabi/lib/thumb/v7e-m+fp/hard/libg_nano.a(lib_a-impure.o)
 .comment       0x00000026       0x27 /usr/lib/gcc/arm-none-eabi/12.2.1/../../../arm-none-eabi/lib/thumb/v7e-m+fp/hard/libg_nano.a(lib_a-init.o)
 .comment       0x00000026       0x27 /usr/lib/gcc/arm-none-eabi/12.2.1/../../../arm-none-eabi/lib/thumb/v7e-m+fp/hard/libg_nano.a(lib_a-memset.o)
 .comment       0x00000026       0x27 /usr/lib/gcc/arm-none-eabi/12.2.1/../../../arm-none-eabi/lib/thumb/v7e-m+fp/hard/libg_nano.a(lib_a-snprintf.o)
 .comment       0x00000026       0x27 /usr/lib/gcc/arm-none-eabi/12.2.1/../../../arm-none-eabi/lib/thumb/v7e-m+fp/hard/libg_nano.a(lib_a-sprintf.o)
 .comment       0x00000026       0x27 /usr/lib/gcc/arm-none-eabi/12.2.1/../../../arm-none-eabi/lib/thumb/v7e-m+fp/hard/libg_nano.a(lib_a-nano-svfprintf.o)
 .comment       0x00000026       0x27 /usr/lib/gcc/arm-none-eabi/12.2.1/../../../arm-none-eabi/lib/thumb/v7e-m+fp/hard/libg_nano.a(lib_a-nano-vfprintf_i.o)
 .comment       0x00000026       0x27 /usr/lib/gcc/arm-none-eabi/12.2.1/../../../arm-none-eabi/lib/thumb/v7e-m+fp/hard/libg_nano.a(lib_a-memmove.o)
 .comment       0x00000026       0x27 /usr/lib/gcc/arm-none-eabi/12.2.1/../../../arm-none-eabi/lib/thumb/v7e-m+fp/hard/libg_nano.a(lib_a-nano-freer.o)
 .comment       0x00000026       0x27 /usr/lib/gcc/arm-none-eabi/12.2.1/../../../arm-none-eabi/lib/thumb/v7e-m+fp/hard/libg_nano.a(lib_a-nano-mallocr.o)
 .comment       0x00000026       0x27 /usr/lib/gcc/arm-none-eabi/12.2.1/../../../arm-none-eabi/lib/thumb/v7e-m+fp/hard/libg_nano.a(lib_a-nano-reallocr.o)
 .comment       0x00000026       0x27 /usr/lib/gcc/arm-none-eabi/12.2.1/../../../arm-none-eabi/lib/thumb/v7e-m+fp/hard/libg_nano.a(lib_a-sbrkr.o)
 .comment       0x00000026       0x27 /usr/lib/gcc/arm-none-eabi/12.2.1/../../../arm-none-eabi/lib/thumb/v7e-m+fp/hard/libg_nano.a(lib_a-mlock.o)
 .comment       0x00000026       0x27 /usr/lib/gcc/arm-none-eabi/12.2.1/../../../arm-none-eabi/lib/thumb/v7e-m+fp/hard/libg_nano.a(lib_a-nano-msizer.o)
 .comment       0x00000026       0x27 /usr/lib/gcc/arm-none-eabi/12.2.1/../../../arm-none-eabi/lib/thumb/v7e-m+fp/hard/libg_nano.a(lib_a-reent.o)
 .comment       0x00000026       0x27 /usr/lib/gcc/arm-none-eabi/12.2.1/thumb/v7e-m+fp/hard/crtend.o

.debug_info     0x00000000    0x12824
 .debug_info    0x00000000     0x13a0 CMakeFiles/sodiumBMS.dir/Core/Src/main.c.obj
 .debug_info    0x000013a0      0x39d CMakeFiles/sodiumBMS.dir/Core/Src/stm32f4xx_it.c.obj
 .debug_info    0x0000173d      0xc89 CMakeFiles/sodiumBMS.dir/Core/Src/stm32f4xx_hal_msp.c.obj
 .debug_info    0x000023c6      0x150 CMakeFiles/sodiumBMS.dir/Core/Src/sysmem.c.obj
 .debug_info    0x00002516       0x30 CMakeFiles/sodiumBMS.dir/startup_stm32f446xx.s.obj
 .debug_info    0x00002546      0x530 cmake/stm32cubemx/CMakeFiles/STM32_Drivers.dir/__/__/Core/Src/system_stm32f4xx.c.obj
 .debug_info    0x00002a76      0xcbf cmake/stm32cubemx/CMakeFiles/STM32_Drivers.dir/home/buddy/STM32Cube/Repository/STM32Cube_FW_F4_V1.28.3/Drivers/STM32F4xx_HAL_Driver/Src/stm32f4xx_hal_adc.c.obj
 .debug_info    0x00003735      0x8cf cmake/stm32cubemx/CMakeFiles/STM32_Drivers.dir/home/buddy/STM32Cube/Repository/STM32Cube_FW_F4_V1.28.3/Drivers/STM32F4xx_HAL_Driver/Src/stm32f4xx_hal_rcc.c.obj
 .debug_info    0x00004004      0x93c cmake/stm32cubemx/CMakeFiles/STM32_Drivers.dir/home/buddy/STM32Cube/Repository/STM32Cube_FW_F4_V1.28.3/Drivers/STM32F4xx_HAL_Driver/Src/stm32f4xx_hal_rcc_ex.c.obj
 .debug_info    0x00004940      0x6e7 cmake/stm32cubemx/CMakeFiles/STM32_Drivers.dir/home/buddy/STM32Cube/Repository/STM32Cube_FW_F4_V1.28.3/Drivers/STM32F4xx_HAL_Driver/Src/stm32f4xx_hal_gpio.c.obj
 .debug_info    0x00005027      0x8cf cmake/stm32cubemx/CMakeFiles/STM32_Drivers.dir/home/buddy/STM32Cube/Repository/STM32Cube_FW_F4_V1.28.3/Drivers/STM32F4xx_HAL_Driver/Src/stm32f4xx_hal_dma.c.obj
 .debug_info    0x000058f6      0xd86 cmake/stm32cubemx/CMakeFiles/STM32_Drivers.dir/home/buddy/STM32Cube/Repository/STM32Cube_FW_F4_V1.28.3/Drivers/STM32F4xx_HAL_Driver/Src/stm32f4xx_hal_cortex.c.obj
 .debug_info    0x0000667c      0x98e cmake/stm32cubemx/CMakeFiles/STM32_Drivers.dir/home/buddy/STM32Cube/Repository/STM32Cube_FW_F4_V1.28.3/Drivers/STM32F4xx_HAL_Driver/Src/stm32f4xx_hal.c.obj
 .debug_info    0x0000700a     0x2f1f cmake/stm32cubemx/CMakeFiles/STM32_Drivers.dir/home/buddy/STM32Cube/Repository/STM32Cube_FW_F4_V1.28.3/Drivers/STM32F4xx_HAL_Driver/Src/stm32f4xx_hal_uart.c.obj
 .debug_info    0x00009f29       0x24 /usr/lib/gcc/arm-none-eabi/12.2.1/thumb/v7e-m+fp/hard/libgcc.a(_aeabi_uldivmod.o)
 .debug_info    0x00009f4d      0x6ef /usr/lib/gcc/arm-none-eabi/12.2.1/thumb/v7e-m+fp/hard/libgcc.a(_udivmoddi4.o)
 .debug_info    0x0000a63c       0x39 /usr/lib/gcc/arm-none-eabi/12.2.1/thumb/v7e-m+fp/hard/libgcc.a(_dvmd_tls.o)
 .debug_info    0x0000a675      0x751 /usr/lib/gcc/arm-none-eabi/12.2.1/../../../arm-none-eabi/lib/thumb/v7e-m+fp/hard/libg_nano.a(lib_a-errno.o)
 .debug_info    0x0000adc6      0x7fc /usr/lib/gcc/arm-none-eabi/12.2.1/../../../arm-none-eabi/lib/thumb/v7e-m+fp/hard/libg_nano.a(lib_a-impure.o)
 .debug_info    0x0000b5c2      0x10b /usr/lib/gcc/arm-none-eabi/12.2.1/../../../arm-none-eabi/lib/thumb/v7e-m+fp/hard/libg_nano.a(lib_a-init.o)
 .debug_info    0x0000b6cd      0x135 /usr/lib/gcc/arm-none-eabi/12.2.1/../../../arm-none-eabi/lib/thumb/v7e-m+fp/hard/libg_nano.a(lib_a-memset.o)
 .debug_info    0x0000b802      0x95f /usr/lib/gcc/arm-none-eabi/12.2.1/../../../arm-none-eabi/lib/thumb/v7e-m+fp/hard/libg_nano.a(lib_a-snprintf.o)
 .debug_info    0x0000c161      0x8d5 /usr/lib/gcc/arm-none-eabi/12.2.1/../../../arm-none-eabi/lib/thumb/v7e-m+fp/hard/libg_nano.a(lib_a-sprintf.o)
 .debug_info    0x0000ca36       0x33 /usr/lib/gcc/arm-none-eabi/12.2.1/../../../arm-none-eabi/lib/thumb/v7e-m+fp/hard/libg_nano.a(lib_a-strlen.o)
 .debug_info    0x0000ca69     0x10f8 /usr/lib/gcc/arm-none-eabi/12.2.1/../../../arm-none-eabi/lib/thumb/v7e-m+fp/hard/libg_nano.a(lib_a-nano-svfprintf.o)
 .debug_info    0x0000db61      0xe37 /usr/lib/gcc/arm-none-eabi/12.2.1/../../../arm-none-eabi/lib/thumb/v7e-m+fp/hard/libg_nano.a(lib_a-nano-vfprintf_i.o)
 .debug_info    0x0000e998       0x25 /usr/lib/gcc/arm-none-eabi/12.2.1/../../../arm-none-eabi/lib/thumb/v7e-m+fp/hard/libg_nano.a(lib_a-memchr.o)
 .debug_info    0x0000e9bd       0x33 /usr/lib/gcc/arm-none-eabi/12.2.1/../../../arm-none-eabi/lib/thumb/v7e-m+fp/hard/libg_nano.a(lib_a-memcpy.o)
 .debug_info    0x0000e9f0      0x148 /usr/lib/gcc/arm-none-eabi/12.2.1/../../../arm-none-eabi/lib/thumb/v7e-m+fp/hard/libg_nano.a(lib_a-memmove.o)
 .debug_info    0x0000eb38      0x8cd /usr/lib/gcc/arm-none-eabi/12.2.1/../../../arm-none-eabi/lib/thumb/v7e-m+fp/hard/libg_nano.a(lib_a-nano-freer.o)
 .debug_info    0x0000f405      0x9cd /usr/lib/gcc/arm-none-eabi/12.2.1/../../../arm-none-eabi/lib/thumb/v7e-m+fp/hard/libg_nano.a(lib_a-nano-mallocr.o)
 .debug_info    0x0000fdd2      0x8fe /usr/lib/gcc/arm-none-eabi/12.2.1/../../../arm-none-eabi/lib/thumb/v7e-m+fp/hard/libg_nano.a(lib_a-nano-reallocr.o)
 .debug_info    0x000106d0      0x7d2 /usr/lib/gcc/arm-none-eabi/12.2.1/../../../arm-none-eabi/lib/thumb/v7e-m+fp/hard/libg_nano.a(lib_a-sbrkr.o)
 .debug_info    0x00010ea2      0x77c /usr/lib/gcc/arm-none-eabi/12.2.1/../../../arm-none-eabi/lib/thumb/v7e-m+fp/hard/libg_nano.a(lib_a-mlock.o)
 .debug_info    0x0001161e      0x7ea /usr/lib/gcc/arm-none-eabi/12.2.1/../../../arm-none-eabi/lib/thumb/v7e-m+fp/hard/libg_nano.a(lib_a-nano-msizer.o)
 .debug_info    0x00011e08      0xa1c /usr/lib/gcc/arm-none-eabi/12.2.1/../../../arm-none-eabi/lib/thumb/v7e-m+fp/hard/libg_nano.a(lib_a-reent.o)

.debug_abbrev   0x00000000     0x3aeb
 .debug_abbrev  0x00000000      0x2c2 CMakeFiles/sodiumBMS.dir/Core/Src/main.c.obj
 .debug_abbrev  0x000002c2      0x169 CMakeFiles/sodiumBMS.dir/Core/Src/stm32f4xx_it.c.obj
 .debug_abbrev  0x0000042b      0x1ec CMakeFiles/sodiumBMS.dir/Core/Src/stm32f4xx_hal_msp.c.obj
 .debug_abbrev  0x00000617       0xbc CMakeFiles/sodiumBMS.dir/Core/Src/sysmem.c.obj
 .debug_abbrev  0x000006d3       0x24 CMakeFiles/sodiumBMS.dir/startup_stm32f446xx.s.obj
 .debug_abbrev  0x000006f7      0x11b cmake/stm32cubemx/CMakeFiles/STM32_Drivers.dir/__/__/Core/Src/system_stm32f4xx.c.obj
 .debug_abbrev  0x00000812      0x252 cmake/stm32cubemx/CMakeFiles/STM32_Drivers.dir/home/buddy/STM32Cube/Repository/STM32Cube_FW_F4_V1.28.3/Drivers/STM32F4xx_HAL_Driver/Src/stm32f4xx_hal_adc.c.obj
 .debug_abbrev  0x00000a64      0x2b7 cmake/stm32cubemx/CMakeFiles/STM32_Drivers.dir/home/buddy/STM32Cube/Repository/STM32Cube_FW_F4_V1.28.3/Drivers/STM32F4xx_HAL_Driver/Src/stm32f4xx_hal_rcc.c.obj
 .debug_abbrev  0x00000d1b      0x211 cmake/stm32cubemx/CMakeFiles/STM32_Drivers.dir/home/buddy/STM32Cube/Repository/STM32Cube_FW_F4_V1.28.3/Drivers/STM32F4xx_HAL_Driver/Src/stm32f4xx_hal_rcc_ex.c.obj
 .debug_abbrev  0x00000f2c      0x1d4 cmake/stm32cubemx/CMakeFiles/STM32_Drivers.dir/home/buddy/STM32Cube/Repository/STM32Cube_FW_F4_V1.28.3/Drivers/STM32F4xx_HAL_Driver/Src/stm32f4xx_hal_gpio.c.obj
 .debug_abbrev  0x00001100      0x264 cmake/stm32cubemx/CMakeFiles/STM32_Drivers.dir/home/buddy/STM32Cube/Repository/STM32Cube_FW_F4_V1.28.3/Drivers/STM32F4xx_HAL_Driver/Src/stm32f4xx_hal_dma.c.obj
 .debug_abbrev  0x00001364      0x31d cmake/stm32cubemx/CMakeFiles/STM32_Drivers.dir/home/buddy/STM32Cube/Repository/STM32Cube_FW_F4_V1.28.3/Drivers/STM32F4xx_HAL_Driver/Src/stm32f4xx_hal_cortex.c.obj
 .debug_abbrev  0x00001681      0x214 cmake/stm32cubemx/CMakeFiles/STM32_Drivers.dir/home/buddy/STM32Cube/Repository/STM32Cube_FW_F4_V1.28.3/Drivers/STM32F4xx_HAL_Driver/Src/stm32f4xx_hal.c.obj
 .debug_abbrev  0x00001895      0x30e cmake/stm32cubemx/CMakeFiles/STM32_Drivers.dir/home/buddy/STM32Cube/Repository/STM32Cube_FW_F4_V1.28.3/Drivers/STM32F4xx_HAL_Driver/Src/stm32f4xx_hal_uart.c.obj
 .debug_abbrev  0x00001ba3       0x14 /usr/lib/gcc/arm-none-eabi/12.2.1/thumb/v7e-m+fp/hard/libgcc.a(_aeabi_uldivmod.o)
 .debug_abbrev  0x00001bb7      0x16a /usr/lib/gcc/arm-none-eabi/12.2.1/thumb/v7e-m+fp/hard/libgcc.a(_udivmoddi4.o)
 .debug_abbrev  0x00001d21       0x1f /usr/lib/gcc/arm-none-eabi/12.2.1/thumb/v7e-m+fp/hard/libgcc.a(_dvmd_tls.o)
 .debug_abbrev  0x00001d40      0x15e /usr/lib/gcc/arm-none-eabi/12.2.1/../../../arm-none-eabi/lib/thumb/v7e-m+fp/hard/libg_nano.a(lib_a-errno.o)
 .debug_abbrev  0x00001e9e      0x15a /usr/lib/gcc/arm-none-eabi/12.2.1/../../../arm-none-eabi/lib/thumb/v7e-m+fp/hard/libg_nano.a(lib_a-impure.o)
 .debug_abbrev  0x00001ff8       0xc9 /usr/lib/gcc/arm-none-eabi/12.2.1/../../../arm-none-eabi/lib/thumb/v7e-m+fp/hard/libg_nano.a(lib_a-init.o)
 .debug_abbrev  0x000020c1       0xb7 /usr/lib/gcc/arm-none-eabi/12.2.1/../../../arm-none-eabi/lib/thumb/v7e-m+fp/hard/libg_nano.a(lib_a-memset.o)
 .debug_abbrev  0x00002178      0x23c /usr/lib/gcc/arm-none-eabi/12.2.1/../../../arm-none-eabi/lib/thumb/v7e-m+fp/hard/libg_nano.a(lib_a-snprintf.o)
 .debug_abbrev  0x000023b4      0x21c /usr/lib/gcc/arm-none-eabi/12.2.1/../../../arm-none-eabi/lib/thumb/v7e-m+fp/hard/libg_nano.a(lib_a-sprintf.o)
 .debug_abbrev  0x000025d0       0x28 /usr/lib/gcc/arm-none-eabi/12.2.1/../../../arm-none-eabi/lib/thumb/v7e-m+fp/hard/libg_nano.a(lib_a-strlen.o)
 .debug_abbrev  0x000025f8      0x31e /usr/lib/gcc/arm-none-eabi/12.2.1/../../../arm-none-eabi/lib/thumb/v7e-m+fp/hard/libg_nano.a(lib_a-nano-svfprintf.o)
 .debug_abbrev  0x00002916      0x284 /usr/lib/gcc/arm-none-eabi/12.2.1/../../../arm-none-eabi/lib/thumb/v7e-m+fp/hard/libg_nano.a(lib_a-nano-vfprintf_i.o)
 .debug_abbrev  0x00002b9a       0x14 /usr/lib/gcc/arm-none-eabi/12.2.1/../../../arm-none-eabi/lib/thumb/v7e-m+fp/hard/libg_nano.a(lib_a-memchr.o)
 .debug_abbrev  0x00002bae       0x28 /usr/lib/gcc/arm-none-eabi/12.2.1/../../../arm-none-eabi/lib/thumb/v7e-m+fp/hard/libg_nano.a(lib_a-memcpy.o)
 .debug_abbrev  0x00002bd6       0xc3 /usr/lib/gcc/arm-none-eabi/12.2.1/../../../arm-none-eabi/lib/thumb/v7e-m+fp/hard/libg_nano.a(lib_a-memmove.o)
 .debug_abbrev  0x00002c99      0x249 /usr/lib/gcc/arm-none-eabi/12.2.1/../../../arm-none-eabi/lib/thumb/v7e-m+fp/hard/libg_nano.a(lib_a-nano-freer.o)
 .debug_abbrev  0x00002ee2      0x2aa /usr/lib/gcc/arm-none-eabi/12.2.1/../../../arm-none-eabi/lib/thumb/v7e-m+fp/hard/libg_nano.a(lib_a-nano-mallocr.o)
 .debug_abbrev  0x0000318c      0x1f8 /usr/lib/gcc/arm-none-eabi/12.2.1/../../../arm-none-eabi/lib/thumb/v7e-m+fp/hard/libg_nano.a(lib_a-nano-reallocr.o)
 .debug_abbrev  0x00003384      0x1da /usr/lib/gcc/arm-none-eabi/12.2.1/../../../arm-none-eabi/lib/thumb/v7e-m+fp/hard/libg_nano.a(lib_a-sbrkr.o)
 .debug_abbrev  0x0000355e      0x192 /usr/lib/gcc/arm-none-eabi/12.2.1/../../../arm-none-eabi/lib/thumb/v7e-m+fp/hard/libg_nano.a(lib_a-mlock.o)
 .debug_abbrev  0x000036f0      0x196 /usr/lib/gcc/arm-none-eabi/12.2.1/../../../arm-none-eabi/lib/thumb/v7e-m+fp/hard/libg_nano.a(lib_a-nano-msizer.o)
 .debug_abbrev  0x00003886      0x265 /usr/lib/gcc/arm-none-eabi/12.2.1/../../../arm-none-eabi/lib/thumb/v7e-m+fp/hard/libg_nano.a(lib_a-reent.o)

.debug_aranges  0x00000000      0xb20
 .debug_aranges
                0x00000000       0x58 CMakeFiles/sodiumBMS.dir/Core/Src/main.c.obj
 .debug_aranges
                0x00000058       0x68 CMakeFiles/sodiumBMS.dir/Core/Src/stm32f4xx_it.c.obj
 .debug_aranges
                0x000000c0       0x40 CMakeFiles/sodiumBMS.dir/Core/Src/stm32f4xx_hal_msp.c.obj
 .debug_aranges
                0x00000100       0x20 CMakeFiles/sodiumBMS.dir/Core/Src/sysmem.c.obj
 .debug_aranges
                0x00000120       0x28 CMakeFiles/sodiumBMS.dir/startup_stm32f446xx.s.obj
 .debug_aranges
                0x00000148       0x28 cmake/stm32cubemx/CMakeFiles/STM32_Drivers.dir/__/__/Core/Src/system_stm32f4xx.c.obj
 .debug_aranges
                0x00000170       0xe8 cmake/stm32cubemx/CMakeFiles/STM32_Drivers.dir/home/buddy/STM32Cube/Repository/STM32Cube_FW_F4_V1.28.3/Drivers/STM32F4xx_HAL_Driver/Src/stm32f4xx_hal_adc.c.obj
 .debug_aranges
                0x00000258       0x88 cmake/stm32cubemx/CMakeFiles/STM32_Drivers.dir/home/buddy/STM32Cube/Repository/STM32Cube_FW_F4_V1.28.3/Drivers/STM32F4xx_HAL_Driver/Src/stm32f4xx_hal_rcc.c.obj
 .debug_aranges
                0x000002e0       0x78 cmake/stm32cubemx/CMakeFiles/STM32_Drivers.dir/home/buddy/STM32Cube/Repository/STM32Cube_FW_F4_V1.28.3/Drivers/STM32F4xx_HAL_Driver/Src/stm32f4xx_hal_rcc_ex.c.obj
 .debug_aranges
                0x00000358       0x58 cmake/stm32cubemx/CMakeFiles/STM32_Drivers.dir/home/buddy/STM32Cube/Repository/STM32Cube_FW_F4_V1.28.3/Drivers/STM32F4xx_HAL_Driver/Src/stm32f4xx_hal_gpio.c.obj
 .debug_aranges
                0x000003b0       0x90 cmake/stm32cubemx/CMakeFiles/STM32_Drivers.dir/home/buddy/STM32Cube/Repository/STM32Cube_FW_F4_V1.28.3/Drivers/STM32F4xx_HAL_Driver/Src/stm32f4xx_hal_dma.c.obj
 .debug_aranges
                0x00000440      0x130 cmake/stm32cubemx/CMakeFiles/STM32_Drivers.dir/home/buddy/STM32Cube/Repository/STM32Cube_FW_F4_V1.28.3/Drivers/STM32F4xx_HAL_Driver/Src/stm32f4xx_hal_cortex.c.obj
 .debug_aranges
                0x00000570       0xf0 cmake/stm32cubemx/CMakeFiles/STM32_Drivers.dir/home/buddy/STM32Cube/Repository/STM32Cube_FW_F4_V1.28.3/Drivers/STM32F4xx_HAL_Driver/Src/stm32f4xx_hal.c.obj
 .debug_aranges
                0x00000660      0x208 cmake/stm32cubemx/CMakeFiles/STM32_Drivers.dir/home/buddy/STM32Cube/Repository/STM32Cube_FW_F4_V1.28.3/Drivers/STM32F4xx_HAL_Driver/Src/stm32f4xx_hal_uart.c.obj
 .debug_aranges
                0x00000868       0x20 /usr/lib/gcc/arm-none-eabi/12.2.1/thumb/v7e-m+fp/hard/libgcc.a(_aeabi_uldivmod.o)
 .debug_aranges
                0x00000888       0x20 /usr/lib/gcc/arm-none-eabi/12.2.1/thumb/v7e-m+fp/hard/libgcc.a(_udivmoddi4.o)
 .debug_aranges
                0x000008a8       0x20 /usr/lib/gcc/arm-none-eabi/12.2.1/thumb/v7e-m+fp/hard/libgcc.a(_dvmd_tls.o)
 .debug_aranges
                0x000008c8       0x20 /usr/lib/gcc/arm-none-eabi/12.2.1/../../../arm-none-eabi/lib/thumb/v7e-m+fp/hard/libg_nano.a(lib_a-errno.o)
 .debug_aranges
                0x000008e8       0x18 /usr/lib/gcc/arm-none-eabi/12.2.1/../../../arm-none-eabi/lib/thumb/v7e-m+fp/hard/libg_nano.a(lib_a-impure.o)
 .debug_aranges
                0x00000900       0x20 /usr/lib/gcc/arm-none-eabi/12.2.1/../../../arm-none-eabi/lib/thumb/v7e-m+fp/hard/libg_nano.a(lib_a-init.o)
 .debug_aranges
                0x00000920       0x20 /usr/lib/gcc/arm-none-eabi/12.2.1/../../../arm-none-eabi/lib/thumb/v7e-m+fp/hard/libg_nano.a(lib_a-memset.o)
 .debug_aranges
                0x00000940       0x20 /usr/lib/gcc/arm-none-eabi/12.2.1/../../../arm-none-eabi/lib/thumb/v7e-m+fp/hard/libg_nano.a(lib_a-snprintf.o)
 .debug_aranges
                0x00000960       0x20 /usr/lib/gcc/arm-none-eabi/12.2.1/../../../arm-none-eabi/lib/thumb/v7e-m+fp/hard/libg_nano.a(lib_a-sprintf.o)
 .debug_aranges
                0x00000980       0x20 /usr/lib/gcc/arm-none-eabi/12.2.1/../../../arm-none-eabi/lib/thumb/v7e-m+fp/hard/libg_nano.a(lib_a-strlen.o)
 .debug_aranges
                0x000009a0       0x20 /usr/lib/gcc/arm-none-eabi/12.2.1/../../../arm-none-eabi/lib/thumb/v7e-m+fp/hard/libg_nano.a(lib_a-nano-svfprintf.o)
 .debug_aranges
                0x000009c0       0x20 /usr/lib/gcc/arm-none-eabi/12.2.1/../../../arm-none-eabi/lib/thumb/v7e-m+fp/hard/libg_nano.a(lib_a-nano-vfprintf_i.o)
 .debug_aranges
                0x000009e0       0x20 /usr/lib/gcc/arm-none-eabi/12.2.1/../../../arm-none-eabi/lib/thumb/v7e-m+fp/hard/libg_nano.a(lib_a-memchr.o)
 .debug_aranges
                0x00000a00       0x20 /usr/lib/gcc/arm-none-eabi/12.2.1/../../../arm-none-eabi/lib/thumb/v7e-m+fp/hard/libg_nano.a(lib_a-memcpy.o)
 .debug_aranges
                0x00000a20       0x20 /usr/lib/gcc/arm-none-eabi/12.2.1/../../../arm-none-eabi/lib/thumb/v7e-m+fp/hard/libg_nano.a(lib_a-memmove.o)
 .debug_aranges
                0x00000a40       0x20 /usr/lib/gcc/arm-none-eabi/12.2.1/../../../arm-none-eabi/lib/thumb/v7e-m+fp/hard/libg_nano.a(lib_a-nano-freer.o)
 .debug_aranges
                0x00000a60       0x20 /usr/lib/gcc/arm-none-eabi/12.2.1/../../../arm-none-eabi/lib/thumb/v7e-m+fp/hard/libg_nano.a(lib_a-nano-mallocr.o)
 .debug_aranges
                0x00000a80       0x20 /usr/lib/gcc/arm-none-eabi/12.2.1/../../../arm-none-eabi/lib/thumb/v7e-m+fp/hard/libg_nano.a(lib_a-nano-reallocr.o)
 .debug_aranges
                0x00000aa0       0x20 /usr/lib/gcc/arm-none-eabi/12.2.1/../../../arm-none-eabi/lib/thumb/v7e-m+fp/hard/libg_nano.a(lib_a-sbrkr.o)
 .debug_aranges
                0x00000ac0       0x20 /usr/lib/gcc/arm-none-eabi/12.2.1/../../../arm-none-eabi/lib/thumb/v7e-m+fp/hard/libg_nano.a(lib_a-mlock.o)
 .debug_aranges
                0x00000ae0       0x20 /usr/lib/gcc/arm-none-eabi/12.2.1/../../../arm-none-eabi/lib/thumb/v7e-m+fp/hard/libg_nano.a(lib_a-nano-msizer.o)
 .debug_aranges
                0x00000b00       0x20 /usr/lib/gcc/arm-none-eabi/12.2.1/../../../arm-none-eabi/lib/thumb/v7e-m+fp/hard/libg_nano.a(lib_a-reent.o)

.debug_rnglists
                0x00000000      0x7d6
 .debug_rnglists
                0x00000000       0x42 CMakeFiles/sodiumBMS.dir/Core/Src/main.c.obj
 .debug_rnglists
                0x00000042       0x49 CMakeFiles/sodiumBMS.dir/Core/Src/stm32f4xx_it.c.obj
 .debug_rnglists
                0x0000008b       0x2d CMakeFiles/sodiumBMS.dir/Core/Src/stm32f4xx_hal_msp.c.obj
 .debug_rnglists
                0x000000b8       0x13 CMakeFiles/sodiumBMS.dir/Core/Src/sysmem.c.obj
 .debug_rnglists
                0x000000cb       0x19 CMakeFiles/sodiumBMS.dir/startup_stm32f446xx.s.obj
 .debug_rnglists
                0x000000e4       0x1a cmake/stm32cubemx/CMakeFiles/STM32_Drivers.dir/__/__/Core/Src/system_stm32f4xx.c.obj
 .debug_rnglists
                0x000000fe       0xb5 cmake/stm32cubemx/CMakeFiles/STM32_Drivers.dir/home/buddy/STM32Cube/Repository/STM32Cube_FW_F4_V1.28.3/Drivers/STM32F4xx_HAL_Driver/Src/stm32f4xx_hal_adc.c.obj
 .debug_rnglists
                0x000001b3       0x66 cmake/stm32cubemx/CMakeFiles/STM32_Drivers.dir/home/buddy/STM32Cube/Repository/STM32Cube_FW_F4_V1.28.3/Drivers/STM32F4xx_HAL_Driver/Src/stm32f4xx_hal_rcc.c.obj
 .debug_rnglists
                0x00000219       0x5e cmake/stm32cubemx/CMakeFiles/STM32_Drivers.dir/home/buddy/STM32Cube/Repository/STM32Cube_FW_F4_V1.28.3/Drivers/STM32F4xx_HAL_Driver/Src/stm32f4xx_hal_rcc_ex.c.obj
 .debug_rnglists
                0x00000277       0x3f cmake/stm32cubemx/CMakeFiles/STM32_Drivers.dir/home/buddy/STM32Cube/Repository/STM32Cube_FW_F4_V1.28.3/Drivers/STM32F4xx_HAL_Driver/Src/stm32f4xx_hal_gpio.c.obj
 .debug_rnglists
                0x000002b6       0x70 cmake/stm32cubemx/CMakeFiles/STM32_Drivers.dir/home/buddy/STM32Cube/Repository/STM32Cube_FW_F4_V1.28.3/Drivers/STM32F4xx_HAL_Driver/Src/stm32f4xx_hal_dma.c.obj
 .debug_rnglists
                0x00000326       0xe0 cmake/stm32cubemx/CMakeFiles/STM32_Drivers.dir/home/buddy/STM32Cube/Repository/STM32Cube_FW_F4_V1.28.3/Drivers/STM32F4xx_HAL_Driver/Src/stm32f4xx_hal_cortex.c.obj
 .debug_rnglists
                0x00000406       0xaf cmake/stm32cubemx/CMakeFiles/STM32_Drivers.dir/home/buddy/STM32Cube/Repository/STM32Cube_FW_F4_V1.28.3/Drivers/STM32F4xx_HAL_Driver/Src/stm32f4xx_hal.c.obj
 .debug_rnglists
                0x000004b5      0x1bc cmake/stm32cubemx/CMakeFiles/STM32_Drivers.dir/home/buddy/STM32Cube/Repository/STM32Cube_FW_F4_V1.28.3/Drivers/STM32F4xx_HAL_Driver/Src/stm32f4xx_hal_uart.c.obj
 .debug_rnglists
                0x00000671       0x89 /usr/lib/gcc/arm-none-eabi/12.2.1/thumb/v7e-m+fp/hard/libgcc.a(_udivmoddi4.o)
 .debug_rnglists
                0x000006fa       0x42 /usr/lib/gcc/arm-none-eabi/12.2.1/../../../arm-none-eabi/lib/thumb/v7e-m+fp/hard/libg_nano.a(lib_a-nano-svfprintf.o)
 .debug_rnglists
                0x0000073c       0x61 /usr/lib/gcc/arm-none-eabi/12.2.1/../../../arm-none-eabi/lib/thumb/v7e-m+fp/hard/libg_nano.a(lib_a-nano-vfprintf_i.o)
 .debug_rnglists
                0x0000079d       0x13 /usr/lib/gcc/arm-none-eabi/12.2.1/../../../arm-none-eabi/lib/thumb/v7e-m+fp/hard/libg_nano.a(lib_a-nano-freer.o)
 .debug_rnglists
                0x000007b0       0x26 /usr/lib/gcc/arm-none-eabi/12.2.1/../../../arm-none-eabi/lib/thumb/v7e-m+fp/hard/libg_nano.a(lib_a-nano-mallocr.o)

.debug_macro    0x00000000    0x224cb
 .debug_macro   0x00000000      0x353 CMakeFiles/sodiumBMS.dir/Core/Src/main.c.obj
 .debug_macro   0x00000353      0xab4 CMakeFiles/sodiumBMS.dir/Core/Src/main.c.obj
 .debug_macro   0x00000e07      0x29b CMakeFiles/sodiumBMS.dir/Core/Src/main.c.obj
 .debug_macro   0x000010a2       0x2e CMakeFiles/sodiumBMS.dir/Core/Src/main.c.obj
 .debug_macro   0x000010d0       0x28 CMakeFiles/sodiumBMS.dir/Core/Src/main.c.obj
 .debug_macro   0x000010f8      0x34e CMakeFiles/sodiumBMS.dir/Core/Src/main.c.obj
 .debug_macro   0x00001446       0x1c CMakeFiles/sodiumBMS.dir/Core/Src/main.c.obj
 .debug_macro   0x00001462       0x22 CMakeFiles/sodiumBMS.dir/Core/Src/main.c.obj
 .debug_macro   0x00001484       0xfb CMakeFiles/sodiumBMS.dir/Core/Src/main.c.obj
 .debug_macro   0x0000157f     0x1011 CMakeFiles/sodiumBMS.dir/Core/Src/main.c.obj
 .debug_macro   0x00002590      0x11f CMakeFiles/sodiumBMS.dir/Core/Src/main.c.obj
 .debug_macro   0x000026af    0x1675e CMakeFiles/sodiumBMS.dir/Core/Src/main.c.obj
 .debug_macro   0x00018e0d       0x6d CMakeFiles/sodiumBMS.dir/Core/Src/main.c.obj
 .debug_macro   0x00018e7a     0x3693 CMakeFiles/sodiumBMS.dir/Core/Src/main.c.obj
 .debug_macro   0x0001c50d      0x189 CMakeFiles/sodiumBMS.dir/Core/Src/main.c.obj
 .debug_macro   0x0001c696       0x5c CMakeFiles/sodiumBMS.dir/Core/Src/main.c.obj
 .debug_macro   0x0001c6f2      0xca5 CMakeFiles/sodiumBMS.dir/Core/Src/main.c.obj
 .debug_macro   0x0001d397      0x9e9 CMakeFiles/sodiumBMS.dir/Core/Src/main.c.obj
 .debug_macro   0x0001dd80      0x115 CMakeFiles/sodiumBMS.dir/Core/Src/main.c.obj
 .debug_macro   0x0001de95      0x1a0 CMakeFiles/sodiumBMS.dir/Core/Src/main.c.obj
 .debug_macro   0x0001e035       0xa5 CMakeFiles/sodiumBMS.dir/Core/Src/main.c.obj
 .debug_macro   0x0001e0da      0x16d CMakeFiles/sodiumBMS.dir/Core/Src/main.c.obj
 .debug_macro   0x0001e247      0x287 CMakeFiles/sodiumBMS.dir/Core/Src/main.c.obj
 .debug_macro   0x0001e4ce       0x5f CMakeFiles/sodiumBMS.dir/Core/Src/main.c.obj
 .debug_macro   0x0001e52d      0x236 CMakeFiles/sodiumBMS.dir/Core/Src/main.c.obj
 .debug_macro   0x0001e763      0xb5b CMakeFiles/sodiumBMS.dir/Core/Src/main.c.obj
 .debug_macro   0x0001f2be      0x38b CMakeFiles/sodiumBMS.dir/Core/Src/main.c.obj
 .debug_macro   0x0001f649      0x17d CMakeFiles/sodiumBMS.dir/Core/Src/main.c.obj
 .debug_macro   0x0001f7c6       0xf9 CMakeFiles/sodiumBMS.dir/Core/Src/main.c.obj
 .debug_macro   0x0001f8bf      0x132 CMakeFiles/sodiumBMS.dir/Core/Src/main.c.obj
 .debug_macro   0x0001f9f1      0x29c CMakeFiles/sodiumBMS.dir/Core/Src/main.c.obj
 .debug_macro   0x0001fc8d       0x2e CMakeFiles/sodiumBMS.dir/Core/Src/main.c.obj
 .debug_macro   0x0001fcbb      0x127 CMakeFiles/sodiumBMS.dir/Core/Src/main.c.obj
 .debug_macro   0x0001fde2       0xe8 CMakeFiles/sodiumBMS.dir/Core/Src/main.c.obj
 .debug_macro   0x0001feca       0x89 CMakeFiles/sodiumBMS.dir/Core/Src/main.c.obj
 .debug_macro   0x0001ff53      0x2aa CMakeFiles/sodiumBMS.dir/Core/Src/main.c.obj
 .debug_macro   0x000201fd      0x126 CMakeFiles/sodiumBMS.dir/Core/Src/main.c.obj
 .debug_macro   0x00020323       0x40 CMakeFiles/sodiumBMS.dir/Core/Src/main.c.obj
 .debug_macro   0x00020363       0x22 CMakeFiles/sodiumBMS.dir/Core/Src/main.c.obj
 .debug_macro   0x00020385       0x52 CMakeFiles/sodiumBMS.dir/Core/Src/main.c.obj
 .debug_macro   0x000203d7       0x18 CMakeFiles/sodiumBMS.dir/Core/Src/main.c.obj
 .debug_macro   0x000203ef       0x94 CMakeFiles/sodiumBMS.dir/Core/Src/main.c.obj
 .debug_macro   0x00020483       0x35 CMakeFiles/sodiumBMS.dir/Core/Src/main.c.obj
 .debug_macro   0x000204b8       0x34 CMakeFiles/sodiumBMS.dir/Core/Src/main.c.obj
 .debug_macro   0x000204ec       0x16 CMakeFiles/sodiumBMS.dir/Core/Src/main.c.obj
 .debug_macro   0x00020502       0x57 CMakeFiles/sodiumBMS.dir/Core/Src/main.c.obj
 .debug_macro   0x00020559       0x35 CMakeFiles/sodiumBMS.dir/Core/Src/main.c.obj
 .debug_macro   0x0002058e      0x333 CMakeFiles/sodiumBMS.dir/Core/Src/main.c.obj
 .debug_macro   0x000208c1       0x10 CMakeFiles/sodiumBMS.dir/Core/Src/main.c.obj
 .debug_macro   0x000208d1       0x16 CMakeFiles/sodiumBMS.dir/Core/Src/main.c.obj
 .debug_macro   0x000208e7       0x43 CMakeFiles/sodiumBMS.dir/Core/Src/main.c.obj
 .debug_macro   0x0002092a       0x34 CMakeFiles/sodiumBMS.dir/Core/Src/main.c.obj
 .debug_macro   0x0002095e       0x10 CMakeFiles/sodiumBMS.dir/Core/Src/main.c.obj
 .debug_macro   0x0002096e       0x52 CMakeFiles/sodiumBMS.dir/Core/Src/main.c.obj
 .debug_macro   0x000209c0      0x182 CMakeFiles/sodiumBMS.dir/Core/Src/main.c.obj
 .debug_macro   0x00020b42       0x10 CMakeFiles/sodiumBMS.dir/Core/Src/main.c.obj
 .debug_macro   0x00020b52       0x6a CMakeFiles/sodiumBMS.dir/Core/Src/main.c.obj
 .debug_macro   0x00020bbc       0x1c CMakeFiles/sodiumBMS.dir/Core/Src/main.c.obj
 .debug_macro   0x00020bd8       0x52 CMakeFiles/sodiumBMS.dir/Core/Src/main.c.obj
 .debug_macro   0x00020c2a       0x22 CMakeFiles/sodiumBMS.dir/Core/Src/main.c.obj
 .debug_macro   0x00020c4c       0x10 CMakeFiles/sodiumBMS.dir/Core/Src/main.c.obj
 .debug_macro   0x00020c5c       0x40 CMakeFiles/sodiumBMS.dir/Core/Src/main.c.obj
 .debug_macro   0x00020c9c       0xd5 CMakeFiles/sodiumBMS.dir/Core/Src/main.c.obj
 .debug_macro   0x00020d71       0x1c CMakeFiles/sodiumBMS.dir/Core/Src/main.c.obj
 .debug_macro   0x00020d8d       0x3d CMakeFiles/sodiumBMS.dir/Core/Src/main.c.obj
 .debug_macro   0x00020dca       0x16 CMakeFiles/sodiumBMS.dir/Core/Src/main.c.obj
 .debug_macro   0x00020de0      0x16f CMakeFiles/sodiumBMS.dir/Core/Src/main.c.obj
 .debug_macro   0x00020f4f       0x16 CMakeFiles/sodiumBMS.dir/Core/Src/main.c.obj
 .debug_macro   0x00020f65      0x1b2 CMakeFiles/sodiumBMS.dir/Core/Src/stm32f4xx_it.c.obj
 .debug_macro   0x00021117      0x1a8 CMakeFiles/sodiumBMS.dir/Core/Src/stm32f4xx_hal_msp.c.obj
 .debug_macro   0x000212bf       0xce CMakeFiles/sodiumBMS.dir/Core/Src/sysmem.c.obj
 .debug_macro   0x0002138d       0x10 CMakeFiles/sodiumBMS.dir/Core/Src/sysmem.c.obj
 .debug_macro   0x0002139d      0x23b CMakeFiles/sodiumBMS.dir/Core/Src/sysmem.c.obj
 .debug_macro   0x000215d8      0x199 cmake/stm32cubemx/CMakeFiles/STM32_Drivers.dir/__/__/Core/Src/system_stm32f4xx.c.obj
 .debug_macro   0x00021771      0x19a cmake/stm32cubemx/CMakeFiles/STM32_Drivers.dir/home/buddy/STM32Cube/Repository/STM32Cube_FW_F4_V1.28.3/Drivers/STM32F4xx_HAL_Driver/Src/stm32f4xx_hal_adc.c.obj
 .debug_macro   0x0002190b      0x1bd cmake/stm32cubemx/CMakeFiles/STM32_Drivers.dir/home/buddy/STM32Cube/Repository/STM32Cube_FW_F4_V1.28.3/Drivers/STM32F4xx_HAL_Driver/Src/stm32f4xx_hal_rcc.c.obj
 .debug_macro   0x00021ac8      0x199 cmake/stm32cubemx/CMakeFiles/STM32_Drivers.dir/home/buddy/STM32Cube/Repository/STM32Cube_FW_F4_V1.28.3/Drivers/STM32F4xx_HAL_Driver/Src/stm32f4xx_hal_rcc_ex.c.obj
 .debug_macro   0x00021c61      0x19f cmake/stm32cubemx/CMakeFiles/STM32_Drivers.dir/home/buddy/STM32Cube/Repository/STM32Cube_FW_F4_V1.28.3/Drivers/STM32F4xx_HAL_Driver/Src/stm32f4xx_hal_gpio.c.obj
 .debug_macro   0x00021e00      0x19f cmake/stm32cubemx/CMakeFiles/STM32_Drivers.dir/home/buddy/STM32Cube/Repository/STM32Cube_FW_F4_V1.28.3/Drivers/STM32F4xx_HAL_Driver/Src/stm32f4xx_hal_dma.c.obj
 .debug_macro   0x00021f9f      0x199 cmake/stm32cubemx/CMakeFiles/STM32_Drivers.dir/home/buddy/STM32Cube/Repository/STM32Cube_FW_F4_V1.28.3/Drivers/STM32F4xx_HAL_Driver/Src/stm32f4xx_hal_cortex.c.obj
 .debug_macro   0x00022138      0x1f9 cmake/stm32cubemx/CMakeFiles/STM32_Drivers.dir/home/buddy/STM32Cube/Repository/STM32Cube_FW_F4_V1.28.3/Drivers/STM32F4xx_HAL_Driver/Src/stm32f4xx_hal.c.obj
 .debug_macro   0x00022331      0x19a cmake/stm32cubemx/CMakeFiles/STM32_Drivers.dir/home/buddy/STM32Cube/Repository/STM32Cube_FW_F4_V1.28.3/Drivers/STM32F4xx_HAL_Driver/Src/stm32f4xx_hal_uart.c.obj

.debug_line     0x00000000     0xccc4
 .debug_line    0x00000000      0x8f6 CMakeFiles/sodiumBMS.dir/Core/Src/main.c.obj
 .debug_line    0x000008f6      0x5d4 CMakeFiles/sodiumBMS.dir/Core/Src/stm32f4xx_it.c.obj
 .debug_line    0x00000eca      0x5df CMakeFiles/sodiumBMS.dir/Core/Src/stm32f4xx_hal_msp.c.obj
 .debug_line    0x000014a9      0x1c2 CMakeFiles/sodiumBMS.dir/Core/Src/sysmem.c.obj
 .debug_line    0x0000166b       0x7a CMakeFiles/sodiumBMS.dir/startup_stm32f446xx.s.obj
 .debug_line    0x000016e5      0x56f cmake/stm32cubemx/CMakeFiles/STM32_Drivers.dir/__/__/Core/Src/system_stm32f4xx.c.obj
 .debug_line    0x00001c54     0x1099 cmake/stm32cubemx/CMakeFiles/STM32_Drivers.dir/home/buddy/STM32Cube/Repository/STM32Cube_FW_F4_V1.28.3/Drivers/STM32F4xx_HAL_Driver/Src/stm32f4xx_hal_adc.c.obj
 .debug_line    0x00002ced      0xb97 cmake/stm32cubemx/CMakeFiles/STM32_Drivers.dir/home/buddy/STM32Cube/Repository/STM32Cube_FW_F4_V1.28.3/Drivers/STM32F4xx_HAL_Driver/Src/stm32f4xx_hal_rcc.c.obj
 .debug_line    0x00003884     0x1206 cmake/stm32cubemx/CMakeFiles/STM32_Drivers.dir/home/buddy/STM32Cube/Repository/STM32Cube_FW_F4_V1.28.3/Drivers/STM32F4xx_HAL_Driver/Src/stm32f4xx_hal_rcc_ex.c.obj
 .debug_line    0x00004a8a      0x97a cmake/stm32cubemx/CMakeFiles/STM32_Drivers.dir/home/buddy/STM32Cube/Repository/STM32Cube_FW_F4_V1.28.3/Drivers/STM32F4xx_HAL_Driver/Src/stm32f4xx_hal_gpio.c.obj
 .debug_line    0x00005404      0xd72 cmake/stm32cubemx/CMakeFiles/STM32_Drivers.dir/home/buddy/STM32Cube/Repository/STM32Cube_FW_F4_V1.28.3/Drivers/STM32F4xx_HAL_Driver/Src/stm32f4xx_hal_dma.c.obj
 .debug_line    0x00006176      0xaf4 cmake/stm32cubemx/CMakeFiles/STM32_Drivers.dir/home/buddy/STM32Cube/Repository/STM32Cube_FW_F4_V1.28.3/Drivers/STM32F4xx_HAL_Driver/Src/stm32f4xx_hal_cortex.c.obj
 .debug_line    0x00006c6a      0x802 cmake/stm32cubemx/CMakeFiles/STM32_Drivers.dir/home/buddy/STM32Cube/Repository/STM32Cube_FW_F4_V1.28.3/Drivers/STM32F4xx_HAL_Driver/Src/stm32f4xx_hal.c.obj
 .debug_line    0x0000746c     0x2705 cmake/stm32cubemx/CMakeFiles/STM32_Drivers.dir/home/buddy/STM32Cube/Repository/STM32Cube_FW_F4_V1.28.3/Drivers/STM32F4xx_HAL_Driver/Src/stm32f4xx_hal_uart.c.obj
 .debug_line    0x00009b71       0x4e /usr/lib/gcc/arm-none-eabi/12.2.1/thumb/v7e-m+fp/hard/libgcc.a(_aeabi_uldivmod.o)
 .debug_line    0x00009bbf      0x576 /usr/lib/gcc/arm-none-eabi/12.2.1/thumb/v7e-m+fp/hard/libgcc.a(_udivmoddi4.o)
 .debug_line    0x0000a135       0x4a /usr/lib/gcc/arm-none-eabi/12.2.1/thumb/v7e-m+fp/hard/libgcc.a(_dvmd_tls.o)
 .debug_line    0x0000a17f      0x103 /usr/lib/gcc/arm-none-eabi/12.2.1/../../../arm-none-eabi/lib/thumb/v7e-m+fp/hard/libg_nano.a(lib_a-errno.o)
 .debug_line    0x0000a282       0xde /usr/lib/gcc/arm-none-eabi/12.2.1/../../../arm-none-eabi/lib/thumb/v7e-m+fp/hard/libg_nano.a(lib_a-impure.o)
 .debug_line    0x0000a360      0x12c /usr/lib/gcc/arm-none-eabi/12.2.1/../../../arm-none-eabi/lib/thumb/v7e-m+fp/hard/libg_nano.a(lib_a-init.o)
 .debug_line    0x0000a48c      0x1b0 /usr/lib/gcc/arm-none-eabi/12.2.1/../../../arm-none-eabi/lib/thumb/v7e-m+fp/hard/libg_nano.a(lib_a-memset.o)
 .debug_line    0x0000a63c      0x37e /usr/lib/gcc/arm-none-eabi/12.2.1/../../../arm-none-eabi/lib/thumb/v7e-m+fp/hard/libg_nano.a(lib_a-snprintf.o)
 .debug_line    0x0000a9ba      0x206 /usr/lib/gcc/arm-none-eabi/12.2.1/../../../arm-none-eabi/lib/thumb/v7e-m+fp/hard/libg_nano.a(lib_a-sprintf.o)
 .debug_line    0x0000abc0       0x87 /usr/lib/gcc/arm-none-eabi/12.2.1/../../../arm-none-eabi/lib/thumb/v7e-m+fp/hard/libg_nano.a(lib_a-strlen.o)
 .debug_line    0x0000ac47      0x833 /usr/lib/gcc/arm-none-eabi/12.2.1/../../../arm-none-eabi/lib/thumb/v7e-m+fp/hard/libg_nano.a(lib_a-nano-svfprintf.o)
 .debug_line    0x0000b47a      0x744 /usr/lib/gcc/arm-none-eabi/12.2.1/../../../arm-none-eabi/lib/thumb/v7e-m+fp/hard/libg_nano.a(lib_a-nano-vfprintf_i.o)
 .debug_line    0x0000bbbe       0x82 /usr/lib/gcc/arm-none-eabi/12.2.1/../../../arm-none-eabi/lib/thumb/v7e-m+fp/hard/libg_nano.a(lib_a-memchr.o)
 .debug_line    0x0000bc40       0xb9 /usr/lib/gcc/arm-none-eabi/12.2.1/../../../arm-none-eabi/lib/thumb/v7e-m+fp/hard/libg_nano.a(lib_a-memcpy.o)
 .debug_line    0x0000bcf9      0x1ea /usr/lib/gcc/arm-none-eabi/12.2.1/../../../arm-none-eabi/lib/thumb/v7e-m+fp/hard/libg_nano.a(lib_a-memmove.o)
 .debug_line    0x0000bee3      0x2a6 /usr/lib/gcc/arm-none-eabi/12.2.1/../../../arm-none-eabi/lib/thumb/v7e-m+fp/hard/libg_nano.a(lib_a-nano-freer.o)
 .debug_line    0x0000c189      0x2cd /usr/lib/gcc/arm-none-eabi/12.2.1/../../../arm-none-eabi/lib/thumb/v7e-m+fp/hard/libg_nano.a(lib_a-nano-mallocr.o)
 .debug_line    0x0000c456      0x1b4 /usr/lib/gcc/arm-none-eabi/12.2.1/../../../arm-none-eabi/lib/thumb/v7e-m+fp/hard/libg_nano.a(lib_a-nano-reallocr.o)
 .debug_line    0x0000c60a      0x177 /usr/lib/gcc/arm-none-eabi/12.2.1/../../../arm-none-eabi/lib/thumb/v7e-m+fp/hard/libg_nano.a(lib_a-sbrkr.o)
 .debug_line    0x0000c781      0x13b /usr/lib/gcc/arm-none-eabi/12.2.1/../../../arm-none-eabi/lib/thumb/v7e-m+fp/hard/libg_nano.a(lib_a-mlock.o)
 .debug_line    0x0000c8bc      0x154 /usr/lib/gcc/arm-none-eabi/12.2.1/../../../arm-none-eabi/lib/thumb/v7e-m+fp/hard/libg_nano.a(lib_a-nano-msizer.o)
 .debug_line    0x0000ca10      0x2b4 /usr/lib/gcc/arm-none-eabi/12.2.1/../../../arm-none-eabi/lib/thumb/v7e-m+fp/hard/libg_nano.a(lib_a-reent.o)

.debug_str      0x00000000    0xd6889
 .debug_str     0x00000000    0xd2e5d CMakeFiles/sodiumBMS.dir/Core/Src/main.c.obj
                              0xd320f (size before relaxing)
 .debug_str     0x000d2e5d      0x10f CMakeFiles/sodiumBMS.dir/Core/Src/stm32f4xx_it.c.obj
                              0xce9ff (size before relaxing)
 .debug_str     0x000d2f6c       0xc4 CMakeFiles/sodiumBMS.dir/Core/Src/stm32f4xx_hal_msp.c.obj
                              0xcef2c (size before relaxing)
 .debug_str     0x000d3030      0x4f5 CMakeFiles/sodiumBMS.dir/Core/Src/sysmem.c.obj
                               0x5676 (size before relaxing)
 .debug_str     0x000d3525       0x4e CMakeFiles/sodiumBMS.dir/startup_stm32f446xx.s.obj
                                 0x72 (size before relaxing)
 .debug_str     0x000d3573      0x12c cmake/stm32cubemx/CMakeFiles/STM32_Drivers.dir/__/__/Core/Src/system_stm32f4xx.c.obj
                              0xce7e3 (size before relaxing)
 .debug_str     0x000d369f      0x300 cmake/stm32cubemx/CMakeFiles/STM32_Drivers.dir/home/buddy/STM32Cube/Repository/STM32Cube_FW_F4_V1.28.3/Drivers/STM32F4xx_HAL_Driver/Src/stm32f4xx_hal_adc.c.obj
                              0xcedbb (size before relaxing)
 .debug_str     0x000d399f      0x2a2 cmake/stm32cubemx/CMakeFiles/STM32_Drivers.dir/home/buddy/STM32Cube/Repository/STM32Cube_FW_F4_V1.28.3/Drivers/STM32F4xx_HAL_Driver/Src/stm32f4xx_hal_rcc.c.obj
                              0xcec21 (size before relaxing)
 .debug_str     0x000d3c41      0x35a cmake/stm32cubemx/CMakeFiles/STM32_Drivers.dir/home/buddy/STM32Cube/Repository/STM32Cube_FW_F4_V1.28.3/Drivers/STM32F4xx_HAL_Driver/Src/stm32f4xx_hal_rcc_ex.c.obj
                              0xcec5f (size before relaxing)
 .debug_str     0x000d3f9b      0x157 cmake/stm32cubemx/CMakeFiles/STM32_Drivers.dir/home/buddy/STM32Cube/Repository/STM32Cube_FW_F4_V1.28.3/Drivers/STM32F4xx_HAL_Driver/Src/stm32f4xx_hal_gpio.c.obj
                              0xce96e (size before relaxing)
 .debug_str     0x000d40f2      0x305 cmake/stm32cubemx/CMakeFiles/STM32_Drivers.dir/home/buddy/STM32Cube/Repository/STM32Cube_FW_F4_V1.28.3/Drivers/STM32F4xx_HAL_Driver/Src/stm32f4xx_hal_dma.c.obj
                              0xcebf3 (size before relaxing)
 .debug_str     0x000d43f7      0x3f3 cmake/stm32cubemx/CMakeFiles/STM32_Drivers.dir/home/buddy/STM32Cube/Repository/STM32Cube_FW_F4_V1.28.3/Drivers/STM32F4xx_HAL_Driver/Src/stm32f4xx_hal_cortex.c.obj
                              0xcf110 (size before relaxing)
 .debug_str     0x000d47ea      0x5aa cmake/stm32cubemx/CMakeFiles/STM32_Drivers.dir/home/buddy/STM32Cube/Repository/STM32Cube_FW_F4_V1.28.3/Drivers/STM32F4xx_HAL_Driver/Src/stm32f4xx_hal.c.obj
                              0xcf3cd (size before relaxing)
 .debug_str     0x000d4d94      0x635 cmake/stm32cubemx/CMakeFiles/STM32_Drivers.dir/home/buddy/STM32Cube/Repository/STM32Cube_FW_F4_V1.28.3/Drivers/STM32F4xx_HAL_Driver/Src/stm32f4xx_hal_uart.c.obj
                              0xcf1d8 (size before relaxing)
 .debug_str     0x000d53c9       0xa3 /usr/lib/gcc/arm-none-eabi/12.2.1/thumb/v7e-m+fp/hard/libgcc.a(_aeabi_uldivmod.o)
 .debug_str     0x000d546c      0x576 /usr/lib/gcc/arm-none-eabi/12.2.1/thumb/v7e-m+fp/hard/libgcc.a(_udivmoddi4.o)
                                0x676 (size before relaxing)
 .debug_str     0x000d59e2       0x4c /usr/lib/gcc/arm-none-eabi/12.2.1/thumb/v7e-m+fp/hard/libgcc.a(_dvmd_tls.o)
                                 0xc3 (size before relaxing)
 .debug_str     0x000d5a2e      0x3f0 /usr/lib/gcc/arm-none-eabi/12.2.1/../../../arm-none-eabi/lib/thumb/v7e-m+fp/hard/libg_nano.a(lib_a-errno.o)
                                0x4f7 (size before relaxing)
 .debug_str     0x000d5e1e       0xd9 /usr/lib/gcc/arm-none-eabi/12.2.1/../../../arm-none-eabi/lib/thumb/v7e-m+fp/hard/libg_nano.a(lib_a-impure.o)
                                0x54e (size before relaxing)
 .debug_str     0x000d5ef7       0xf0 /usr/lib/gcc/arm-none-eabi/12.2.1/../../../arm-none-eabi/lib/thumb/v7e-m+fp/hard/libg_nano.a(lib_a-init.o)
                                0x1fb (size before relaxing)
 .debug_str     0x000d5fe7       0xa4 /usr/lib/gcc/arm-none-eabi/12.2.1/../../../arm-none-eabi/lib/thumb/v7e-m+fp/hard/libg_nano.a(lib_a-memset.o)
                                0x1b0 (size before relaxing)
 .debug_str     0x000d608b       0xae /usr/lib/gcc/arm-none-eabi/12.2.1/../../../arm-none-eabi/lib/thumb/v7e-m+fp/hard/libg_nano.a(lib_a-snprintf.o)
                                0x54b (size before relaxing)
 .debug_str     0x000d6139       0x3f /usr/lib/gcc/arm-none-eabi/12.2.1/../../../arm-none-eabi/lib/thumb/v7e-m+fp/hard/libg_nano.a(lib_a-sprintf.o)
                                0x53c (size before relaxing)
 .debug_str     0x000d6178       0xa3 /usr/lib/gcc/arm-none-eabi/12.2.1/../../../arm-none-eabi/lib/thumb/v7e-m+fp/hard/libg_nano.a(lib_a-strlen.o)
                                 0xb6 (size before relaxing)
 .debug_str     0x000d621b      0x298 /usr/lib/gcc/arm-none-eabi/12.2.1/../../../arm-none-eabi/lib/thumb/v7e-m+fp/hard/libg_nano.a(lib_a-nano-svfprintf.o)
                                0x845 (size before relaxing)
 .debug_str     0x000d64b3       0x8d /usr/lib/gcc/arm-none-eabi/12.2.1/../../../arm-none-eabi/lib/thumb/v7e-m+fp/hard/libg_nano.a(lib_a-nano-vfprintf_i.o)
                                0x7dc (size before relaxing)
 .debug_str     0x000d6540       0x3c /usr/lib/gcc/arm-none-eabi/12.2.1/../../../arm-none-eabi/lib/thumb/v7e-m+fp/hard/libg_nano.a(lib_a-memchr.o)
                                 0xa9 (size before relaxing)
 .debug_str     0x000d657c       0x43 /usr/lib/gcc/arm-none-eabi/12.2.1/../../../arm-none-eabi/lib/thumb/v7e-m+fp/hard/libg_nano.a(lib_a-memcpy.o)
                                 0xb7 (size before relaxing)
 .debug_str     0x000d65bf       0x66 /usr/lib/gcc/arm-none-eabi/12.2.1/../../../arm-none-eabi/lib/thumb/v7e-m+fp/hard/libg_nano.a(lib_a-memmove.o)
                                0x1cf (size before relaxing)
 .debug_str     0x000d6625      0x110 /usr/lib/gcc/arm-none-eabi/12.2.1/../../../arm-none-eabi/lib/thumb/v7e-m+fp/hard/libg_nano.a(lib_a-nano-freer.o)
                                0x585 (size before relaxing)
 .debug_str     0x000d6735       0x46 /usr/lib/gcc/arm-none-eabi/12.2.1/../../../arm-none-eabi/lib/thumb/v7e-m+fp/hard/libg_nano.a(lib_a-nano-mallocr.o)
                                0x5ba (size before relaxing)
 .debug_str     0x000d677b       0x23 /usr/lib/gcc/arm-none-eabi/12.2.1/../../../arm-none-eabi/lib/thumb/v7e-m+fp/hard/libg_nano.a(lib_a-nano-reallocr.o)
                                0x56f (size before relaxing)
 .debug_str     0x000d679e       0x32 /usr/lib/gcc/arm-none-eabi/12.2.1/../../../arm-none-eabi/lib/thumb/v7e-m+fp/hard/libg_nano.a(lib_a-sbrkr.o)
                                0x506 (size before relaxing)
 .debug_str     0x000d67d0       0x4c /usr/lib/gcc/arm-none-eabi/12.2.1/../../../arm-none-eabi/lib/thumb/v7e-m+fp/hard/libg_nano.a(lib_a-mlock.o)
                                0x51c (size before relaxing)