/home/buddy/sources/sodiumBMS/Core/Src/main.c:82:5:main	96	static
/home/buddy/sources/sodiumBMS/Core/Src/main.c:166:6:SystemClock_Config	88	static
/home/buddy/sources/sodiumBMS/Core/Src/main.c:208:13:MX_ADC1_Init	24	static
/home/buddy/sources/sodiumBMS/Core/Src/main.c:278:13:MX_ADC2_Init	24	static
/home/buddy/sources/sodiumBMS/Core/Src/main.c:330:13:MX_USART2_UART_Init	8	static
/home/buddy/sources/sodiumBMS/Core/Src/main.c:361:13:MX_DMA_Init	16	static
/home/buddy/sources/sodiumBMS/Core/Src/main.c:379:13:MX_GPIO_Init	40	static
/home/buddy/sources/sodiumBMS/Core/Src/main.c:451:6:Error_Handler	4	static
