/home/buddy/sources/sodiumBMS/Core/Src/main.c:82:5:main	88	static
/home/buddy/sources/sodiumBMS/Core/Src/main.c:152:6:SystemClock_Config	88	static
/home/buddy/sources/sodiumBMS/Core/Src/main.c:194:13:MX_ADC1_Init	24	static
/home/buddy/sources/sodiumBMS/Core/Src/main.c:264:13:MX_ADC2_Init	24	static
/home/buddy/sources/sodiumBMS/Core/Src/main.c:316:13:MX_USART2_UART_Init	8	static
/home/buddy/sources/sodiumBMS/Core/Src/main.c:347:13:MX_DMA_Init	16	static
/home/buddy/sources/sodiumBMS/Core/Src/main.c:365:13:MX_GPIO_Init	40	static
/home/buddy/sources/sodiumBMS/Core/Src/main.c:427:6:Error_Handler	4	static
